###############################################################################
#
# IAR ELF Linker V8.30.1.114/W32 for ARM                  17/Nov/2018  13:17:14
# Copyright 2007-2018 IAR Systems AB.
#
#    Output file  =  
#        F:\other\bld\STM32H7\project\ceshi_one\first_one\EWARM\first_one\Exe\first_one.out
#    Map file     =  
#        F:\other\bld\STM32H7\project\ceshi_one\first_one\EWARM\first_one\List\first_one.map
#    Command line =  
#        -f C:\Users\zjn\AppData\Local\Temp\EWBD38.tmp
#        (F:\other\bld\STM32H7\project\ceshi_one\first_one\EWARM\first_one\Obj\adc.o
#        F:\other\bld\STM32H7\project\ceshi_one\first_one\EWARM\first_one\Obj\aes.o
#        F:\other\bld\STM32H7\project\ceshi_one\first_one\EWARM\first_one\Obj\aesni.o
#        F:\other\bld\STM32H7\project\ceshi_one\first_one\EWARM\first_one\Obj\api_lib.o
#        F:\other\bld\STM32H7\project\ceshi_one\first_one\EWARM\first_one\Obj\api_msg.o
#        F:\other\bld\STM32H7\project\ceshi_one\first_one\EWARM\first_one\Obj\arc4.o
#        F:\other\bld\STM32H7\project\ceshi_one\first_one\EWARM\first_one\Obj\asn1parse.o
#        F:\other\bld\STM32H7\project\ceshi_one\first_one\EWARM\first_one\Obj\asn1write.o
#        F:\other\bld\STM32H7\project\ceshi_one\first_one\EWARM\first_one\Obj\auth.o
#        F:\other\bld\STM32H7\project\ceshi_one\first_one\EWARM\first_one\Obj\autoip.o
#        F:\other\bld\STM32H7\project\ceshi_one\first_one\EWARM\first_one\Obj\base64.o
#        F:\other\bld\STM32H7\project\ceshi_one\first_one\EWARM\first_one\Obj\bignum.o
#        F:\other\bld\STM32H7\project\ceshi_one\first_one\EWARM\first_one\Obj\blowfish.o
#        F:\other\bld\STM32H7\project\ceshi_one\first_one\EWARM\first_one\Obj\bsp_driver_sd.o
#        F:\other\bld\STM32H7\project\ceshi_one\first_one\EWARM\first_one\Obj\bsp_driver_sdram.o
#        F:\other\bld\STM32H7\project\ceshi_one\first_one\EWARM\first_one\Obj\bsp_driver_sram.o
#        F:\other\bld\STM32H7\project\ceshi_one\first_one\EWARM\first_one\Obj\camellia.o
#        F:\other\bld\STM32H7\project\ceshi_one\first_one\EWARM\first_one\Obj\cc936.o
#        F:\other\bld\STM32H7\project\ceshi_one\first_one\EWARM\first_one\Obj\ccm.o
#        F:\other\bld\STM32H7\project\ceshi_one\first_one\EWARM\first_one\Obj\ccp.o
#        F:\other\bld\STM32H7\project\ceshi_one\first_one\EWARM\first_one\Obj\certs.o
#        F:\other\bld\STM32H7\project\ceshi_one\first_one\EWARM\first_one\Obj\chap-md5.o
#        F:\other\bld\STM32H7\project\ceshi_one\first_one\EWARM\first_one\Obj\chap-new.o
#        F:\other\bld\STM32H7\project\ceshi_one\first_one\EWARM\first_one\Obj\chap_ms.o
#        F:\other\bld\STM32H7\project\ceshi_one\first_one\EWARM\first_one\Obj\cipher.o
#        F:\other\bld\STM32H7\project\ceshi_one\first_one\EWARM\first_one\Obj\cipher_wrap.o
#        F:\other\bld\STM32H7\project\ceshi_one\first_one\EWARM\first_one\Obj\cmac.o
#        F:\other\bld\STM32H7\project\ceshi_one\first_one\EWARM\first_one\Obj\cmsis_os.o
#        F:\other\bld\STM32H7\project\ceshi_one\first_one\EWARM\first_one\Obj\crc.o
#        F:\other\bld\STM32H7\project\ceshi_one\first_one\EWARM\first_one\Obj\croutine.o
#        F:\other\bld\STM32H7\project\ceshi_one\first_one\EWARM\first_one\Obj\cryp.o
#        F:\other\bld\STM32H7\project\ceshi_one\first_one\EWARM\first_one\Obj\ctr_drbg.o
#        F:\other\bld\STM32H7\project\ceshi_one\first_one\EWARM\first_one\Obj\dac.o
#        F:\other\bld\STM32H7\project\ceshi_one\first_one\EWARM\first_one\Obj\debug.o
#        F:\other\bld\STM32H7\project\ceshi_one\first_one\EWARM\first_one\Obj\def.o
#        F:\other\bld\STM32H7\project\ceshi_one\first_one\EWARM\first_one\Obj\demand.o
#        F:\other\bld\STM32H7\project\ceshi_one\first_one\EWARM\first_one\Obj\des.o
#        F:\other\bld\STM32H7\project\ceshi_one\first_one\EWARM\first_one\Obj\dhcp.o
#        F:\other\bld\STM32H7\project\ceshi_one\first_one\EWARM\first_one\Obj\dhcp6.o
#        F:\other\bld\STM32H7\project\ceshi_one\first_one\EWARM\first_one\Obj\dhm.o
#        F:\other\bld\STM32H7\project\ceshi_one\first_one\EWARM\first_one\Obj\diskio.o
#        F:\other\bld\STM32H7\project\ceshi_one\first_one\EWARM\first_one\Obj\dma.o
#        F:\other\bld\STM32H7\project\ceshi_one\first_one\EWARM\first_one\Obj\dma2d.o
#        F:\other\bld\STM32H7\project\ceshi_one\first_one\EWARM\first_one\Obj\dns.o
#        F:\other\bld\STM32H7\project\ceshi_one\first_one\EWARM\first_one\Obj\eap.o
#        F:\other\bld\STM32H7\project\ceshi_one\first_one\EWARM\first_one\Obj\ecdh.o
#        F:\other\bld\STM32H7\project\ceshi_one\first_one\EWARM\first_one\Obj\ecdsa.o
#        F:\other\bld\STM32H7\project\ceshi_one\first_one\EWARM\first_one\Obj\ecjpake.o
#        F:\other\bld\STM32H7\project\ceshi_one\first_one\EWARM\first_one\Obj\ecp.o
#        F:\other\bld\STM32H7\project\ceshi_one\first_one\EWARM\first_one\Obj\ecp_curves.o
#        F:\other\bld\STM32H7\project\ceshi_one\first_one\EWARM\first_one\Obj\entropy.o
#        F:\other\bld\STM32H7\project\ceshi_one\first_one\EWARM\first_one\Obj\entropy_poll.o
#        F:\other\bld\STM32H7\project\ceshi_one\first_one\EWARM\first_one\Obj\err.o
#        F:\other\bld\STM32H7\project\ceshi_one\first_one\EWARM\first_one\Obj\error.o
#        F:\other\bld\STM32H7\project\ceshi_one\first_one\EWARM\first_one\Obj\etharp.o
#        F:\other\bld\STM32H7\project\ceshi_one\first_one\EWARM\first_one\Obj\ethernet.o
#        F:\other\bld\STM32H7\project\ceshi_one\first_one\EWARM\first_one\Obj\ethernetif.o
#        F:\other\bld\STM32H7\project\ceshi_one\first_one\EWARM\first_one\Obj\ethip6.o
#        F:\other\bld\STM32H7\project\ceshi_one\first_one\EWARM\first_one\Obj\eui64.o
#        F:\other\bld\STM32H7\project\ceshi_one\first_one\EWARM\first_one\Obj\event_groups.o
#        F:\other\bld\STM32H7\project\ceshi_one\first_one\EWARM\first_one\Obj\fatfs.o
#        F:\other\bld\STM32H7\project\ceshi_one\first_one\EWARM\first_one\Obj\fdcan.o
#        F:\other\bld\STM32H7\project\ceshi_one\first_one\EWARM\first_one\Obj\ff.o
#        F:\other\bld\STM32H7\project\ceshi_one\first_one\EWARM\first_one\Obj\ff_gen_drv.o
#        F:\other\bld\STM32H7\project\ceshi_one\first_one\EWARM\first_one\Obj\fmc.o
#        F:\other\bld\STM32H7\project\ceshi_one\first_one\EWARM\first_one\Obj\freertos.o
#        F:\other\bld\STM32H7\project\ceshi_one\first_one\EWARM\first_one\Obj\fsm.o
#        F:\other\bld\STM32H7\project\ceshi_one\first_one\EWARM\first_one\Obj\gcm.o
#        F:\other\bld\STM32H7\project\ceshi_one\first_one\EWARM\first_one\Obj\gpio.o
#        F:\other\bld\STM32H7\project\ceshi_one\first_one\EWARM\first_one\Obj\hardware_rng.o
#        F:\other\bld\STM32H7\project\ceshi_one\first_one\EWARM\first_one\Obj\hash.o
#        F:\other\bld\STM32H7\project\ceshi_one\first_one\EWARM\first_one\Obj\havege.o
#        F:\other\bld\STM32H7\project\ceshi_one\first_one\EWARM\first_one\Obj\heap_4.o
#        F:\other\bld\STM32H7\project\ceshi_one\first_one\EWARM\first_one\Obj\hmac_drbg.o
#        F:\other\bld\STM32H7\project\ceshi_one\first_one\EWARM\first_one\Obj\icmp.o
#        F:\other\bld\STM32H7\project\ceshi_one\first_one\EWARM\first_one\Obj\icmp6.o
#        F:\other\bld\STM32H7\project\ceshi_one\first_one\EWARM\first_one\Obj\igmp.o
#        F:\other\bld\STM32H7\project\ceshi_one\first_one\EWARM\first_one\Obj\inet6.o
#        F:\other\bld\STM32H7\project\ceshi_one\first_one\EWARM\first_one\Obj\inet_chksum.o
#        F:\other\bld\STM32H7\project\ceshi_one\first_one\EWARM\first_one\Obj\init.o
#        F:\other\bld\STM32H7\project\ceshi_one\first_one\EWARM\first_one\Obj\ip.o
#        F:\other\bld\STM32H7\project\ceshi_one\first_one\EWARM\first_one\Obj\ip4.o
#        F:\other\bld\STM32H7\project\ceshi_one\first_one\EWARM\first_one\Obj\ip4_addr.o
#        F:\other\bld\STM32H7\project\ceshi_one\first_one\EWARM\first_one\Obj\ip4_frag.o
#        F:\other\bld\STM32H7\project\ceshi_one\first_one\EWARM\first_one\Obj\ip6.o
#        F:\other\bld\STM32H7\project\ceshi_one\first_one\EWARM\first_one\Obj\ip6_addr.o
#        F:\other\bld\STM32H7\project\ceshi_one\first_one\EWARM\first_one\Obj\ip6_frag.o
#        F:\other\bld\STM32H7\project\ceshi_one\first_one\EWARM\first_one\Obj\ipcp.o
#        F:\other\bld\STM32H7\project\ceshi_one\first_one\EWARM\first_one\Obj\ipv6cp.o
#        F:\other\bld\STM32H7\project\ceshi_one\first_one\EWARM\first_one\Obj\iwdg.o
#        F:\other\bld\STM32H7\project\ceshi_one\first_one\EWARM\first_one\Obj\jaricom.o
#        F:\other\bld\STM32H7\project\ceshi_one\first_one\EWARM\first_one\Obj\jcapimin.o
#        F:\other\bld\STM32H7\project\ceshi_one\first_one\EWARM\first_one\Obj\jcapistd.o
#        F:\other\bld\STM32H7\project\ceshi_one\first_one\EWARM\first_one\Obj\jcarith.o
#        F:\other\bld\STM32H7\project\ceshi_one\first_one\EWARM\first_one\Obj\jccoefct.o
#        F:\other\bld\STM32H7\project\ceshi_one\first_one\EWARM\first_one\Obj\jccolor.o
#        F:\other\bld\STM32H7\project\ceshi_one\first_one\EWARM\first_one\Obj\jcdctmgr.o
#        F:\other\bld\STM32H7\project\ceshi_one\first_one\EWARM\first_one\Obj\jchuff.o
#        F:\other\bld\STM32H7\project\ceshi_one\first_one\EWARM\first_one\Obj\jcinit.o
#        F:\other\bld\STM32H7\project\ceshi_one\first_one\EWARM\first_one\Obj\jcmainct.o
#        F:\other\bld\STM32H7\project\ceshi_one\first_one\EWARM\first_one\Obj\jcmarker.o
#        F:\other\bld\STM32H7\project\ceshi_one\first_one\EWARM\first_one\Obj\jcmaster.o
#        F:\other\bld\STM32H7\project\ceshi_one\first_one\EWARM\first_one\Obj\jcomapi.o
#        F:\other\bld\STM32H7\project\ceshi_one\first_one\EWARM\first_one\Obj\jcparam.o
#        F:\other\bld\STM32H7\project\ceshi_one\first_one\EWARM\first_one\Obj\jcprepct.o
#        F:\other\bld\STM32H7\project\ceshi_one\first_one\EWARM\first_one\Obj\jcsample.o
#        F:\other\bld\STM32H7\project\ceshi_one\first_one\EWARM\first_one\Obj\jctrans.o
#        F:\other\bld\STM32H7\project\ceshi_one\first_one\EWARM\first_one\Obj\jdapimin.o
#        F:\other\bld\STM32H7\project\ceshi_one\first_one\EWARM\first_one\Obj\jdapistd.o
#        F:\other\bld\STM32H7\project\ceshi_one\first_one\EWARM\first_one\Obj\jdarith.o
#        F:\other\bld\STM32H7\project\ceshi_one\first_one\EWARM\first_one\Obj\jdata_conf.o
#        F:\other\bld\STM32H7\project\ceshi_one\first_one\EWARM\first_one\Obj\jdatadst.o
#        F:\other\bld\STM32H7\project\ceshi_one\first_one\EWARM\first_one\Obj\jdatasrc.o
#        F:\other\bld\STM32H7\project\ceshi_one\first_one\EWARM\first_one\Obj\jdcoefct.o
#        F:\other\bld\STM32H7\project\ceshi_one\first_one\EWARM\first_one\Obj\jdcolor.o
#        F:\other\bld\STM32H7\project\ceshi_one\first_one\EWARM\first_one\Obj\jddctmgr.o
#        F:\other\bld\STM32H7\project\ceshi_one\first_one\EWARM\first_one\Obj\jdhuff.o
#        F:\other\bld\STM32H7\project\ceshi_one\first_one\EWARM\first_one\Obj\jdinput.o
#        F:\other\bld\STM32H7\project\ceshi_one\first_one\EWARM\first_one\Obj\jdmainct.o
#        F:\other\bld\STM32H7\project\ceshi_one\first_one\EWARM\first_one\Obj\jdmarker.o
#        F:\other\bld\STM32H7\project\ceshi_one\first_one\EWARM\first_one\Obj\jdmaster.o
#        F:\other\bld\STM32H7\project\ceshi_one\first_one\EWARM\first_one\Obj\jdmerge.o
#        F:\other\bld\STM32H7\project\ceshi_one\first_one\EWARM\first_one\Obj\jdpostct.o
#        F:\other\bld\STM32H7\project\ceshi_one\first_one\EWARM\first_one\Obj\jdsample.o
#        F:\other\bld\STM32H7\project\ceshi_one\first_one\EWARM\first_one\Obj\jdtrans.o
#        F:\other\bld\STM32H7\project\ceshi_one\first_one\EWARM\first_one\Obj\jerror.o
#        F:\other\bld\STM32H7\project\ceshi_one\first_one\EWARM\first_one\Obj\jfdctflt.o
#        F:\other\bld\STM32H7\project\ceshi_one\first_one\EWARM\first_one\Obj\jfdctfst.o
#        F:\other\bld\STM32H7\project\ceshi_one\first_one\EWARM\first_one\Obj\jfdctint.o
#        F:\other\bld\STM32H7\project\ceshi_one\first_one\EWARM\first_one\Obj\jidctflt.o
#        F:\other\bld\STM32H7\project\ceshi_one\first_one\EWARM\first_one\Obj\jidctfst.o
#        F:\other\bld\STM32H7\project\ceshi_one\first_one\EWARM\first_one\Obj\jidctint.o
#        F:\other\bld\STM32H7\project\ceshi_one\first_one\EWARM\first_one\Obj\jmemmgr.o
#        F:\other\bld\STM32H7\project\ceshi_one\first_one\EWARM\first_one\Obj\jmemnobs.o
#        F:\other\bld\STM32H7\project\ceshi_one\first_one\EWARM\first_one\Obj\jpeg.o
#        F:\other\bld\STM32H7\project\ceshi_one\first_one\EWARM\first_one\Obj\jpeg_utils.o
#        F:\other\bld\STM32H7\project\ceshi_one\first_one\EWARM\first_one\Obj\jquant1.o
#        F:\other\bld\STM32H7\project\ceshi_one\first_one\EWARM\first_one\Obj\jquant2.o
#        F:\other\bld\STM32H7\project\ceshi_one\first_one\EWARM\first_one\Obj\jutils.o
#        F:\other\bld\STM32H7\project\ceshi_one\first_one\EWARM\first_one\Obj\lan8742.o
#        F:\other\bld\STM32H7\project\ceshi_one\first_one\EWARM\first_one\Obj\lcp.o
#        F:\other\bld\STM32H7\project\ceshi_one\first_one\EWARM\first_one\Obj\libjpeg.o
#        F:\other\bld\STM32H7\project\ceshi_one\first_one\Middlewares\ST\STM32_Audio\Addons\PDM\Lib\libPDMFilter_CM7_IAR.a
#        F:\other\bld\STM32H7\project\ceshi_one\first_one\EWARM\first_one\Obj\list.o
#        F:\other\bld\STM32H7\project\ceshi_one\first_one\EWARM\first_one\Obj\lowpan6.o
#        F:\other\bld\STM32H7\project\ceshi_one\first_one\EWARM\first_one\Obj\lptim.o
#        F:\other\bld\STM32H7\project\ceshi_one\first_one\EWARM\first_one\Obj\ltdc.o
#        F:\other\bld\STM32H7\project\ceshi_one\first_one\EWARM\first_one\Obj\lwip.o
#        F:\other\bld\STM32H7\project\ceshi_one\first_one\EWARM\first_one\Obj\magic.o
#        F:\other\bld\STM32H7\project\ceshi_one\first_one\EWARM\first_one\Obj\main.o
#        F:\other\bld\STM32H7\project\ceshi_one\first_one\EWARM\first_one\Obj\mbedtls.o
#        F:\other\bld\STM32H7\project\ceshi_one\first_one\EWARM\first_one\Obj\md.o
#        F:\other\bld\STM32H7\project\ceshi_one\first_one\EWARM\first_one\Obj\md2.o
#        F:\other\bld\STM32H7\project\ceshi_one\first_one\EWARM\first_one\Obj\md4.o
#        F:\other\bld\STM32H7\project\ceshi_one\first_one\EWARM\first_one\Obj\md5.o
#        F:\other\bld\STM32H7\project\ceshi_one\first_one\EWARM\first_one\Obj\md_wrap.o
#        F:\other\bld\STM32H7\project\ceshi_one\first_one\EWARM\first_one\Obj\mem.o
#        F:\other\bld\STM32H7\project\ceshi_one\first_one\EWARM\first_one\Obj\memory_buffer_alloc.o
#        F:\other\bld\STM32H7\project\ceshi_one\first_one\EWARM\first_one\Obj\memp.o
#        F:\other\bld\STM32H7\project\ceshi_one\first_one\EWARM\first_one\Obj\mld6.o
#        F:\other\bld\STM32H7\project\ceshi_one\first_one\EWARM\first_one\Obj\mppe.o
#        F:\other\bld\STM32H7\project\ceshi_one\first_one\EWARM\first_one\Obj\mqtt.o
#        F:\other\bld\STM32H7\project\ceshi_one\first_one\EWARM\first_one\Obj\multilink.o
#        F:\other\bld\STM32H7\project\ceshi_one\first_one\EWARM\first_one\Obj\nd6.o
#        F:\other\bld\STM32H7\project\ceshi_one\first_one\EWARM\first_one\Obj\net_sockets.o
#        F:\other\bld\STM32H7\project\ceshi_one\first_one\EWARM\first_one\Obj\netbuf.o
#        F:\other\bld\STM32H7\project\ceshi_one\first_one\EWARM\first_one\Obj\netdb.o
#        F:\other\bld\STM32H7\project\ceshi_one\first_one\EWARM\first_one\Obj\netif.o
#        F:\other\bld\STM32H7\project\ceshi_one\first_one\EWARM\first_one\Obj\netifapi.o
#        F:\other\bld\STM32H7\project\ceshi_one\first_one\EWARM\first_one\Obj\oid.o
#        F:\other\bld\STM32H7\project\ceshi_one\first_one\EWARM\first_one\Obj\padlock.o
#        F:\other\bld\STM32H7\project\ceshi_one\first_one\EWARM\first_one\Obj\pbuf.o
#        F:\other\bld\STM32H7\project\ceshi_one\first_one\EWARM\first_one\Obj\pdm2pcm.o
#        F:\other\bld\STM32H7\project\ceshi_one\first_one\EWARM\first_one\Obj\pem.o
#        F:\other\bld\STM32H7\project\ceshi_one\first_one\EWARM\first_one\Obj\pk.o
#        F:\other\bld\STM32H7\project\ceshi_one\first_one\EWARM\first_one\Obj\pk_wrap.o
#        F:\other\bld\STM32H7\project\ceshi_one\first_one\EWARM\first_one\Obj\pkcs11.o
#        F:\other\bld\STM32H7\project\ceshi_one\first_one\EWARM\first_one\Obj\pkcs12.o
#        F:\other\bld\STM32H7\project\ceshi_one\first_one\EWARM\first_one\Obj\pkcs5.o
#        F:\other\bld\STM32H7\project\ceshi_one\first_one\EWARM\first_one\Obj\pkparse.o
#        F:\other\bld\STM32H7\project\ceshi_one\first_one\EWARM\first_one\Obj\pkwrite.o
#        F:\other\bld\STM32H7\project\ceshi_one\first_one\EWARM\first_one\Obj\platform.o
#        F:\other\bld\STM32H7\project\ceshi_one\first_one\EWARM\first_one\Obj\port.o
#        F:\other\bld\STM32H7\project\ceshi_one\first_one\EWARM\first_one\Obj\portasm.o
#        F:\other\bld\STM32H7\project\ceshi_one\first_one\EWARM\first_one\Obj\ppp.o
#        F:\other\bld\STM32H7\project\ceshi_one\first_one\EWARM\first_one\Obj\pppapi.o
#        F:\other\bld\STM32H7\project\ceshi_one\first_one\EWARM\first_one\Obj\pppcrypt.o
#        F:\other\bld\STM32H7\project\ceshi_one\first_one\EWARM\first_one\Obj\pppoe.o
#        F:\other\bld\STM32H7\project\ceshi_one\first_one\EWARM\first_one\Obj\pppol2tp.o
#        F:\other\bld\STM32H7\project\ceshi_one\first_one\EWARM\first_one\Obj\pppos.o
#        F:\other\bld\STM32H7\project\ceshi_one\first_one\EWARM\first_one\Obj\quadspi.o
#        F:\other\bld\STM32H7\project\ceshi_one\first_one\EWARM\first_one\Obj\queue.o
#        F:\other\bld\STM32H7\project\ceshi_one\first_one\EWARM\first_one\Obj\raw.o
#        F:\other\bld\STM32H7\project\ceshi_one\first_one\EWARM\first_one\Obj\ripemd160.o
#        F:\other\bld\STM32H7\project\ceshi_one\first_one\EWARM\first_one\Obj\rng.o
#        F:\other\bld\STM32H7\project\ceshi_one\first_one\EWARM\first_one\Obj\rsa.o
#        F:\other\bld\STM32H7\project\ceshi_one\first_one\EWARM\first_one\Obj\sai.o
#        F:\other\bld\STM32H7\project\ceshi_one\first_one\EWARM\first_one\Obj\sd_diskio.o
#        F:\other\bld\STM32H7\project\ceshi_one\first_one\EWARM\first_one\Obj\sdmmc.o
#        F:\other\bld\STM32H7\project\ceshi_one\first_one\EWARM\first_one\Obj\sdram_diskio.o
#        F:\other\bld\STM32H7\project\ceshi_one\first_one\EWARM\first_one\Obj\sha1.o
#        F:\other\bld\STM32H7\project\ceshi_one\first_one\EWARM\first_one\Obj\sha256.o
#        F:\other\bld\STM32H7\project\ceshi_one\first_one\EWARM\first_one\Obj\sha512.o
#        F:\other\bld\STM32H7\project\ceshi_one\first_one\EWARM\first_one\Obj\slipif.o
#        F:\other\bld\STM32H7\project\ceshi_one\first_one\EWARM\first_one\Obj\sockets.o
#        F:\other\bld\STM32H7\project\ceshi_one\first_one\EWARM\first_one\Obj\spi.o
#        F:\other\bld\STM32H7\project\ceshi_one\first_one\EWARM\first_one\Obj\sram_diskio.o
#        F:\other\bld\STM32H7\project\ceshi_one\first_one\EWARM\first_one\Obj\ssl_cache.o
#        F:\other\bld\STM32H7\project\ceshi_one\first_one\EWARM\first_one\Obj\ssl_ciphersuites.o
#        F:\other\bld\STM32H7\project\ceshi_one\first_one\EWARM\first_one\Obj\ssl_cli.o
#        F:\other\bld\STM32H7\project\ceshi_one\first_one\EWARM\first_one\Obj\ssl_cookie.o
#        F:\other\bld\STM32H7\project\ceshi_one\first_one\EWARM\first_one\Obj\ssl_srv.o
#        F:\other\bld\STM32H7\project\ceshi_one\first_one\EWARM\first_one\Obj\ssl_ticket.o
#        F:\other\bld\STM32H7\project\ceshi_one\first_one\EWARM\first_one\Obj\ssl_tls.o
#        F:\other\bld\STM32H7\project\ceshi_one\first_one\EWARM\first_one\Obj\startup_stm32h753xx.o
#        F:\other\bld\STM32H7\project\ceshi_one\first_one\EWARM\first_one\Obj\stats.o
#        F:\other\bld\STM32H7\project\ceshi_one\first_one\EWARM\first_one\Obj\stm32h7xx_hal.o
#        F:\other\bld\STM32H7\project\ceshi_one\first_one\EWARM\first_one\Obj\stm32h7xx_hal_adc.o
#        F:\other\bld\STM32H7\project\ceshi_one\first_one\EWARM\first_one\Obj\stm32h7xx_hal_adc_ex.o
#        F:\other\bld\STM32H7\project\ceshi_one\first_one\EWARM\first_one\Obj\stm32h7xx_hal_cortex.o
#        F:\other\bld\STM32H7\project\ceshi_one\first_one\EWARM\first_one\Obj\stm32h7xx_hal_crc.o
#        F:\other\bld\STM32H7\project\ceshi_one\first_one\EWARM\first_one\Obj\stm32h7xx_hal_crc_ex.o
#        F:\other\bld\STM32H7\project\ceshi_one\first_one\EWARM\first_one\Obj\stm32h7xx_hal_cryp.o
#        F:\other\bld\STM32H7\project\ceshi_one\first_one\EWARM\first_one\Obj\stm32h7xx_hal_cryp_ex.o
#        F:\other\bld\STM32H7\project\ceshi_one\first_one\EWARM\first_one\Obj\stm32h7xx_hal_dac.o
#        F:\other\bld\STM32H7\project\ceshi_one\first_one\EWARM\first_one\Obj\stm32h7xx_hal_dac_ex.o
#        F:\other\bld\STM32H7\project\ceshi_one\first_one\EWARM\first_one\Obj\stm32h7xx_hal_dma.o
#        F:\other\bld\STM32H7\project\ceshi_one\first_one\EWARM\first_one\Obj\stm32h7xx_hal_dma2d.o
#        F:\other\bld\STM32H7\project\ceshi_one\first_one\EWARM\first_one\Obj\stm32h7xx_hal_dma_ex.o
#        F:\other\bld\STM32H7\project\ceshi_one\first_one\EWARM\first_one\Obj\stm32h7xx_hal_eth.o
#        F:\other\bld\STM32H7\project\ceshi_one\first_one\EWARM\first_one\Obj\stm32h7xx_hal_fdcan.o
#        F:\other\bld\STM32H7\project\ceshi_one\first_one\EWARM\first_one\Obj\stm32h7xx_hal_flash.o
#        F:\other\bld\STM32H7\project\ceshi_one\first_one\EWARM\first_one\Obj\stm32h7xx_hal_flash_ex.o
#        F:\other\bld\STM32H7\project\ceshi_one\first_one\EWARM\first_one\Obj\stm32h7xx_hal_gpio.o
#        F:\other\bld\STM32H7\project\ceshi_one\first_one\EWARM\first_one\Obj\stm32h7xx_hal_hash.o
#        F:\other\bld\STM32H7\project\ceshi_one\first_one\EWARM\first_one\Obj\stm32h7xx_hal_hash_ex.o
#        F:\other\bld\STM32H7\project\ceshi_one\first_one\EWARM\first_one\Obj\stm32h7xx_hal_hcd.o
#        F:\other\bld\STM32H7\project\ceshi_one\first_one\EWARM\first_one\Obj\stm32h7xx_hal_hsem.o
#        F:\other\bld\STM32H7\project\ceshi_one\first_one\EWARM\first_one\Obj\stm32h7xx_hal_i2c.o
#        F:\other\bld\STM32H7\project\ceshi_one\first_one\EWARM\first_one\Obj\stm32h7xx_hal_i2c_ex.o
#        F:\other\bld\STM32H7\project\ceshi_one\first_one\EWARM\first_one\Obj\stm32h7xx_hal_iwdg.o
#        F:\other\bld\STM32H7\project\ceshi_one\first_one\EWARM\first_one\Obj\stm32h7xx_hal_jpeg.o
#        F:\other\bld\STM32H7\project\ceshi_one\first_one\EWARM\first_one\Obj\stm32h7xx_hal_lptim.o
#        F:\other\bld\STM32H7\project\ceshi_one\first_one\EWARM\first_one\Obj\stm32h7xx_hal_ltdc.o
#        F:\other\bld\STM32H7\project\ceshi_one\first_one\EWARM\first_one\Obj\stm32h7xx_hal_mdma.o
#        F:\other\bld\STM32H7\project\ceshi_one\first_one\EWARM\first_one\Obj\stm32h7xx_hal_msp.o
#        F:\other\bld\STM32H7\project\ceshi_one\first_one\EWARM\first_one\Obj\stm32h7xx_hal_nand.o
#        F:\other\bld\STM32H7\project\ceshi_one\first_one\EWARM\first_one\Obj\stm32h7xx_hal_pwr.o
#        F:\other\bld\STM32H7\project\ceshi_one\first_one\EWARM\first_one\Obj\stm32h7xx_hal_pwr_ex.o
#        F:\other\bld\STM32H7\project\ceshi_one\first_one\EWARM\first_one\Obj\stm32h7xx_hal_qspi.o
#        F:\other\bld\STM32H7\project\ceshi_one\first_one\EWARM\first_one\Obj\stm32h7xx_hal_rcc.o
#        F:\other\bld\STM32H7\project\ceshi_one\first_one\EWARM\first_one\Obj\stm32h7xx_hal_rcc_ex.o
#        F:\other\bld\STM32H7\project\ceshi_one\first_one\EWARM\first_one\Obj\stm32h7xx_hal_rng.o
#        F:\other\bld\STM32H7\project\ceshi_one\first_one\EWARM\first_one\Obj\stm32h7xx_hal_sai.o
#        F:\other\bld\STM32H7\project\ceshi_one\first_one\EWARM\first_one\Obj\stm32h7xx_hal_sai_ex.o
#        F:\other\bld\STM32H7\project\ceshi_one\first_one\EWARM\first_one\Obj\stm32h7xx_hal_sd.o
#        F:\other\bld\STM32H7\project\ceshi_one\first_one\EWARM\first_one\Obj\stm32h7xx_hal_sd_ex.o
#        F:\other\bld\STM32H7\project\ceshi_one\first_one\EWARM\first_one\Obj\stm32h7xx_hal_sdram.o
#        F:\other\bld\STM32H7\project\ceshi_one\first_one\EWARM\first_one\Obj\stm32h7xx_hal_spi.o
#        F:\other\bld\STM32H7\project\ceshi_one\first_one\EWARM\first_one\Obj\stm32h7xx_hal_spi_ex.o
#        F:\other\bld\STM32H7\project\ceshi_one\first_one\EWARM\first_one\Obj\stm32h7xx_hal_sram.o
#        F:\other\bld\STM32H7\project\ceshi_one\first_one\EWARM\first_one\Obj\stm32h7xx_hal_tim.o
#        F:\other\bld\STM32H7\project\ceshi_one\first_one\EWARM\first_one\Obj\stm32h7xx_hal_tim_ex.o
#        F:\other\bld\STM32H7\project\ceshi_one\first_one\EWARM\first_one\Obj\stm32h7xx_hal_timebase_TIM.o
#        F:\other\bld\STM32H7\project\ceshi_one\first_one\EWARM\first_one\Obj\stm32h7xx_hal_uart.o
#        F:\other\bld\STM32H7\project\ceshi_one\first_one\EWARM\first_one\Obj\stm32h7xx_hal_uart_ex.o
#        F:\other\bld\STM32H7\project\ceshi_one\first_one\EWARM\first_one\Obj\stm32h7xx_hal_wwdg.o
#        F:\other\bld\STM32H7\project\ceshi_one\first_one\EWARM\first_one\Obj\stm32h7xx_it.o
#        F:\other\bld\STM32H7\project\ceshi_one\first_one\EWARM\first_one\Obj\stm32h7xx_ll_delayblock.o
#        F:\other\bld\STM32H7\project\ceshi_one\first_one\EWARM\first_one\Obj\stm32h7xx_ll_fmc.o
#        F:\other\bld\STM32H7\project\ceshi_one\first_one\EWARM\first_one\Obj\stm32h7xx_ll_sdmmc.o
#        F:\other\bld\STM32H7\project\ceshi_one\first_one\EWARM\first_one\Obj\stm32h7xx_ll_usb.o
#        F:\other\bld\STM32H7\project\ceshi_one\first_one\EWARM\first_one\Obj\sys.o
#        F:\other\bld\STM32H7\project\ceshi_one\first_one\EWARM\first_one\Obj\sys_arch.o
#        F:\other\bld\STM32H7\project\ceshi_one\first_one\EWARM\first_one\Obj\syscall.o
#        F:\other\bld\STM32H7\project\ceshi_one\first_one\EWARM\first_one\Obj\system_stm32h7xx.o
#        F:\other\bld\STM32H7\project\ceshi_one\first_one\EWARM\first_one\Obj\tasks.o
#        F:\other\bld\STM32H7\project\ceshi_one\first_one\EWARM\first_one\Obj\tcp.o
#        F:\other\bld\STM32H7\project\ceshi_one\first_one\EWARM\first_one\Obj\tcp_in.o
#        F:\other\bld\STM32H7\project\ceshi_one\first_one\EWARM\first_one\Obj\tcp_out.o
#        F:\other\bld\STM32H7\project\ceshi_one\first_one\EWARM\first_one\Obj\tcpip.o
#        F:\other\bld\STM32H7\project\ceshi_one\first_one\EWARM\first_one\Obj\threading.o
#        F:\other\bld\STM32H7\project\ceshi_one\first_one\EWARM\first_one\Obj\tim.o
#        F:\other\bld\STM32H7\project\ceshi_one\first_one\EWARM\first_one\Obj\timeouts.o
#        F:\other\bld\STM32H7\project\ceshi_one\first_one\EWARM\first_one\Obj\timers.o
#        F:\other\bld\STM32H7\project\ceshi_one\first_one\EWARM\first_one\Obj\timing.o
#        F:\other\bld\STM32H7\project\ceshi_one\first_one\EWARM\first_one\Obj\udp.o
#        F:\other\bld\STM32H7\project\ceshi_one\first_one\EWARM\first_one\Obj\upap.o
#        F:\other\bld\STM32H7\project\ceshi_one\first_one\EWARM\first_one\Obj\usart.o
#        F:\other\bld\STM32H7\project\ceshi_one\first_one\EWARM\first_one\Obj\usb_host.o
#        F:\other\bld\STM32H7\project\ceshi_one\first_one\EWARM\first_one\Obj\usbh_audio.o
#        F:\other\bld\STM32H7\project\ceshi_one\first_one\EWARM\first_one\Obj\usbh_cdc.o
#        F:\other\bld\STM32H7\project\ceshi_one\first_one\EWARM\first_one\Obj\usbh_conf.o
#        F:\other\bld\STM32H7\project\ceshi_one\first_one\EWARM\first_one\Obj\usbh_core.o
#        F:\other\bld\STM32H7\project\ceshi_one\first_one\EWARM\first_one\Obj\usbh_ctlreq.o
#        F:\other\bld\STM32H7\project\ceshi_one\first_one\EWARM\first_one\Obj\usbh_diskio.o
#        F:\other\bld\STM32H7\project\ceshi_one\first_one\EWARM\first_one\Obj\usbh_hid.o
#        F:\other\bld\STM32H7\project\ceshi_one\first_one\EWARM\first_one\Obj\usbh_hid_keybd.o
#        F:\other\bld\STM32H7\project\ceshi_one\first_one\EWARM\first_one\Obj\usbh_hid_mouse.o
#        F:\other\bld\STM32H7\project\ceshi_one\first_one\EWARM\first_one\Obj\usbh_hid_parser.o
#        F:\other\bld\STM32H7\project\ceshi_one\first_one\EWARM\first_one\Obj\usbh_ioreq.o
#        F:\other\bld\STM32H7\project\ceshi_one\first_one\EWARM\first_one\Obj\usbh_msc.o
#        F:\other\bld\STM32H7\project\ceshi_one\first_one\EWARM\first_one\Obj\usbh_msc_bot.o
#        F:\other\bld\STM32H7\project\ceshi_one\first_one\EWARM\first_one\Obj\usbh_msc_scsi.o
#        F:\other\bld\STM32H7\project\ceshi_one\first_one\EWARM\first_one\Obj\usbh_mtp.o
#        F:\other\bld\STM32H7\project\ceshi_one\first_one\EWARM\first_one\Obj\usbh_mtp_ptp.o
#        F:\other\bld\STM32H7\project\ceshi_one\first_one\EWARM\first_one\Obj\usbh_pipes.o
#        F:\other\bld\STM32H7\project\ceshi_one\first_one\EWARM\first_one\Obj\user_diskio.o
#        F:\other\bld\STM32H7\project\ceshi_one\first_one\EWARM\first_one\Obj\utils.o
#        F:\other\bld\STM32H7\project\ceshi_one\first_one\EWARM\first_one\Obj\version.o
#        F:\other\bld\STM32H7\project\ceshi_one\first_one\EWARM\first_one\Obj\version_features.o
#        F:\other\bld\STM32H7\project\ceshi_one\first_one\EWARM\first_one\Obj\vj.o
#        F:\other\bld\STM32H7\project\ceshi_one\first_one\EWARM\first_one\Obj\wwdg.o
#        F:\other\bld\STM32H7\project\ceshi_one\first_one\EWARM\first_one\Obj\x509.o
#        F:\other\bld\STM32H7\project\ceshi_one\first_one\EWARM\first_one\Obj\x509_create.o
#        F:\other\bld\STM32H7\project\ceshi_one\first_one\EWARM\first_one\Obj\x509_crl.o
#        F:\other\bld\STM32H7\project\ceshi_one\first_one\EWARM\first_one\Obj\x509_crt.o
#        F:\other\bld\STM32H7\project\ceshi_one\first_one\EWARM\first_one\Obj\x509_csr.o
#        F:\other\bld\STM32H7\project\ceshi_one\first_one\EWARM\first_one\Obj\x509write_crt.o
#        F:\other\bld\STM32H7\project\ceshi_one\first_one\EWARM\first_one\Obj\x509write_csr.o
#        F:\other\bld\STM32H7\project\ceshi_one\first_one\EWARM\first_one\Obj\xtea.o
#        --redirect _Printf=_PrintfFull --redirect _Scanf=_ScanfFull
#        --no_out_extension -o
#        F:\other\bld\STM32H7\project\ceshi_one\first_one\EWARM\first_one\Exe\first_one.out
#        --map
#        F:\other\bld\STM32H7\project\ceshi_one\first_one\EWARM\first_one\List\first_one.map
#        --config
#        F:\other\bld\STM32H7\project\ceshi_one\first_one\EWARM/stm32h753xx_flash.icf
#        --semihosting --entry __iar_program_start --vfe --text_out locale)
#
###############################################################################

*******************************************************************************
*** MESSAGES
***

Warning[Lt009]: Inconsistent wchar_t size
            pdm_filter.o(libPDMFilter_CM7_IAR.a) has wchar_t size 16 bits
            adc.o and 388 other objects, some of them in dl7M_tlf.a and 30
                      other libraries have wchar_t size 32 bits


*******************************************************************************
*** RUNTIME MODEL ATTRIBUTES
***

CppFlavor       = *
__Heap_Handler  = DLMalloc
__SystemLibrary = DLib
__dlib_version  = 6


*******************************************************************************
*** HEAP SELECTION
***

The advanced heap was selected because the application calls memory
allocation functions outside of system library functions, and there
are calls to deallocation functions in the application.


*******************************************************************************
*** PLACEMENT SUMMARY
***

"A0":  place at 0x800'0000 { ro section .intvec };
"P1":  place in [from 0x800'0000 to 0x81f'ffff] { ro };
define block CSTACK with size = 4K, alignment = 8 { };
define block HEAP with size = 4K, alignment = 8 { };
"P2":  place in [from 0x2000'0000 to 0x2001'ffff] {
          rw, block CSTACK, block HEAP };
initialize by copy { rw };

  Section            Kind         Address     Size  Object
  -------            ----         -------     ----  ------
"A0":                                        0x298
  .intvec            ro code   0x800'0000    0x298  startup_stm32h753xx.o [1]
                             - 0x800'0298    0x298

"P1":                                      0x164ee
  .text              ro code   0x800'0298   0x1cdc  pdm_filter.o [3]
  .text              ro code   0x800'1f74      0x6  ABImemclr.o [5]
  .text              ro code   0x800'1f7a     0x7a  lz77_init_single.o [5]
  .text              ro code   0x800'1ff4    0x3e4  pow32.o [4]
  .text              ro code   0x800'23d8      0xe  FltToDbl.o [4]
  .text              ro code   0x800'23e6     0x3a  zero_init3.o [5]
  .text              ro code   0x800'2420     0x62  round.o [4]
  .text              ro code   0x800'2482      0xe  DblToU32.o [4]
  .text              ro code   0x800'2490     0x66  ABImemset.o [5]
  .text              ro code   0x800'24f6     0x1e  xencoding_8859_1.o [2]
  .text              ro code   0x800'2514     0x48  frexpf.o [4]
  .text              ro code   0x800'255c    0x27c  iar_Exp32.o [4]
  .text              ro code   0x800'27d8     0xc4  ldexpf.o [4]
  .text              ro code   0x800'289c   0x14e0  dlmalloc.o [2]
  .text              ro code   0x800'3d7c      0x6  abort.o [2]
  .text              ro code   0x800'3d84     0x2c  xgetmemchunk.o [2]
  .text              ro code   0x800'3db0     0x14  exit.o [6]
  .text              ro code   0x800'3dc4     0x80  iarttio.o [6]
  .text              ro code   0x800'3e44     0x3c  XShttio.o [2]
  .text              ro code   0x800'3e80    0xf7a  xprintffull.o [2]
  .text              ro code   0x800'4dfc     0x78  xlocale_c.o [2]
  .text              ro code   0x800'4e74     0x16  strchr.o [5]
  .text              ro code   0x800'4e8c     0x40  xfail_s.o [2]
  .text              ro code   0x800'4ecc     0x36  strlen.o [5]
  .text              ro code   0x800'4f04     0x58  memchr.o [5]
  .text              ro code   0x800'4f5c      0xa  xmbcurmax.o [2]
  .text              ro code   0x800'4f68     0xa6  ABImemcpy.o [5]
  .text              ro code   0x800'5010    0x230  I64DivMod.o [5]
  .text              ro code   0x800'5240     0x12  DblMul.o [4]
  .text              ro code   0x800'5254     0x70  frexp.o [4]
  .text              ro code   0x800'52c4     0x2e  DblCmpLe.o [4]
  .text              ro code   0x800'52f4     0x2e  DblCmpGe.o [4]
  .text              ro code   0x800'5324    0x104  ldexp.o [4]
  .text              ro code   0x800'5428      0xe  DblToS32.o [4]
  .text              ro code   0x800'5436      0xe  S32ToDbl.o [4]
  .text              ro code   0x800'5444     0x12  DblSub.o [4]
  .text              ro code   0x800'5456     0x12  DblDiv.o [4]
  .text              ro code   0x800'5468      0xe  U32ToDbl.o [4]
  .text              ro code   0x800'5478      0x2  I64DivZer.o [5]
  .text              ro code   0x800'547c    0xecc  stm32h7xx_hal_sd.o [1]
  .text              ro code   0x800'6348     0xa0  sdmmc.o [1]
  .text              ro code   0x800'63e8      0xc  stm32h7xx_hal.o [1]
  .text              ro code   0x800'63f4    0x5b0  stm32h7xx_ll_sdmmc.o [1]
  .text              ro code   0x800'69a4     0x84  bsp_driver_sd.o [1]
  .text              ro code   0x800'6a28      0x2  stm32h7xx_hal_sd.o [1]
  .text              ro code   0x800'6a2a      0x2  stm32h7xx_hal_sd.o [1]
  .text              ro code   0x800'6a2c      0x2  stm32h7xx_hal_sd.o [1]
  .text              ro code   0x800'6a2e      0x2  stm32h7xx_hal_sd.o [1]
  .text              ro code   0x800'6a30      0x2  stm32h7xx_hal_sd.o [1]
  .text              ro code   0x800'6a32      0x2  stm32h7xx_hal_sd.o [1]
  .text              ro code   0x800'6a34     0x74  stm32h7xx_ll_delayblock.o [1]
  .text              ro code   0x800'6aa8      0x6  ABImemclr4.o [5]
  .text              ro code   0x800'6ab0    0x200  stm32h7xx_hal_gpio.o [1]
  .text              ro code   0x800'6cb0     0xe0  stm32h7xx_hal_cortex.o [1]
  .text              ro code   0x800'6d90     0x28  stm32h7xx_hal.o [1]
  .text              ro code   0x800'6db8    0x158  sd_diskio.o [1]
  .text              ro code   0x800'6f10     0x32  ABImemset48.o [5]
  .text              ro code   0x800'6f44    0x1f4  cmsis_os.o [1]
  .text              ro code   0x800'7138    0x7ac  tasks.o [1]
  .text              ro code   0x800'78e4    0x64c  queue.o [1]
  .text              ro code   0x800'7f30    0x1c8  port.o [1]
  .text              ro code   0x800'80f8    0x1bc  heap_4.o [1]
  .text              ro code   0x800'82b4     0x92  list.o [1]
  CODE               ro code   0x800'8348     0xac  portasm.o [1]
  .text              ro code   0x800'83f4    0xc3c  stm32h7xx_hal_rcc_ex.o [1]
  .text              ro code   0x800'9030    0x780  stm32h7xx_hal_rcc.o [1]
  .text              ro code   0x800'97b0     0x78  stm32h7xx_hal_timebase_TIM.o [1]
  .text              ro code   0x800'9828    0x3d8  stm32h7xx_hal_tim.o [1]
  .text              ro code   0x800'9c00    0x4a0  tim.o [1]
  .text              ro code   0x800'a0a0      0x2  stm32h7xx_hal_tim.o [1]
  .text              ro code   0x800'a0a2      0x2  stm32h7xx_hal_tim.o [1]
  .text              ro code   0x800'a0a4    0x286  main.o [1]
  .text              ro code   0x800'a32a      0x2  stm32h7xx_hal_tim_ex.o [1]
  .text              ro code   0x800'a32c      0x2  stm32h7xx_hal_tim.o [1]
  .text              ro code   0x800'a32e      0x2  stm32h7xx_hal_tim_ex.o [1]
  .text              ro code   0x800'a330      0x2  stm32h7xx_hal_tim.o [1]
  .text              ro code   0x800'a334     0x54  stm32h7xx_hal_tim_ex.o [1]
  .text              ro code   0x800'a388     0x30  stm32h7xx_hal.o [1]
  .text              ro code   0x800'a3b8    0x1f0  gpio.o [1]
  .text              ro code   0x800'a5a8     0xf0  dma.o [1]
  .text              ro code   0x800'a698    0x1fc  adc.o [1]
  .text              ro code   0x800'a894     0x94  crc.o [1]
  .text              ro code   0x800'a928     0xd8  dac.o [1]
  .text              ro code   0x800'aa00     0xb4  dma2d.o [1]
  .text              ro code   0x800'aab4    0x10c  fdcan.o [1]
  .text              ro code   0x800'abc0    0x2b4  fmc.o [1]
  .text              ro code   0x800'ae74     0x6c  iwdg.o [1]
  .text              ro code   0x800'aee0     0x88  jpeg.o [1]
  .text              ro code   0x800'af68    0x1a0  lptim.o [1]
  .text              ro code   0x800'b108    0x24c  ltdc.o [1]
  .text              ro code   0x800'b354    0x110  quadspi.o [1]
  .text              ro code   0x800'b464     0x8c  rng.o [1]
  .text              ro code   0x800'b4f0     0xb8  sai.o [1]
  .text              ro code   0x800'b5a8    0x450  spi.o [1]
  .text              ro code   0x800'b9f8    0x33c  usart.o [1]
  .text              ro code   0x800'bd34     0xa8  wwdg.o [1]
  .text              ro code   0x800'bddc     0xac  cryp.o [1]
  .text              ro code   0x800'be88     0x7c  hash.o [1]
  .text              ro code   0x800'bf04    0x454  freertos.o [1]
  .text              ro code   0x800'c358     0x10  stm32h7xx_hal.o [1]
  .text              ro code   0x800'c368     0x78  stm32h7xx_hal_msp.o [1]
  .text              ro code   0x800'c3e0     0xe6  stm32h7xx_hal_adc_ex.o [1]
  .text              ro code   0x800'c4c8    0x670  stm32h7xx_hal_adc.o [1]
  .text              ro code   0x800'cb38     0x78  stm32h7xx_hal_crc.o [1]
  .text              ro code   0x800'cbb0    0x190  stm32h7xx_hal_dac.o [1]
  .text              ro code   0x800'cd40    0x138  stm32h7xx_hal_dma2d.o [1]
  .text              ro code   0x800'ce78    0x418  stm32h7xx_hal_fdcan.o [1]
  .text              ro code   0x800'd290     0x64  stm32h7xx_hal_sram.o [1]
  .text              ro code   0x800'd2f4     0xcc  stm32h7xx_hal_nand.o [1]
  .text              ro code   0x800'd3c0     0x68  stm32h7xx_hal_sdram.o [1]
  .text              ro code   0x800'd428     0x50  stm32h7xx_hal_iwdg.o [1]
  .text              ro code   0x800'd478    0x774  stm32h7xx_hal_jpeg.o [1]
  .text              ro code   0x800'dbec     0xbc  stm32h7xx_hal_lptim.o [1]
  .text              ro code   0x800'dca8    0x240  stm32h7xx_hal_ltdc.o [1]
  .text              ro code   0x800'dee8     0xfa  stm32h7xx_hal_qspi.o [1]
  .text              ro code   0x800'dfe2     0x3c  stm32h7xx_hal_rng.o [1]
  .text              ro code   0x800'e020    0x324  stm32h7xx_hal_sai.o [1]
  .text              ro code   0x800'e344    0x3e0  stm32h7xx_hal_spi.o [1]
  .text              ro code   0x800'e724    0x610  stm32h7xx_hal_dma.o [1]
  .text              ro code   0x800'ed34    0x94c  stm32h7xx_hal_uart.o [1]
  .text              ro code   0x800'f680     0x4a  stm32h7xx_hal_wwdg.o [1]
  .text              ro code   0x800'f6cc     0x50  stm32h7xx_hal_cryp.o [1]
  .text              ro code   0x800'f71c     0x54  stm32h7xx_hal_hash.o [1]
  .text              ro code   0x800'f770     0x5c  fatfs.o [1]
  .text              ro code   0x800'f7cc      0x2  libjpeg.o [1]
  .text              ro code   0x800'f7ce      0x2  mbedtls.o [1]
  .text              ro code   0x800'f7d0     0x40  pdm2pcm.o [1]
  .text              ro code   0x800'f810     0x7c  usb_host.o [1]
  .text              ro code   0x800'f88c     0x48  stm32h7xx_hal_crc_ex.o [1]
  .text              ro code   0x800'f8d4      0x2  stm32h7xx_hal_dac.o [1]
  .text              ro code   0x800'f8d6      0x2  stm32h7xx_hal_dac_ex.o [1]
  .text              ro code   0x800'f8d8    0x264  stm32h7xx_ll_fmc.o [1]
  .text              ro code   0x800'fb3c      0x2  stm32h7xx_hal_nand.o [1]
  .text              ro code   0x800'fb3e      0x2  stm32h7xx_hal_sdram.o [1]
  .text              ro code   0x800'fb40      0x2  stm32h7xx_hal_spi.o [1]
  .text              ro code   0x800'fb42      0x2  stm32h7xx_hal_spi.o [1]
  .text              ro code   0x800'fb44      0x2  stm32h7xx_hal_spi.o [1]
  .text              ro code   0x800'fb46      0x2  stm32h7xx_hal_spi.o [1]
  .text              ro code   0x800'fb48      0x2  stm32h7xx_hal_uart.o [1]
  .text              ro code   0x800'fb4a      0x2  stm32h7xx_hal_uart_ex.o [1]
  .text              ro code   0x800'fb4c      0x2  stm32h7xx_hal_uart.o [1]
  .text              ro code   0x800'fb4e      0x2  stm32h7xx_hal_uart.o [1]
  .text              ro code   0x800'fb50      0x2  stm32h7xx_hal_wwdg.o [1]
  .text              ro code   0x800'fb54     0x54  ff_gen_drv.o [1]
  .text              ro code   0x800'fba8    0x8dc  usbh_core.o [1]
  .text              ro code   0x801'0484     0x28  printf.o [2]
  .text              ro code   0x801'04ac    0x268  usbh_conf.o [1]
  .text              ro code   0x801'0714     0x72  usbh_pipes.o [1]
  .text              ro code   0x801'0788    0x480  usbh_ctlreq.o [1]
  .text              ro code   0x801'0c08    0x75e  stm32h7xx_hal_hcd.o [1]
  .text              ro code   0x801'1366     0xbc  usbh_ioreq.o [1]
  .text              ro code   0x801'1424    0x63a  stm32h7xx_ll_usb.o [1]
  .text              ro code   0x801'1a60    0xbb6  usbh_mtp.o [1]
  .text              ro code   0x801'2618    0x814  usbh_mtp_ptp.o [1]
  .text              ro code   0x801'2e2c      0x4  heaptramp0.o [2]
  .text              ro code   0x801'2e30    0xb7e  usbh_audio.o [1]
  .text              ro code   0x801'39ae      0x2  usbh_audio.o [1]
  .text              ro code   0x801'39b0    0x860  usbh_msc.o [1]
  .text              ro code   0x801'4210    0x23c  usbh_msc_bot.o [1]
  .text              ro code   0x801'444c    0x2a6  usbh_msc_scsi.o [1]
  .text              ro code   0x801'46f4    0x4ae  usbh_hid.o [1]
  .text              ro code   0x801'4ba4    0x42a  usbh_cdc.o [1]
  .text              ro code   0x801'4fce      0x2  usbh_cdc.o [1]
  .text              ro code   0x801'4fd0      0x2  usbh_cdc.o [1]
  .text              ro code   0x801'4fd4    0x33c  stm32h7xx_hal_eth.o [1]
  .text              ro code   0x801'5310     0x4c  ethernetif.o [1]
  .text              ro code   0x801'535c      0x2  stm32h7xx_hal_eth.o [1]
  .text              ro code   0x801'535e      0x2  stm32h7xx_hal_eth.o [1]
  .text              ro code   0x801'5360      0x2  stm32h7xx_hal_eth.o [1]
  .text              ro code   0x801'5362      0x2  stm32h7xx_hal_eth.o [1]
  .text              ro code   0x801'5364      0x2  stm32h7xx_hal_eth.o [1]
  .text              ro code   0x801'5366      0x2  stm32h7xx_hal_eth.o [1]
  .text              ro code   0x801'5368    0x1f8  usbh_diskio.o [1]
  .text              ro code   0x801'5560    0x126  stm32h7xx_it.o [1]
  .text              ro code   0x801'5686     0xd8  xfspos.o [2]
  .text              ro code   0x801'5760     0xac  fflush.o [2]
  .text              ro code   0x801'580c      0xc  xfgpos.o [2]
  .text              ro code   0x801'5818     0x4a  lseek.o [6]
  .text              ro code   0x801'5862     0x10  write.o [6]
  .text              ro code   0x801'5874     0xcc  XShHandles.o [2]
  .text              ro code   0x801'5940     0x1e  dwrite.o [6]
  .text              ro code   0x801'595e     0x20  iarwstd.o [6]
  .text              ro code   0x801'597e     0x22  iarwrite.o [6]
  .rodata            const     0x801'59a0     0xb8  freertos.o [1]
  .text              ro code   0x801'5a58     0xb4  xfwprep.o [2]
  .text              ro code   0x801'5b0c     0x24  fseek.o [2]
  .text              ro code   0x801'5b30     0x94  sdram_diskio.o [1]
  .text              ro code   0x801'5bc4      0x4  bsp_driver_sdram.o [1]
  .text              ro code   0x801'5bc8     0x90  sram_diskio.o [1]
  .text              ro code   0x801'5c58      0x4  bsp_driver_sram.o [1]
  .text              ro code   0x801'5c5c     0x8c  xfofind.o [2]
  .text              ro code   0x801'5ce8     0x7e  fclose.o [2]
  .text              ro code   0x801'5d66     0x18  close.o [6]
  .text              ro code   0x801'5d7e     0x14  remove.o [6]
  .text              ro code   0x801'5d94     0x78  system_stm32h7xx.o [1]
  .text              ro code   0x801'5e0c     0x54  fputc.o [2]
  .text              ro code   0x801'5e60     0x40  usbh_hid_keybd.o [1]
  .text              ro code   0x801'5ea0     0x3c  xcloseall.o [2]
  .text              ro code   0x801'5edc     0x38  usbh_hid_mouse.o [1]
  .text              ro code   0x801'5f14     0x28  data_init.o [5]
  .text              ro code   0x801'5f3c     0x22  fpinit_M.o [4]
  .iar.init_table    const     0x801'5f60     0x20  - Linker created -
  .text              ro code   0x801'5f80     0x20  user_diskio.o [1]
  .text              ro code   0x801'5fa0     0x1e  cmain.o [5]
  .text              ro code   0x801'5fbe      0x4  low_level_init.o [2]
  .text              ro code   0x801'5fc2      0x4  exit.o [2]
  .text              ro code   0x801'5fc8      0xe  cexit.o [5]
  .text              ro code   0x801'5fd6     0x16  xprout.o [2]
  .text              ro code   0x801'5fec      0xc  putchar.o [2]
  .rodata            const     0x801'5ff8     0x14  sd_diskio.o [1]
  .rodata            const     0x801'600c     0x14  sdram_diskio.o [1]
  .rodata            const     0x801'6020     0x14  sram_diskio.o [1]
  .rodata            const     0x801'6034     0x14  usbh_diskio.o [1]
  .text              ro code   0x801'6048     0x10  startup_stm32h753xx.o [1]
  .rodata            const     0x801'6058      0xc  usbh_core.o [1]
  .text              ro code   0x801'6064      0xc  cstartup_M.o [5]
  .rodata            const     0x801'6070      0x8  usbh_audio.o [1]
  .rodata            const     0x801'6078      0x6  xlocale_c.o [2]
  .rodata            const     0x801'6080      0x4  usbh_cdc.o [1]
  .rodata            const     0x801'6084      0x4  usbh_hid.o [1]
  .rodata            const     0x801'6088      0x4  usbh_msc.o [1]
  .rodata            const     0x801'608c      0x4  usbh_mtp.o [1]
  .text              ro code   0x801'6090      0x4  startup_stm32h753xx.o [1]
  .text              ro code   0x801'6094      0x4  startup_stm32h753xx.o [1]
  .text              ro code   0x801'6098      0x4  startup_stm32h753xx.o [1]
  .text              ro code   0x801'609c      0x4  startup_stm32h753xx.o [1]
  .text              ro code   0x801'60a0      0x4  startup_stm32h753xx.o [1]
  .text              ro code   0x801'60a4      0x4  startup_stm32h753xx.o [1]
  .text              ro code   0x801'60a8      0x4  startup_stm32h753xx.o [1]
  .text              ro code   0x801'60ac      0x4  startup_stm32h753xx.o [1]
  .text              ro code   0x801'60b0      0x4  startup_stm32h753xx.o [1]
  .text              ro code   0x801'60b4      0x4  startup_stm32h753xx.o [1]
  .text              ro code   0x801'60b8      0x4  startup_stm32h753xx.o [1]
  .text              ro code   0x801'60bc      0x4  startup_stm32h753xx.o [1]
  .text              ro code   0x801'60c0      0x4  startup_stm32h753xx.o [1]
  .text              ro code   0x801'60c4      0x4  startup_stm32h753xx.o [1]
  .text              ro code   0x801'60c8      0x4  startup_stm32h753xx.o [1]
  .text              ro code   0x801'60cc      0x4  startup_stm32h753xx.o [1]
  .text              ro code   0x801'60d0      0x4  startup_stm32h753xx.o [1]
  .text              ro code   0x801'60d4      0x4  startup_stm32h753xx.o [1]
  .text              ro code   0x801'60d8      0x4  startup_stm32h753xx.o [1]
  .text              ro code   0x801'60dc      0x4  startup_stm32h753xx.o [1]
  .text              ro code   0x801'60e0      0x4  startup_stm32h753xx.o [1]
  .text              ro code   0x801'60e4      0x4  startup_stm32h753xx.o [1]
  .text              ro code   0x801'60e8      0x4  startup_stm32h753xx.o [1]
  .text              ro code   0x801'60ec      0x4  startup_stm32h753xx.o [1]
  .text              ro code   0x801'60f0      0x4  startup_stm32h753xx.o [1]
  .text              ro code   0x801'60f4      0x4  startup_stm32h753xx.o [1]
  .text              ro code   0x801'60f8      0x4  startup_stm32h753xx.o [1]
  .text              ro code   0x801'60fc      0x4  startup_stm32h753xx.o [1]
  .text              ro code   0x801'6100      0x4  startup_stm32h753xx.o [1]
  .text              ro code   0x801'6104      0x4  startup_stm32h753xx.o [1]
  .text              ro code   0x801'6108      0x4  startup_stm32h753xx.o [1]
  .text              ro code   0x801'610c      0x4  startup_stm32h753xx.o [1]
  .text              ro code   0x801'6110      0x4  startup_stm32h753xx.o [1]
  .text              ro code   0x801'6114      0x4  startup_stm32h753xx.o [1]
  .text              ro code   0x801'6118      0x4  startup_stm32h753xx.o [1]
  .text              ro code   0x801'611c      0x4  startup_stm32h753xx.o [1]
  .text              ro code   0x801'6120      0x4  startup_stm32h753xx.o [1]
  .text              ro code   0x801'6124      0x4  startup_stm32h753xx.o [1]
  .text              ro code   0x801'6128      0x4  startup_stm32h753xx.o [1]
  .text              ro code   0x801'612c      0x4  startup_stm32h753xx.o [1]
  .text              ro code   0x801'6130      0x4  startup_stm32h753xx.o [1]
  .text              ro code   0x801'6134      0x4  startup_stm32h753xx.o [1]
  .text              ro code   0x801'6138      0x4  startup_stm32h753xx.o [1]
  .text              ro code   0x801'613c      0x4  startup_stm32h753xx.o [1]
  .text              ro code   0x801'6140      0x4  startup_stm32h753xx.o [1]
  .text              ro code   0x801'6144      0x4  startup_stm32h753xx.o [1]
  .text              ro code   0x801'6148      0x4  startup_stm32h753xx.o [1]
  .text              ro code   0x801'614c      0x4  startup_stm32h753xx.o [1]
  .text              ro code   0x801'6150      0x4  startup_stm32h753xx.o [1]
  .text              ro code   0x801'6154      0x4  startup_stm32h753xx.o [1]
  .text              ro code   0x801'6158      0x4  startup_stm32h753xx.o [1]
  .text              ro code   0x801'615c      0x4  startup_stm32h753xx.o [1]
  .text              ro code   0x801'6160      0x4  startup_stm32h753xx.o [1]
  .text              ro code   0x801'6164      0x4  startup_stm32h753xx.o [1]
  .text              ro code   0x801'6168      0x4  startup_stm32h753xx.o [1]
  .text              ro code   0x801'616c      0x4  startup_stm32h753xx.o [1]
  .text              ro code   0x801'6170      0x4  startup_stm32h753xx.o [1]
  .text              ro code   0x801'6174      0x4  startup_stm32h753xx.o [1]
  .text              ro code   0x801'6178      0x4  startup_stm32h753xx.o [1]
  .text              ro code   0x801'617c      0x4  startup_stm32h753xx.o [1]
  .text              ro code   0x801'6180      0x4  startup_stm32h753xx.o [1]
  .text              ro code   0x801'6184      0x4  startup_stm32h753xx.o [1]
  .text              ro code   0x801'6188      0x4  startup_stm32h753xx.o [1]
  .text              ro code   0x801'618c      0x4  startup_stm32h753xx.o [1]
  .text              ro code   0x801'6190      0x4  startup_stm32h753xx.o [1]
  .text              ro code   0x801'6194      0x4  startup_stm32h753xx.o [1]
  .text              ro code   0x801'6198      0x4  startup_stm32h753xx.o [1]
  .text              ro code   0x801'619c      0x4  startup_stm32h753xx.o [1]
  .text              ro code   0x801'61a0      0x4  startup_stm32h753xx.o [1]
  .text              ro code   0x801'61a4      0x4  startup_stm32h753xx.o [1]
  .text              ro code   0x801'61a8      0x4  startup_stm32h753xx.o [1]
  .text              ro code   0x801'61ac      0x4  startup_stm32h753xx.o [1]
  .text              ro code   0x801'61b0      0x4  startup_stm32h753xx.o [1]
  .text              ro code   0x801'61b4      0x4  startup_stm32h753xx.o [1]
  .text              ro code   0x801'61b8      0x4  startup_stm32h753xx.o [1]
  .text              ro code   0x801'61bc      0x4  startup_stm32h753xx.o [1]
  .text              ro code   0x801'61c0      0x4  startup_stm32h753xx.o [1]
  .text              ro code   0x801'61c4      0x4  startup_stm32h753xx.o [1]
  .text              ro code   0x801'61c8      0x4  startup_stm32h753xx.o [1]
  .text              ro code   0x801'61cc      0x4  startup_stm32h753xx.o [1]
  .text              ro code   0x801'61d0      0x4  startup_stm32h753xx.o [1]
  .text              ro code   0x801'61d4      0x4  startup_stm32h753xx.o [1]
  .text              ro code   0x801'61d8      0x4  startup_stm32h753xx.o [1]
  .text              ro code   0x801'61dc      0x4  startup_stm32h753xx.o [1]
  .text              ro code   0x801'61e0      0x4  startup_stm32h753xx.o [1]
  .text              ro code   0x801'61e4      0x4  startup_stm32h753xx.o [1]
  .text              ro code   0x801'61e8      0x4  startup_stm32h753xx.o [1]
  .text              ro code   0x801'61ec      0x4  startup_stm32h753xx.o [1]
  .text              ro code   0x801'61f0      0x4  startup_stm32h753xx.o [1]
  .text              ro code   0x801'61f4      0x4  startup_stm32h753xx.o [1]
  .text              ro code   0x801'61f8      0x4  startup_stm32h753xx.o [1]
  .text              ro code   0x801'61fc      0x4  startup_stm32h753xx.o [1]
  .text              ro code   0x801'6200      0x4  startup_stm32h753xx.o [1]
  .text              ro code   0x801'6204      0x4  startup_stm32h753xx.o [1]
  .text              ro code   0x801'6208      0x4  startup_stm32h753xx.o [1]
  .text              ro code   0x801'620c      0x4  startup_stm32h753xx.o [1]
  .text              ro code   0x801'6210      0x4  startup_stm32h753xx.o [1]
  .text              ro code   0x801'6214      0x4  startup_stm32h753xx.o [1]
  .text              ro code   0x801'6218      0x4  startup_stm32h753xx.o [1]
  .text              ro code   0x801'621c      0x4  startup_stm32h753xx.o [1]
  .text              ro code   0x801'6220      0x4  startup_stm32h753xx.o [1]
  .text              ro code   0x801'6224      0x4  startup_stm32h753xx.o [1]
  .text              ro code   0x801'6228      0x4  startup_stm32h753xx.o [1]
  .text              ro code   0x801'622c      0x4  startup_stm32h753xx.o [1]
  .text              ro code   0x801'6230      0x4  startup_stm32h753xx.o [1]
  .text              ro code   0x801'6234      0x4  startup_stm32h753xx.o [1]
  .text              ro code   0x801'6238      0x4  startup_stm32h753xx.o [1]
  .text              ro code   0x801'623c      0x4  startup_stm32h753xx.o [1]
  .text              ro code   0x801'6240      0x4  startup_stm32h753xx.o [1]
  .text              ro code   0x801'6244      0x4  startup_stm32h753xx.o [1]
  .text              ro code   0x801'6248      0x4  startup_stm32h753xx.o [1]
  .text              ro code   0x801'624c      0x4  startup_stm32h753xx.o [1]
  .text              ro code   0x801'6250      0x4  startup_stm32h753xx.o [1]
  .text              ro code   0x801'6254      0x0  cstart_closeall.o [5]
  .rodata            const     0x801'6254      0x0  zero_init3.o [5]
  .rodata            const     0x801'6254      0x0  lz77_init_single.o [5]
  Initializer bytes  const     0x801'6254    0x532  <for P2-1>
                             - 0x801'6786  0x164ee

"P2", part 1 of 3:                           0x6ef
  P2-1                        0x2000'0000    0x6ef  <Init block>
    .data            inited   0x2000'0000     0x8c  ethernetif.o [1]
    .data            inited   0x2000'008c      0xc  port.o [1]
    .data            inited   0x2000'0098      0x8  sd_diskio.o [1]
    .data            inited   0x2000'00a0      0xc  stm32h7xx_hal.o [1]
    .data            inited   0x2000'00ac      0x4  system_stm32h7xx.o [1]
    .data            inited   0x2000'00b0      0x4  system_stm32h7xx.o [1]
    .data            inited   0x2000'00b4     0x20  usbh_audio.o [1]
    .data            inited   0x2000'00d4     0x20  usbh_cdc.o [1]
    .data            inited   0x2000'00f4     0x20  usbh_hid.o [1]
    .data            inited   0x2000'0114     0x20  usbh_msc.o [1]
    .data            inited   0x2000'0134     0x20  usbh_mtp.o [1]
    .data            inited   0x2000'0154     0x14  user_diskio.o [1]
    .data            inited   0x2000'0168    0x404  pdm_filter.o [3]
    .data            inited   0x2000'056c     0x38  xlocale_c.o [2]
    .data            inited   0x2000'05a4     0x48  xlocale_c.o [2]
    .data            inited   0x2000'05ec     0x48  xfiles.o [2]
    .data            inited   0x2000'0634     0x48  xfiles.o [2]
    .data            inited   0x2000'067c     0x48  xfiles.o [2]
    .data            inited   0x2000'06c4     0x20  xfiles.o [2]
    .data            inited   0x2000'06e4      0x8  XShttio.o [2]
    .data            inited   0x2000'06ec      0x1  sdram_diskio.o [1]
    .data            inited   0x2000'06ed      0x1  sram_diskio.o [1]
    .data            inited   0x2000'06ee      0x1  user_diskio.o [1]
                            - 0x2000'06ef    0x6ef

"P2", part 2 of 3:                         0x164c0
  .bss               zero     0x2000'06f0  0x13a00  heap_4.o [1]
  .bss               zero     0x2001'40f0    0x800  usbh_diskio.o [1]
  .bss               zero     0x2001'48f0    0x5a0  usb_host.o [1]
  .bss               zero     0x2001'4e90    0x2d0  spi.o [1]
  .bss               zero     0x2001'5160    0x2d0  usart.o [1]
  .bss               zero     0x2001'5430    0x298  usbh_conf.o [1]
  .bss               zero     0x2001'56c8    0x1d8  dlmalloc.o [2]
  .bss               zero     0x2001'58a0    0x10c  fmc.o [1]
  .bss               zero     0x2001'59ac     0xc8  tasks.o [1]
  .bss               zero     0x2001'5a74     0xa8  ltdc.o [1]
  .bss               zero     0x2001'5b1c     0xa0  tasks.o [1]
  .bss               zero     0x2001'5bbc     0x9c  fdcan.o [1]
  .bss               zero     0x2001'5c58     0x94  sai.o [1]
  .bss               zero     0x2001'5cec     0x88  spi.o [1]
  .bss               zero     0x2001'5d74     0x88  spi.o [1]
  .bss               zero     0x2001'5dfc     0x88  spi.o [1]
  .bss               zero     0x2001'5e84     0x88  spi.o [1]
  .bss               zero     0x2001'5f0c     0x80  usart.o [1]
  .bss               zero     0x2001'5f8c     0x80  usart.o [1]
  .bss               zero     0x2001'600c     0x80  usart.o [1]
  .bss               zero     0x2001'608c     0x80  XShHandles.o [2]
  .bss               zero     0x2001'610c     0x7c  freertos.o [1]
  .bss               zero     0x2001'6188     0x7c  sdmmc.o [1]
  .bss               zero     0x2001'6204     0x68  ethernetif.o [1]
  .bss               zero     0x2001'626c     0x64  adc.o [1]
  .bss               zero     0x2001'62d0     0x64  adc.o [1]
  .bss               zero     0x2001'6334     0x64  adc.o [1]
  .bss               zero     0x2001'6398     0x60  dma2d.o [1]
  .bss               zero     0x2001'63f8     0x54  jpeg.o [1]
  .bss               zero     0x2001'644c     0x54  pdm2pcm.o [1]
  .bss               zero     0x2001'64a0     0x50  xfiles.o [2]
  .bss               zero     0x2001'64f0     0x50  xfiles.o [2]
  .bss               zero     0x2001'6540     0x4c  quadspi.o [1]
  .bss               zero     0x2001'658c     0x48  cryp.o [1]
  .bss               zero     0x2001'65d4     0x40  stm32h7xx_hal_timebase_TIM.o [1]
  .bss               zero     0x2001'6614     0x40  tim.o [1]
  .bss               zero     0x2001'6654     0x40  tim.o [1]
  .bss               zero     0x2001'6694     0x40  tim.o [1]
  .bss               zero     0x2001'66d4     0x40  tim.o [1]
  .bss               zero     0x2001'6714     0x40  tim.o [1]
  .bss               zero     0x2001'6754     0x40  tim.o [1]
  .bss               zero     0x2001'6794     0x40  tim.o [1]
  .bss               zero     0x2001'67d4     0x40  tim.o [1]
  .bss               zero     0x2001'6814     0x40  tim.o [1]
  .bss               zero     0x2001'6854     0x40  tim.o [1]
  .bss               zero     0x2001'6894     0x40  tim.o [1]
  .bss               zero     0x2001'68d4     0x40  tim.o [1]
  .bss               zero     0x2001'6914     0x40  tim.o [1]
  .bss               zero     0x2001'6954     0x38  hash.o [1]
  .bss               zero     0x2001'698c     0x38  lptim.o [1]
  .bss               zero     0x2001'69c4     0x38  lptim.o [1]
  .bss               zero     0x2001'69fc     0x38  lptim.o [1]
  .bss               zero     0x2001'6a34     0x38  lptim.o [1]
  .bss               zero     0x2001'6a6c     0x38  lptim.o [1]
  .bss               zero     0x2001'6aa4     0x34  ff_gen_drv.o [1]
  .bss               zero     0x2001'6ad8     0x24  crc.o [1]
  .bss               zero     0x2001'6afc     0x1c  fatfs.o [1]
  .bss               zero     0x2001'6b18     0x18  usbh_hid_keybd.o [1]
  .bss               zero     0x2001'6b30     0x18  dlmalloc.o [2]
  .bss               zero     0x2001'6b48     0x14  dac.o [1]
  .bss               zero     0x2001'6b5c     0x14  wwdg.o [1]
  .bss               zero     0x2001'6b70     0x10  iwdg.o [1]
  .bss               zero     0x2001'6b80     0x10  rng.o [1]
  .bss               zero     0x2001'6b90      0xc  usbh_hid_mouse.o [1]
  .bss               zero     0x2001'6b9c      0x4  adc.o [1]
  .bss               zero     0x2001'6ba0      0x4  fmc.o [1]
  .bss               zero     0x2001'6ba4      0x4  xfail_s.o [2]
  .bss               zero     0x2001'6ba8      0x4  xgetmemchunk.o [2]
  .bss               zero     0x2001'6bac      0x1  usb_host.o [1]
  .bss               zero     0x2001'6bad      0x1  XShttio.o [2]
                            - 0x2001'6bae  0x164be

"P2", part 3 of 3:                          0x2000
  CSTACK                      0x2001'6bb0   0x1000  <Block>
    CSTACK           uninit   0x2001'6bb0   0x1000  <Block tail>
  HEAP                        0x2001'7bb0   0x1000  <Block>
    HEAP             uninit   0x2001'7bb0   0x1000  <Block tail>
                            - 0x2001'8bb0   0x2000

Unused ranges:

         From           To       Size
         ----           --       ----
   0x801'6786   0x81f'ffff  0x1e'987a
  0x2000'06ef  0x2000'06ef        0x1
  0x2001'8bb0  0x2001'ffff     0x7450


*******************************************************************************
*** INIT TABLE
***

          Address      Size
          -------      ----
Zero (__iar_zero_init3)
    1 destination range, total size 0x164be:
          0x2000'06f0  0x164be

Copy/lz77 (__iar_lz77_init_single3)
    1 source range, total size 0x532 (74% of destination):
           0x801'6254    0x532
    1 destination range, total size 0x6ef:
          0x2000'0000    0x6ef



*******************************************************************************
*** MODULE SUMMARY
***

    Module                        ro code  ro data  rw data
    ------                        -------  -------  -------
command line/config:
    -------------------------------------------------------
    Total:

F:\other\bld\STM32H7\project\ceshi_one\first_one\EWARM\first_one\Obj: [1]
    adc.o                             508               304
    bsp_driver_sd.o                   132
    bsp_driver_sdram.o                  4
    bsp_driver_sram.o                   4
    cmsis_os.o                        500
    crc.o                             148                36
    cryp.o                            172                72
    dac.o                             216                20
    dma.o                             240
    dma2d.o                           180                96
    ethernetif.o                       76      104      244
    fatfs.o                            92                28
    fdcan.o                           268               156
    ff_gen_drv.o                       84                52
    fmc.o                             692               272
    freertos.o                      1 108      184      124
    gpio.o                            496
    hash.o                            124                56
    heap_4.o                          444            80 384
    iwdg.o                            108                16
    jpeg.o                            136                84
    libjpeg.o                           2
    list.o                            146
    lptim.o                           416               280
    ltdc.o                            588               168
    main.o                            646
    mbedtls.o                           2
    pdm2pcm.o                          64                84
    port.o                            456        9       12
    portasm.o                         172
    quadspi.o                         272                76
    queue.o                         1 612
    rng.o                             140                16
    sai.o                             184               148
    sd_diskio.o                       344       26        8
    sdmmc.o                           160               124
    sdram_diskio.o                    148       21        1
    spi.o                           1 104             1 264
    sram_diskio.o                     144       21        1
    startup_stm32h753xx.o           1 132
    stm32h7xx_hal.o                   116        9       12
    stm32h7xx_hal_adc.o             1 648
    stm32h7xx_hal_adc_ex.o            230
    stm32h7xx_hal_cortex.o            224
    stm32h7xx_hal_crc.o               120
    stm32h7xx_hal_crc_ex.o             72
    stm32h7xx_hal_cryp.o               80
    stm32h7xx_hal_dac.o               402
    stm32h7xx_hal_dac_ex.o              2
    stm32h7xx_hal_dma.o             1 552
    stm32h7xx_hal_dma2d.o             312
    stm32h7xx_hal_eth.o               840
    stm32h7xx_hal_fdcan.o           1 048
    stm32h7xx_hal_gpio.o              512
    stm32h7xx_hal_hash.o               84
    stm32h7xx_hal_hcd.o             1 886
    stm32h7xx_hal_iwdg.o               80
    stm32h7xx_hal_jpeg.o            1 908
    stm32h7xx_hal_lptim.o             188
    stm32h7xx_hal_ltdc.o              576
    stm32h7xx_hal_msp.o               120
    stm32h7xx_hal_nand.o              206
    stm32h7xx_hal_qspi.o              250
    stm32h7xx_hal_rcc.o             1 920
    stm32h7xx_hal_rcc_ex.o          3 132
    stm32h7xx_hal_rng.o                60
    stm32h7xx_hal_sai.o               804
    stm32h7xx_hal_sd.o              3 800
    stm32h7xx_hal_sdram.o             106
    stm32h7xx_hal_spi.o             1 000
    stm32h7xx_hal_sram.o              100
    stm32h7xx_hal_tim.o               992
    stm32h7xx_hal_tim_ex.o             88
    stm32h7xx_hal_timebase_TIM.o      120                64
    stm32h7xx_hal_uart.o            2 386
    stm32h7xx_hal_uart_ex.o             2
    stm32h7xx_hal_wwdg.o               76
    stm32h7xx_it.o                    294
    stm32h7xx_ll_delayblock.o         116
    stm32h7xx_ll_fmc.o                612
    stm32h7xx_ll_sdmmc.o            1 456
    stm32h7xx_ll_usb.o              1 594
    system_stm32h7xx.o                120        6        8
    tasks.o                         1 964               360
    tim.o                           1 184               832
    usart.o                           828             1 104
    usb_host.o                        124             1 441
    usbh_audio.o                    2 944       32       32
    usbh_cdc.o                      1 070       28       32
    usbh_conf.o                       616               664
    usbh_core.o                     2 268       12
    usbh_ctlreq.o                   1 152
    usbh_diskio.o                     504       20    2 048
    usbh_hid.o                      1 198       28       32
    usbh_hid_keybd.o                   64                24
    usbh_hid_mouse.o                   56                12
    usbh_ioreq.o                      188
    usbh_msc.o                      2 144       28       32
    usbh_msc_bot.o                    572
    usbh_msc_scsi.o                   678
    usbh_mtp.o                      2 998       28       32
    usbh_mtp_ptp.o                  2 068
    usbh_pipes.o                      114
    user_diskio.o                      32       16       21
    wwdg.o                            168                20
    -------------------------------------------------------
    Total:                         67 632      572   90 896

dl7M_tlf.a: [2]
    XShHandles.o                      204               128
    XShttio.o                          60        6        9
    abort.o                             6
    dlmalloc.o                      5 344               496
    exit.o                              4
    fclose.o                          126
    fflush.o                          172
    fputc.o                            84
    fseek.o                            36
    heaptramp0.o                        4
    low_level_init.o                    4
    printf.o                           40
    putchar.o                          12
    xcloseall.o                        60
    xencoding_8859_1.o                 30
    xfail_s.o                          64                 4
    xfgpos.o                           12
    xfiles.o                                   186      408
    xfofind.o                         140
    xfspos.o                          216
    xfwprep.o                         180
    xgetmemchunk.o                     44                 4
    xlocale_c.o                       120      101      128
    xmbcurmax.o                        10
    xprintffull.o                   3 962
    xprout.o                           22
    -------------------------------------------------------
    Total:                         10 956      293    1 177

libPDMFilter_CM7_IAR.a: [3]
    pdm_filter.o                    7 388      771    1 028
    -------------------------------------------------------
    Total:                          7 388      771    1 028

m7M_tlv.a: [4]
    DblCmpGe.o                         46
    DblCmpLe.o                         46
    DblDiv.o                           18
    DblMul.o                           18
    DblSub.o                           18
    DblToS32.o                         14
    DblToU32.o                         14
    FltToDbl.o                         14
    S32ToDbl.o                         14
    U32ToDbl.o                         14
    fpinit_M.o                         34
    frexp.o                           112
    frexpf.o                           72
    iar_Exp32.o                       636
    ldexp.o                           260
    ldexpf.o                          196
    pow32.o                           996
    round.o                            98
    -------------------------------------------------------
    Total:                          2 620

rt7M_tl.a: [5]
    ABImemclr.o                         6
    ABImemclr4.o                        6
    ABImemcpy.o                       166
    ABImemset.o                       102
    ABImemset48.o                      50
    I64DivMod.o                       560
    I64DivZer.o                         2
    cexit.o                            14
    cmain.o                            30
    cstart_closeall.o
    cstartup_M.o                       12
    data_init.o                        40
    lz77_init_single.o                122
    memchr.o                           88
    strchr.o                           22
    strlen.o                           54
    zero_init3.o                       58
    -------------------------------------------------------
    Total:                          1 332

shb_l.a: [6]
    close.o                            24
    dwrite.o                           30
    exit.o                             20
    iarttio.o                         128
    iarwrite.o                         34
    iarwstd.o                          32
    lseek.o                            74
    remove.o                           20
    write.o                            16
    -------------------------------------------------------
    Total:                            378

    Gaps                               60        4
    Linker created                              32    8 192
-----------------------------------------------------------
    Grand Total:                   90 366    1 672  101 293


*******************************************************************************
*** ENTRY LIST
***

Entry                       Address     Size  Type      Object
-----                       -------     ----  ----      ------
.iar.init_table$$Base    0x801'5f60            --   Gb  - Linker created -
.iar.init_table$$Limit   0x801'5f80            --   Gb  - Linker created -
?main                    0x801'5fa1           Code  Gb  cmain.o [5]
AD1_TaskHandle          0x2001'6170      0x4  Data  Gb  freertos.o [1]
AD2_TaskHandle          0x2001'6174      0x4  Data  Gb  freertos.o [1]
AD3_TaskHandle          0x2001'6178      0x4  Data  Gb  freertos.o [1]
ADC1_SemHandle          0x2001'617c      0x4  Data  Gb  freertos.o [1]
ADC2_SemHandle          0x2001'6180      0x4  Data  Gb  freertos.o [1]
ADC_Inside_Task          0x800'c1cb      0x8  Code  Gb  freertos.o [1]
ADC_TaskHandle          0x2001'613c      0x4  Data  Gb  freertos.o [1]
AD_TaskHandle           0x2001'6138      0x4  Data  Gb  freertos.o [1]
AD_Task_Func             0x800'c1c3      0x8  Code  Gb  freertos.o [1]
AUDIO_Class             0x2000'00b4     0x20  Data  Gb  usbh_audio.o [1]
AUDIO_SetVolume          0x801'3913     0x3c  Code  Lc  usbh_audio.o [1]
Appli_state             0x2001'6bac      0x1  Data  Gb  usb_host.o [1]
BSP_SDRAM_Init           0x801'5bc5      0x4  Code  Gb  bsp_driver_sdram.o [1]
BSP_SD_GetCardInfo       0x800'6a15      0x8  Code  Gb  bsp_driver_sd.o [1]
BSP_SD_GetCardState      0x800'6a01     0x14  Code  Gb  bsp_driver_sd.o [1]
BSP_SD_Init              0x800'69a5     0x32  Code  Gb  bsp_driver_sd.o [1]
BSP_SD_ReadBlocks_DMA    0x800'69d7     0x12  Code  Gb  bsp_driver_sd.o [1]
BSP_SD_ReadCpltCallback
                         0x800'6ef5      0xe  Code  Gb  sd_diskio.o [1]
BSP_SD_WriteBlocks_DMA   0x800'69e9     0x10  Code  Gb  bsp_driver_sd.o [1]
BSP_SD_WriteCpltCallback
                         0x800'6ee7      0xe  Code  Gb  sd_diskio.o [1]
BSP_SRAM_Init            0x801'5c59      0x4  Code  Gb  bsp_driver_sram.o [1]
BusFault_Handler         0x801'5567      0x2  Code  Gb  stm32h7xx_it.o [1]
CAN_SemHandle           0x2001'616c      0x4  Data  Gb  freertos.o [1]
CAN_TaskHandle          0x2001'612c      0x4  Data  Gb  freertos.o [1]
CAN_Task_Func            0x800'c1ab      0x8  Code  Gb  freertos.o [1]
CDC_Class               0x2000'00d4     0x20  Data  Gb  usbh_cdc.o [1]
CDC_ProcessTransmission
                         0x801'4eb9     0x94  Code  Lc  usbh_cdc.o [1]
COMETH_Task              0x800'c175      0x8  Code  Gb  freertos.o [1]
COMUSB_Task              0x800'c17d      0x8  Code  Gb  freertos.o [1]
CSTACK$$Base            0x2001'6bb0            --   Gb  - Linker created -
CSTACK$$Limit           0x2001'7bb0            --   Gb  - Linker created -
CacheMore                0x800'4e01     0x24  Code  Lc  xlocale_c.o [2]
CvtEltSize               0x800'd070     0x14  Data  Lc  stm32h7xx_hal_fdcan.o [1]
D128_1CH_HTONS_VOL_HP    0x800'1c45    0x2b6  Code  Lc  pdm_filter.o [3]
D128_GENERIC             0x800'10b1    0x374  Code  Lc  pdm_filter.o [3]
D16_1CH_HTONS_VOL_HP     0x800'1429     0xb2  Code  Lc  pdm_filter.o [3]
D16_GENERIC              0x800'0691     0xee  Code  Lc  pdm_filter.o [3]
D1CorePrescTable         0x801'5dfc     0x10  Data  Gb  system_stm32h7xx.o [1]
D24_1CH_HTONS_VOL_HP     0x800'14dd    0x11c  Code  Lc  pdm_filter.o [3]
D24_GENERIC              0x800'0785    0x150  Code  Lc  pdm_filter.o [3]
D32_1CH_HTONS_VOL_HP     0x800'1605    0x106  Code  Lc  pdm_filter.o [3]
D32_GENERIC              0x800'08e9    0x148  Code  Lc  pdm_filter.o [3]
D48_1CH_HTONS_VOL_HP     0x800'171d    0x15a  Code  Lc  pdm_filter.o [3]
D48_GENERIC              0x800'0a31    0x1c2  Code  Lc  pdm_filter.o [3]
D64_1CH_HTONS_VOL_HP     0x800'187d    0x1a0  Code  Lc  pdm_filter.o [3]
D64_GENERIC              0x800'0bf5    0x1f8  Code  Lc  pdm_filter.o [3]
D80_1CH_HTONS_VOL_HP     0x800'1a2d    0x1fe  Code  Lc  pdm_filter.o [3]
D80_GENERIC              0x800'0e11    0x276  Code  Lc  pdm_filter.o [3]
DAC_OUT_Task             0x800'c1d3      0x8  Code  Gb  freertos.o [1]
DAC_SemHandle           0x2001'6184      0x4  Data  Gb  freertos.o [1]
DAC_TaskHandle          0x2001'6140      0x4  Data  Gb  freertos.o [1]
DMA1_Stream0_IRQHandler
                         0x801'5577      0x6  Code  Gb  stm32h7xx_it.o [1]
DMA1_Stream1_IRQHandler
                         0x801'557d      0x6  Code  Gb  stm32h7xx_it.o [1]
DMA1_Stream2_IRQHandler
                         0x801'5583      0x6  Code  Gb  stm32h7xx_it.o [1]
DMA1_Stream3_IRQHandler
                         0x801'5589      0x6  Code  Gb  stm32h7xx_it.o [1]
DMA1_Stream4_IRQHandler
                         0x801'558f      0x6  Code  Gb  stm32h7xx_it.o [1]
DMA1_Stream5_IRQHandler
                         0x801'5595      0x6  Code  Gb  stm32h7xx_it.o [1]
DMA1_Stream6_IRQHandler
                         0x801'559b      0x6  Code  Gb  stm32h7xx_it.o [1]
DMA1_Stream7_IRQHandler
                         0x801'55b9      0x6  Code  Gb  stm32h7xx_it.o [1]
DMA2_Stream0_IRQHandler
                         0x801'55ef      0x6  Code  Gb  stm32h7xx_it.o [1]
DMA2_Stream1_IRQHandler
                         0x801'55f5      0x6  Code  Gb  stm32h7xx_it.o [1]
DMA2_Stream2_IRQHandler
                         0x801'55fb      0x6  Code  Gb  stm32h7xx_it.o [1]
DMA2_Stream3_IRQHandler
                         0x801'5601      0x6  Code  Gb  stm32h7xx_it.o [1]
DMA_CalcBaseAndBitshift
                         0x800'ec3d     0x28  Code  Lc  stm32h7xx_hal_dma.o [1]
DMA_CalcBaseAndBitshift::flagBitshiftOffset
                         0x800'ed2c      0x8  Data  Lc  stm32h7xx_hal_dma.o [1]
DMA_CalcDMAMUXChannelBaseAndMask
                         0x800'ec65     0x4a  Code  Lc  stm32h7xx_hal_dma.o [1]
DMA_CalcDMAMUXRequestGenBaseAndMask
                         0x800'ecaf     0x38  Code  Lc  stm32h7xx_hal_dma.o [1]
DeInitStateMachine       0x800'fc21     0x40  Code  Lc  usbh_core.o [1]
DebugMon_Handler         0x801'556b      0x2  Code  Gb  stm32h7xx_it.o [1]
Debug_TaskHandle        0x2001'6130      0x4  Data  Gb  freertos.o [1]
Debug_Task_Func          0x800'c1b3      0x8  Code  Gb  freertos.o [1]
DelayBlock_Enable        0x800'6a35     0x6e  Code  Gb  stm32h7xx_ll_delayblock.o [1]
ETH_IRQHandler           0x801'5607      0x6  Code  Gb  stm32h7xx_it.o [1]
ETH_PHY_IO_DeInit        0x801'5325      0x4  Code  Gb  ethernetif.o [1]
ETH_PHY_IO_GetTick       0x801'5359      0x4  Code  Gb  ethernetif.o [1]
ETH_PHY_IO_Init          0x801'5319      0xc  Code  Gb  ethernetif.o [1]
[...]
__iar_get_ttio           0x800'3df5     0x4c  Code  Gb  iarttio.o [6]
__iar_globLocale        0x2000'05a4     0x48  Data  Lc  xlocale_c.o [2]
__iar_global_Locale      0x800'4dfd      0x4  Code  Gb  xlocale_c.o [2]
__iar_init_vfp           0x801'5f3d           Code  Gb  fpinit_M.o [4]
__iar_ldexp32            0x800'27d9           Code  Gb  ldexpf.o [4]
__iar_ldexp64            0x800'5339           Code  Gb  ldexp.o [4]
__iar_lookup_ttioh       0x800'3e73      0x4  Code  Gb  XShttio.o [2]
__iar_lz77_init_single3
                         0x800'1f7b     0x7a  Code  Gb  lz77_init_single.o [5]
__iar_pow32              0x800'23d5      0x4  Code  Gb  pow32.o [4]
__iar_pow_medium32       0x800'23d5      0x4  Code  Gb  pow32.o [4]
__iar_pow_mediumf        0x800'23d5      0x4  Code  Gb  pow32.o [4]
__iar_program_start      0x801'6065           Code  Gb  cstartup_M.o [5]
__iar_round64            0x800'2431           Code  Gb  round.o [4]
__iar_scalbln32          0x800'27d9           Code  Gb  ldexpf.o [4]
__iar_scalbln64          0x800'5339           Code  Gb  ldexp.o [4]
__iar_scalbn32           0x800'27d9           Code  Gb  ldexpf.o [4]
__iar_scalbn64           0x800'5339           Code  Gb  ldexp.o [4]
__iar_sh_Discard         0x801'5875     0x42  Code  Gb  XShHandles.o [2]
__iar_sh_Move            0x801'58b7     0x46  Code  Gb  XShHandles.o [2]
__iar_sh_Pos             0x801'58fd     0x3e  Code  Gb  XShHandles.o [2]
__iar_sh_stdout          0x801'595f     0x20  Code  Gb  iarwstd.o [6]
__iar_sh_write           0x801'597f     0x22  Code  Gb  iarwrite.o [6]
__iar_softfp___iar_frexp64
                         0x800'5255           Code  Gb  frexp.o [4]
__iar_softfp___iar_ldexp64
                         0x800'5325           Code  Gb  ldexp.o [4]
__iar_softfp___iar_scalbln64
                         0x800'5325           Code  Gb  ldexp.o [4]
__iar_softfp___iar_scalbn64
                         0x800'5325           Code  Gb  ldexp.o [4]
__iar_softfp_frexp       0x800'5255           Code  Gb  frexp.o [4]
__iar_softfp_frexpl      0x800'5255           Code  Gb  frexp.o [4]
__iar_softfp_ldexp       0x800'5325           Code  Gb  ldexp.o [4]
__iar_softfp_ldexpl      0x800'5325           Code  Gb  ldexp.o [4]
__iar_softfp_scalbln     0x800'5325           Code  Gb  ldexp.o [4]
__iar_softfp_scalblnl    0x800'5325           Code  Gb  ldexp.o [4]
__iar_softfp_scalbn      0x800'5325           Code  Gb  ldexp.o [4]
__iar_softfp_scalbnl     0x800'5325           Code  Gb  ldexp.o [4]
__iar_ttio_guard_lock    0x800'3e45     0x1e  Code  Gb  XShttio.o [2]
__iar_ttio_guard_unlock
                         0x800'3e63     0x10  Code  Gb  XShttio.o [2]
__iar_ttio_handles      0x2000'06e4      0x8  Data  Lc  XShttio.o [2]
__iar_vfp___iar_round64
                         0x800'2421           Code  Gb  round.o [4]
__iar_vfp_round          0x800'2421           Code  Gb  round.o [4]
__iar_vfp_roundl         0x800'2421           Code  Gb  round.o [4]
__iar_zero_init3         0x800'23e7     0x3a  Code  Gb  zero_init3.o [5]
__low_level_init         0x801'5fbf      0x4  Code  Gb  low_level_init.o [2]
__lseek                  0x801'5819     0x4a  Code  Gb  lseek.o [6]
__vector_table           0x800'0000           Data  Gb  startup_stm32h753xx.o [1]
__write                  0x801'5863     0x10  Code  Gb  write.o [6]
_call_main               0x801'5fad           Code  Gb  cmain.o [5]
_exit                    0x801'5fc9           Code  Gb  cexit.o [5]
_gLocale_mblen           0x800'4e61      0x4  Code  Gb  xlocale_c.o [2]
_gLocale_mblenInt        0x800'4e25     0x2c  Code  Gb  xlocale_c.o [2]
_gLocale_wctomb          0x800'4e65      0x4  Code  Gb  xlocale_c.o [2]
_gLocale_wctombInt       0x800'4e5d      0x4  Code  Gb  xlocale_c.o [2]
_gm_                    0x2001'56c8    0x1d8  Data  Lc  dlmalloc.o [2]
_main                    0x801'5fbb           Code  Gb  cmain.o [5]
abort                    0x800'3d7d      0x6  Code  Gb  abort.o [2]
add_segment              0x800'2c65    0x1f2  Code  Lc  dlmalloc.o [2]
current_pbuf_idx        0x2000'0054      0x4  Data  Gb  ethernetif.o [1]
defaultTaskHandle       0x2001'610c      0x4  Data  Gb  freertos.o [1]
disk                    0x2001'6aa4     0x34  Data  Gb  ff_gen_drv.o [1]
ebuf                    0x2001'64a0     0x50  Data  Lc  xfiles.o [2]
exit                     0x801'5fc3      0x4  Code  Gb  exit.o [2]
fclose                   0x801'5ce9     0x7e  Code  Gb  fclose.o [2]
fflush                   0x801'57d5     0x34  Code  Gb  fflush.o [2]
fflushOne                0x801'5761     0x74  Code  Lc  fflush.o [2]
fifo_init                0x801'4ac7      0xe  Code  Gb  usbh_hid.o [1]
fifo_write               0x801'4ad5     0x54  Code  Gb  usbh_hid.o [1]
fputc                    0x801'5e0d     0x54  Code  Gb  fputc.o [2]
free                     0x801'2e2d      0x4  Code  Gb  heaptramp0.o [2]
frexpf                   0x800'2515           Code  Gb  frexpf.o [4]
fseek                    0x801'5b0d     0x24  Code  Gb  fseek.o [2]
hUsbHostFS              0x2001'48f0    0x5a0  Data  Gb  usb_host.o [1]
hadc1                   0x2001'626c     0x64  Data  Gb  adc.o [1]
hadc2                   0x2001'62d0     0x64  Data  Gb  adc.o [1]
hadc3                   0x2001'6334     0x64  Data  Gb  adc.o [1]
hcrc                    0x2001'6ad8     0x24  Data  Gb  crc.o [1]
hcryp                   0x2001'658c     0x48  Data  Gb  cryp.o [1]
hdac1                   0x2001'6b48     0x14  Data  Gb  dac.o [1]
hdma2d                  0x2001'6398     0x60  Data  Gb  dma2d.o [1]
hdma_spi1_rx            0x2001'4e90     0x78  Data  Gb  spi.o [1]
hdma_spi1_tx            0x2001'4f08     0x78  Data  Gb  spi.o [1]
hdma_spi2_rx            0x2001'4f80     0x78  Data  Gb  spi.o [1]
hdma_spi2_tx            0x2001'4ff8     0x78  Data  Gb  spi.o [1]
hdma_spi4_rx            0x2001'5070     0x78  Data  Gb  spi.o [1]
hdma_spi4_tx            0x2001'50e8     0x78  Data  Gb  spi.o [1]
hdma_uart5_rx           0x2001'5160     0x78  Data  Gb  usart.o [1]
hdma_uart5_tx           0x2001'51d8     0x78  Data  Gb  usart.o [1]
hdma_usart1_rx          0x2001'5250     0x78  Data  Gb  usart.o [1]
hdma_usart1_tx          0x2001'52c8     0x78  Data  Gb  usart.o [1]
hdma_usart3_rx          0x2001'5340     0x78  Data  Gb  usart.o [1]
hdma_usart3_tx          0x2001'53b8     0x78  Data  Gb  usart.o [1]
heth                    0x2001'6204     0x68  Data  Gb  ethernetif.o [1]
hfdcan1                 0x2001'5bbc     0x9c  Data  Gb  fdcan.o [1]
hhash                   0x2001'6954     0x38  Data  Gb  hash.o [1]
hhcd_USB_OTG_FS         0x2001'5430    0x298  Data  Gb  usbh_conf.o [1]
hiwdg1                  0x2001'6b70     0x10  Data  Gb  iwdg.o [1]
hjpeg                   0x2001'63f8     0x54  Data  Gb  jpeg.o [1]
hlptim1                 0x2001'698c     0x38  Data  Gb  lptim.o [1]
hlptim2                 0x2001'69c4     0x38  Data  Gb  lptim.o [1]
hlptim3                 0x2001'69fc     0x38  Data  Gb  lptim.o [1]
hlptim4                 0x2001'6a34     0x38  Data  Gb  lptim.o [1]
hlptim5                 0x2001'6a6c     0x38  Data  Gb  lptim.o [1]
hltdc                   0x2001'5a74     0xa8  Data  Gb  ltdc.o [1]
hnand1                  0x2001'58a0     0x40  Data  Gb  fmc.o [1]
hqspi                   0x2001'6540     0x4c  Data  Gb  quadspi.o [1]
hrng                    0x2001'6b80     0x10  Data  Gb  rng.o [1]
hsai_BlockA1            0x2001'5c58     0x94  Data  Gb  sai.o [1]
hsd1                    0x2001'6188     0x7c  Data  Gb  sdmmc.o [1]
hsdram1                 0x2001'5978     0x34  Data  Gb  fmc.o [1]
hspi1                   0x2001'5cec     0x88  Data  Gb  spi.o [1]
hspi2                   0x2001'5d74     0x88  Data  Gb  spi.o [1]
hspi3                   0x2001'5dfc     0x88  Data  Gb  spi.o [1]
hspi4                   0x2001'5e84     0x88  Data  Gb  spi.o [1]
hsram1                  0x2001'58e0     0x4c  Data  Gb  fmc.o [1]
hsram3                  0x2001'592c     0x4c  Data  Gb  fmc.o [1]
htim1                   0x2001'6614     0x40  Data  Gb  tim.o [1]
htim12                  0x2001'67d4     0x40  Data  Gb  tim.o [1]
htim13                  0x2001'6814     0x40  Data  Gb  tim.o [1]
htim14                  0x2001'6854     0x40  Data  Gb  tim.o [1]
htim15                  0x2001'6894     0x40  Data  Gb  tim.o [1]
htim16                  0x2001'68d4     0x40  Data  Gb  tim.o [1]
htim17                  0x2001'6914     0x40  Data  Gb  tim.o [1]
htim2                   0x2001'6654     0x40  Data  Gb  tim.o [1]
htim3                   0x2001'6694     0x40  Data  Gb  tim.o [1]
htim4                   0x2001'66d4     0x40  Data  Gb  tim.o [1]
htim5                   0x2001'6714     0x40  Data  Gb  tim.o [1]
htim6                   0x2001'65d4     0x40  Data  Gb  stm32h7xx_hal_timebase_TIM.o [1]
htim7                   0x2001'6754     0x40  Data  Gb  tim.o [1]
htim8                   0x2001'6794     0x40  Data  Gb  tim.o [1]
huart1                  0x2001'5f8c     0x80  Data  Gb  usart.o [1]
huart3                  0x2001'600c     0x80  Data  Gb  usart.o [1]
huart5                  0x2001'5f0c     0x80  Data  Gb  usart.o [1]
hwwdg1                  0x2001'6b5c     0x14  Data  Gb  wwdg.o [1]
init_mparams             0x800'28b7     0x32  Code  Lc  dlmalloc.o [2]
init_top                 0x800'28e9     0x36  Code  Lc  dlmalloc.o [2]
keybd_info              0x2001'6b18     0x10  Data  Gb  usbh_hid_keybd.o [1]
keybd_report_data       0x2001'6b28      0x8  Data  Gb  usbh_hid_keybd.o [1]
ldexp                    0x800'5339           Code  Gb  ldexp.o [4]
ldexpf                   0x800'27d9           Code  Gb  ldexpf.o [4]
ldexpl                   0x800'5339           Code  Gb  ldexp.o [4]
localeconv               0x800'4e69      0x4  Code  Gb  xlocale_c.o [2]
main                     0x800'a0a5    0x122  Code  Gb  main.o [1]
makeFreeRtosPriority     0x800'6f45      0xc  Code  Lc  cmsis_os.o [1]
memchr                   0x800'4f05           Code  Gb  memchr.o [5]
mouse_info              0x2001'6b90      0x8  Data  Gb  usbh_hid_mouse.o [1]
mouse_report_data       0x2001'6b98      0x4  Data  Gb  usbh_hid_mouse.o [1]
mparams                 0x2001'6b30     0x18  Data  Lc  dlmalloc.o [2]
obuf                    0x2001'64f0     0x50  Data  Lc  xfiles.o [2]
osDelay                  0x800'6fab      0xe  Code  Gb  cmsis_os.o [1]
osKernelRunning          0x800'6f5b     0x12  Code  Gb  cmsis_os.o [1]
osKernelStart            0x800'6f51      0xa  Code  Gb  cmsis_os.o [1]
osKernelSysTick          0x800'6f6d     0x10  Code  Gb  cmsis_os.o [1]
osMessageCreate          0x800'7035      0xa  Code  Gb  cmsis_os.o [1]
osMessageGet             0x800'7075     0x64  Code  Gb  cmsis_os.o [1]
osMessagePut             0x800'703f     0x36  Code  Gb  cmsis_os.o [1]
osMutexCreate            0x800'6fb9      0x6  Code  Gb  cmsis_os.o [1]
osSemaphoreCreate        0x800'6fbf     0x26  Code  Gb  cmsis_os.o [1]
osSemaphoreRelease       0x800'6fe5     0x30  Code  Gb  cmsis_os.o [1]
osSystickHandler         0x800'7113     0x14  Code  Gb  cmsis_os.o [1]
osThreadCreate           0x800'6f7d     0x2e  Code  Gb  cmsis_os.o [1]
pKeyCRYP                 0x800'be70     0x18  Data  Lc  cryp.o [1]
powf                     0x800'23d5      0x4  Code  Gb  pow32.o [4]
prepend_alloc            0x800'291f    0x346  Code  Lc  dlmalloc.o [2]
printf                   0x801'0485     0x28  Code  Gb  printf.o [2]
prvAddCurrentTaskToDelayedList
                         0x800'7871     0x64  Code  Lc  tasks.o [1]
prvAddNewTaskToReadyList
                         0x800'7209     0xac  Code  Lc  tasks.o [1]
prvCopyDataFromQueue     0x800'7e8d     0x26  Code  Lc  queue.o [1]
prvCopyDataToQueue       0x800'7e25     0x68  Code  Lc  queue.o [1]
prvDeleteTCB             0x800'76c1     0x14  Code  Lc  tasks.o [1]
prvIdleTask              0x800'7661     0x60  Code  Lc  tasks.o [1]
prvInitialiseNewQueue    0x800'7995     0x16  Code  Lc  queue.o [1]
prvInitialiseNewTask     0x800'7191     0x78  Code  Lc  tasks.o [1]
prvInsertBlockIntoFreeList
                         0x800'8263     0x46  Code  Lc  heap_4.o [1]
prvIsQueueEmpty          0x800'7f17     0x16  Code  Lc  queue.o [1]
prvResetNextTaskUnblockTime
                         0x800'76d5     0x1e  Code  Lc  tasks.o [1]
prvTaskExitError         0x800'7f59     0x20  Code  Lc  port.o [1]
prvUnlockQueue           0x800'7eb3     0x64  Code  Lc  queue.o [1]
putchar                  0x801'5fed      0xc  Code  Gb  putchar.o [2]
pvPortMalloc             0x800'80f9    0x100  Code  Gb  heap_4.o [1]
pvTaskIncrementMutexHeldCount
                         0x800'781f     0x14  Code  Gb  tasks.o [1]
pxCurrentTCB            0x2001'5b44      0x4  Data  Gb  tasks.o [1]
pxDelayedTaskList       0x2001'5b48      0x4  Data  Lc  tasks.o [1]
pxEnd                   0x2000'06f8      0x4  Data  Lc  heap_4.o [1]
pxOverflowDelayedTaskList
                        0x2001'5b4c      0x4  Data  Lc  tasks.o [1]
pxPortInitialiseStack    0x800'7f31     0x26  Code  Gb  port.o [1]
pxReadyTasksLists       0x2001'59ac     0xc8  Data  Lc  tasks.o [1]
remove                   0x801'5d7f     0x14  Code  Gb  remove.o [6]
retSD                   0x2001'6afe      0x1  Data  Gb  fatfs.o [1]
retSDRAMDISK            0x2001'6afc      0x1  Data  Gb  fatfs.o [1]
retSRAMDISK             0x2001'6afd      0x1  Data  Gb  fatfs.o [1]
retUSBH                 0x2001'6aff      0x1  Data  Gb  fatfs.o [1]
retUSER                 0x2001'6b00      0x1  Data  Gb  fatfs.o [1]
round                    0x800'2431           Code  Gb  round.o [4]
roundl                   0x800'2431           Code  Gb  round.o [4]
rx_pbuf                 0x2000'0000     0x50  Data  Gb  ethernetif.o [1]
sFileInfo               0x2001'608c     0x80  Data  Lc  XShHandles.o [2]
scalbln                  0x800'5339           Code  Gb  ldexp.o [4]
scalblnf                 0x800'27d9           Code  Gb  ldexpf.o [4]
scalblnl                 0x800'5339           Code  Gb  ldexp.o [4]
scalbn                   0x800'5339           Code  Gb  ldexp.o [4]
scalbnf                  0x800'27d9           Code  Gb  ldexpf.o [4]
scalbnl                  0x800'5339           Code  Gb  ldexp.o [4]
scale                    0x800'4663     0x46  Code  Lc  xprintffull.o [2]
scratch                 0x2001'40f0    0x800  Data  Lc  usbh_diskio.o [1]
sec_hand                0x2001'6ba4      0x4  Data  Lc  xfail_s.o [2]
segment_holding          0x800'289d     0x1a  Code  Lc  dlmalloc.o [2]
strchr                   0x800'4e75           Code  Gb  strchr.o [5]
strlen                   0x800'4ecd           Code  Gb  strlen.o [5]
sys_alloc                0x800'2e5d    0x164  Code  Lc  dlmalloc.o [2]
sys_trim                 0x800'2fc1     0x64  Code  Lc  dlmalloc.o [2]
tmalloc_large            0x800'3031    0x386  Code  Lc  dlmalloc.o [2]
tmalloc_small            0x800'33b7    0x200  Code  Lc  dlmalloc.o [2]
ttio_guard              0x2001'6bad      0x1  Data  Lc  XShttio.o [2]
ucHeap                  0x2000'0708  0x139e8  Data  Lc  heap_4.o [1]
ucMaxSysCallPriority    0x2000'008c      0x1  Data  Lc  port.o [1]
ulMaxPRIGROUPValue      0x2000'0094      0x4  Data  Lc  port.o [1]
uwTick                  0x2000'00a4      0x4  Data  Lc  stm32h7xx_hal.o [1]
uwTickFreq              0x2000'00a0      0x1  Data  Lc  stm32h7xx_hal.o [1]
uwTickPrio              0x2000'00a8      0x4  Data  Lc  stm32h7xx_hal.o [1]
uxCriticalNesting       0x2000'0090      0x4  Data  Lc  port.o [1]
uxCurrentNumberOfTasks  0x2001'5b68      0x4  Data  Lc  tasks.o [1]
uxDeletedTasksWaitingCleanUp
                        0x2001'5b50      0x4  Data  Lc  tasks.o [1]
uxListRemove             0x800'8321     0x26  Code  Gb  list.o [1]
uxPendedTicks           0x2001'5b78      0x4  Data  Lc  tasks.o [1]
uxSchedulerSuspended    0x2001'5b8c      0x4  Data  Lc  tasks.o [1]
uxTaskNumber            0x2001'5b84      0x4  Data  Lc  tasks.o [1]
uxTopReadyPriority      0x2001'5b70      0x4  Data  Lc  tasks.o [1]
vListInitialise          0x800'82b5     0x1a  Code  Gb  list.o [1]
vListInitialiseItem      0x800'82cf      0x6  Code  Gb  list.o [1]
vListInsert              0x800'82ef     0x32  Code  Gb  list.o [1]
vListInsertEnd           0x800'82d5     0x1a  Code  Gb  list.o [1]
vPortEnableVFP           0x800'83d9           Code  Gb  portasm.o [1]
vPortEnterCritical       0x800'7feb     0x3a  Code  Gb  port.o [1]
vPortExitCritical        0x800'8025     0x26  Code  Gb  port.o [1]
vPortFree                0x800'820b     0x46  Code  Gb  heap_4.o [1]
vPortStartFirstTask      0x800'83c1           Code  Gb  portasm.o [1]
vPortValidateInterruptPriority
                         0x800'8075     0x2c  Code  Gb  port.o [1]
vTaskDelay               0x800'72bf     0x2a  Code  Gb  tasks.o [1]
vTaskMissedYield         0x800'7657      0xa  Code  Gb  tasks.o [1]
vTaskPlaceOnEventList    0x800'754d     0x24  Code  Gb  tasks.o [1]
vTaskPriorityInherit     0x800'770b     0x7a  Code  Gb  tasks.o [1]
vTaskSetTimeOutState     0x800'75d7     0x24  Code  Gb  tasks.o [1]
vTaskStartScheduler      0x800'7319     0x58  Code  Gb  tasks.o [1]
vTaskSuspendAll          0x800'7371      0xc  Code  Gb  tasks.o [1]
vTaskSwitchContext       0x800'74f7     0x56  Code  Gb  tasks.o [1]
xBlockAllocatedBit      0x2000'0704      0x4  Data  Lc  heap_4.o [1]
xDelayedTaskList1       0x2001'5b90     0x14  Data  Lc  tasks.o [1]
xDelayedTaskList2       0x2001'5ba4     0x14  Data  Lc  tasks.o [1]
xFreeBytesRemaining     0x2000'06fc      0x4  Data  Lc  heap_4.o [1]
xIdleTaskHandle         0x2001'5bb8      0x4  Data  Lc  tasks.o [1]
xMinimumEverFreeBytesRemaining
                        0x2000'0700      0x4  Data  Lc  heap_4.o [1]
xNextTaskUnblockTime    0x2001'5b88      0x4  Data  Lc  tasks.o [1]
xNumOfOverflows         0x2001'5b80      0x4  Data  Lc  tasks.o [1]
xPendingReadyList       0x2001'5b1c     0x14  Data  Lc  tasks.o [1]
xPortStartScheduler      0x800'7f79     0x72  Code  Gb  port.o [1]
xPortSysTickHandler      0x800'804b     0x2a  Code  Gb  port.o [1]
xQueueCreateMutex        0x800'79ab     0x24  Code  Gb  queue.o [1]
xQueueGenericCreate      0x800'795d     0x38  Code  Gb  queue.o [1]
xQueueGenericReceive     0x800'7c21    0x142  Code  Gb  queue.o [1]
xQueueGenericReset       0x800'78e5     0x78  Code  Gb  queue.o [1]
xQueueGenericSend        0x800'79cf    0x12e  Code  Gb  queue.o [1]
xQueueGenericSendFromISR
                         0x800'7afd     0x8a  Code  Gb  queue.o [1]
xQueueGiveFromISR        0x800'7b99     0x70  Code  Gb  queue.o [1]
xQueueReceiveFromISR     0x800'7d89     0x76  Code  Gb  queue.o [1]
xSchedulerRunning       0x2001'5b74      0x4  Data  Lc  tasks.o [1]
xStart                  0x2000'06f0      0x8  Data  Lc  heap_4.o [1]
xSuspendedTaskList      0x2001'5b54     0x14  Data  Lc  tasks.o [1]
xTaskCheckForTimeOut     0x800'75fb     0x5c  Code  Gb  tasks.o [1]
xTaskCreate              0x800'7139     0x58  Code  Gb  tasks.o [1]
xTaskGetSchedulerState   0x800'76f3     0x18  Code  Gb  tasks.o [1]
xTaskGetTickCount        0x800'7421      0x8  Code  Gb  tasks.o [1]
xTaskGetTickCountFromISR
                         0x800'7429      0xe  Code  Gb  tasks.o [1]
xTaskIncrementTick       0x800'7437     0xc0  Code  Gb  tasks.o [1]
xTaskPriorityDisinherit
                         0x800'7785     0x8a  Code  Gb  tasks.o [1]
xTaskRemoveFromEventList
                         0x800'7571     0x56  Code  Gb  tasks.o [1]
xTaskResumeAll           0x800'737d     0xa4  Code  Gb  tasks.o [1]
xTasksWaitingTermination
                        0x2001'5b30     0x14  Data  Lc  tasks.o [1]
xTickCount              0x2001'5b6c      0x4  Data  Lc  tasks.o [1]
xYieldPending           0x2001'5b7c      0x4  Data  Lc  tasks.o [1]


[1] = F:\other\bld\STM32H7\project\ceshi_one\first_one\EWARM\first_one\Obj
[2] = dl7M_tlf.a
[3] = libPDMFilter_CM7_IAR.a
[4] = m7M_tlv.a
[5] = rt7M_tl.a
[6] = shb_l.a

   90 366 bytes of readonly  code memory
    1 672 bytes of readonly  data memory
  101 293 bytes of readwrite data memory

Errors: none
Warnings: 1
