Component: ARM Compiler 5.06 update 4 (build 422) Tool: armlink [4d35d2]

==============================================================================

Section Cross References

    main.o(i.MCO_Init) refers to stm32f4xx_rcc.o(i.RCC_AHB1PeriphClockCmd) for RCC_AHB1PeriphClockCmd
    main.o(i.MCO_Init) refers to stm32f4xx_gpio.o(i.GPIO_PinAFConfig) for GPIO_PinAFConfig
    main.o(i.MCO_Init) refers to stm32f4xx_gpio.o(i.GPIO_Init) for GPIO_Init
    main.o(i.MCO_Init) refers to stm32f4xx_rcc.o(i.RCC_MCO1Config) for RCC_MCO1Config
    main.o(i.main) refers to delay.o(i.delay_init) for delay_init
    main.o(i.main) refers to misc.o(i.NVIC_PriorityGroupConfig) for NVIC_PriorityGroupConfig
    main.o(i.main) refers to usart.o(i.uart_init) for uart_init
    main.o(i.main) refers to motor.o(i.DRV_Motor_Init) for DRV_Motor_Init
    main.o(i.main) refers to usart.o(i.DRV_queue_Init) for DRV_queue_Init
    main.o(i.main) refers to motor.o(i.DRV_Motor_GPIO_Init) for DRV_Motor_GPIO_Init
    main.o(i.main) refers to switch.o(i.DRV_switch_Init) for DRV_switch_Init
    main.o(i.main) refers to usart.o(i.DRV_cmd_deal) for DRV_cmd_deal
    main.o(i.main) refers to motor.o(i.DRV_motor_deal) for DRV_motor_deal
    main.o(i.main) refers to switch.o(i.DRV_switch_deal) for DRV_switch_deal
    system_stm32f4xx.o(i.SystemCoreClockUpdate) refers to system_stm32f4xx.o(.data) for SystemCoreClock
    system_stm32f4xx.o(i.SystemInit) refers to system_stm32f4xx.o(i.SetSysClock) for SetSysClock
    motor.o(i.DRV_Check_T) refers to timer.o(i.DRV_TimerT_Close) for DRV_TimerT_Close
    motor.o(i.DRV_Check_T) refers to motor.o(.bss) for motor_control_t
    motor.o(i.DRV_Check_X) refers to timer.o(i.DRV_TimerX_Close) for DRV_TimerX_Close
    motor.o(i.DRV_Check_X) refers to motor.o(.bss) for motor_control_x
    motor.o(i.DRV_Check_Y) refers to timer.o(i.DRV_TimerY_Close) for DRV_TimerY_Close
    motor.o(i.DRV_Check_Y) refers to motor.o(.bss) for motor_control_y
    motor.o(i.DRV_Check_Z) refers to timer.o(i.DRV_TimerZ_Close) for DRV_TimerZ_Close
    motor.o(i.DRV_Check_Z) refers to motor.o(.bss) for motor_control_z
    motor.o(i.DRV_Motor_Control) refers to rt_memcpy_v6.o(.text) for __aeabi_memcpy
    motor.o(i.DRV_Motor_Control) refers to switch.o(i.DRV_switch_judge) for DRV_switch_judge
    motor.o(i.DRV_Motor_Control) refers to motor.o(i.DRV_motor_run) for DRV_motor_run
    motor.o(i.DRV_Motor_Control) refers to motor.o(i.DRV_motor_stop) for DRV_motor_stop
    motor.o(i.DRV_Motor_GPIO_Init) refers to stm32f4xx_rcc.o(i.RCC_AHB1PeriphClockCmd) for RCC_AHB1PeriphClockCmd
    motor.o(i.DRV_Motor_GPIO_Init) refers to stm32f4xx_gpio.o(i.GPIO_Init) for GPIO_Init
    motor.o(i.DRV_Motor_GPIO_Init) refers to stm32f4xx_gpio.o(i.GPIO_SetBits) for GPIO_SetBits
    motor.o(i.DRV_Motor_Init) refers to motor.o(.bss) for control
    motor.o(i.DRV_motor_deal) refers to motor.o(i.DRV_Motor_Control) for DRV_Motor_Control
    motor.o(i.DRV_motor_run) refers to timer.o(i.DRV_TimerX_Init) for DRV_TimerX_Init
    motor.o(i.DRV_motor_run) refers to timer.o(i.DRV_TimerY_Init) for DRV_TimerY_Init
    motor.o(i.DRV_motor_run) refers to timer.o(i.DRV_TimerZ_Init) for DRV_TimerZ_Init
    motor.o(i.DRV_motor_run) refers to timer.o(i.DRV_TimerT_Init) for DRV_TimerT_Init
    motor.o(i.DRV_motor_set_switch) refers to motor.o(.bss) for motor_control_x
    motor.o(i.DRV_motor_stop) refers to timer.o(i.DRV_TimerX_Close) for DRV_TimerX_Close
    motor.o(i.DRV_motor_stop) refers to timer.o(i.DRV_TimerY_Close) for DRV_TimerY_Close
    motor.o(i.DRV_motor_stop) refers to timer.o(i.DRV_TimerZ_Close) for DRV_TimerZ_Close
    motor.o(i.DRV_motor_stop) refers to timer.o(i.DRV_TimerT_Close) for DRV_TimerT_Close
    timer.o(i.DRV_TimerT_Close) refers to usart.o(i.SendDataToPC) for SendDataToPC
    timer.o(i.DRV_TimerT_Close) refers to stm32f4xx_tim.o(i.TIM_Cmd) for TIM_Cmd
    timer.o(i.DRV_TimerT_Init) refers to stm32f4xx_rcc.o(i.RCC_APB1PeriphClockCmd) for RCC_APB1PeriphClockCmd
    timer.o(i.DRV_TimerT_Init) refers to stm32f4xx_tim.o(i.TIM_TimeBaseInit) for TIM_TimeBaseInit
    timer.o(i.DRV_TimerT_Init) refers to stm32f4xx_tim.o(i.TIM_ITConfig) for TIM_ITConfig
    timer.o(i.DRV_TimerT_Init) refers to stm32f4xx_tim.o(i.TIM_Cmd) for TIM_Cmd
    timer.o(i.DRV_TimerT_Init) refers to misc.o(i.NVIC_Init) for NVIC_Init
    timer.o(i.DRV_TimerX_Close) refers to usart.o(i.SendDataToPC) for SendDataToPC
    timer.o(i.DRV_TimerX_Close) refers to stm32f4xx_tim.o(i.TIM_Cmd) for TIM_Cmd
    timer.o(i.DRV_TimerX_Init) refers to stm32f4xx_rcc.o(i.RCC_APB1PeriphClockCmd) for RCC_APB1PeriphClockCmd
    timer.o(i.DRV_TimerX_Init) refers to stm32f4xx_tim.o(i.TIM_TimeBaseInit) for TIM_TimeBaseInit
    timer.o(i.DRV_TimerX_Init) refers to stm32f4xx_tim.o(i.TIM_ITConfig) for TIM_ITConfig
    timer.o(i.DRV_TimerX_Init) refers to stm32f4xx_tim.o(i.TIM_Cmd) for TIM_Cmd
    timer.o(i.DRV_TimerX_Init) refers to misc.o(i.NVIC_Init) for NVIC_Init
[...]
    Removing stm32f4xx_usart.o(i.USART_ClockInit), (32 bytes).
    Removing stm32f4xx_usart.o(i.USART_ClockStructInit), (12 bytes).
    Removing stm32f4xx_usart.o(i.USART_DMACmd), (18 bytes).
    Removing stm32f4xx_usart.o(i.USART_DeInit), (240 bytes).
    Removing stm32f4xx_usart.o(i.USART_HalfDuplexCmd), (24 bytes).
    Removing stm32f4xx_usart.o(i.USART_IrDACmd), (24 bytes).
    Removing stm32f4xx_usart.o(i.USART_IrDAConfig), (18 bytes).
    Removing stm32f4xx_usart.o(i.USART_LINBreakDetectLengthConfig), (18 bytes).
    Removing stm32f4xx_usart.o(i.USART_LINCmd), (24 bytes).
    Removing stm32f4xx_usart.o(i.USART_OneBitMethodCmd), (24 bytes).
    Removing stm32f4xx_usart.o(i.USART_OverSampling8Cmd), (22 bytes).
    Removing stm32f4xx_usart.o(i.USART_ReceiverWakeUpCmd), (24 bytes).
    Removing stm32f4xx_usart.o(i.USART_SendBreak), (10 bytes).
    Removing stm32f4xx_usart.o(i.USART_SetAddress), (18 bytes).
    Removing stm32f4xx_usart.o(i.USART_SetGuardTime), (16 bytes).
    Removing stm32f4xx_usart.o(i.USART_SetPrescaler), (16 bytes).
    Removing stm32f4xx_usart.o(i.USART_SmartCardCmd), (24 bytes).
    Removing stm32f4xx_usart.o(i.USART_SmartCardNACKCmd), (24 bytes).
    Removing stm32f4xx_usart.o(i.USART_StructInit), (24 bytes).
    Removing stm32f4xx_usart.o(i.USART_WakeUpConfig), (18 bytes).
    Removing stm32f4xx_tim.o(.rev16_text), (4 bytes).
    Removing stm32f4xx_tim.o(.revsh_text), (4 bytes).
    Removing stm32f4xx_tim.o(i.TI1_Config), (58 bytes).
    Removing stm32f4xx_tim.o(i.TI2_Config), (80 bytes).
    Removing stm32f4xx_tim.o(i.TI3_Config), (72 bytes).
    Removing stm32f4xx_tim.o(i.TI4_Config), (80 bytes).
    Removing stm32f4xx_tim.o(i.TIM_ARRPreloadConfig), (24 bytes).
    Removing stm32f4xx_tim.o(i.TIM_BDTRConfig), (32 bytes).
    Removing stm32f4xx_tim.o(i.TIM_BDTRStructInit), (18 bytes).
    Removing stm32f4xx_tim.o(i.TIM_CCPreloadControl), (24 bytes).
    Removing stm32f4xx_tim.o(i.TIM_CCxCmd), (30 bytes).
    Removing stm32f4xx_tim.o(i.TIM_CCxNCmd), (30 bytes).
    Removing stm32f4xx_tim.o(i.TIM_ClearFlag), (6 bytes).
    Removing stm32f4xx_tim.o(i.TIM_ClearOC1Ref), (18 bytes).
    Removing stm32f4xx_tim.o(i.TIM_ClearOC2Ref), (24 bytes).
    Removing stm32f4xx_tim.o(i.TIM_ClearOC3Ref), (18 bytes).
    Removing stm32f4xx_tim.o(i.TIM_ClearOC4Ref), (24 bytes).
    Removing stm32f4xx_tim.o(i.TIM_CounterModeConfig), (18 bytes).
    Removing stm32f4xx_tim.o(i.TIM_CtrlPWMOutputs), (30 bytes).
    Removing stm32f4xx_tim.o(i.TIM_DMACmd), (18 bytes).
    Removing stm32f4xx_tim.o(i.TIM_DMAConfig), (10 bytes).
    Removing stm32f4xx_tim.o(i.TIM_DeInit), (400 bytes).
    Removing stm32f4xx_tim.o(i.TIM_ETRClockMode1Config), (54 bytes).
    Removing stm32f4xx_tim.o(i.TIM_ETRClockMode2Config), (32 bytes).
    Removing stm32f4xx_tim.o(i.TIM_ETRConfig), (28 bytes).
    Removing stm32f4xx_tim.o(i.TIM_EncoderInterfaceConfig), (66 bytes).
    Removing stm32f4xx_tim.o(i.TIM_ForcedOC1Config), (18 bytes).
    Removing stm32f4xx_tim.o(i.TIM_ForcedOC2Config), (26 bytes).
    Removing stm32f4xx_tim.o(i.TIM_ForcedOC3Config), (18 bytes).
    Removing stm32f4xx_tim.o(i.TIM_ForcedOC4Config), (26 bytes).
    Removing stm32f4xx_tim.o(i.TIM_GenerateEvent), (4 bytes).
    Removing stm32f4xx_tim.o(i.TIM_GetCapture1), (6 bytes).
    Removing stm32f4xx_tim.o(i.TIM_GetCapture2), (6 bytes).
    Removing stm32f4xx_tim.o(i.TIM_GetCapture3), (6 bytes).
    Removing stm32f4xx_tim.o(i.TIM_GetCapture4), (6 bytes).
    Removing stm32f4xx_tim.o(i.TIM_GetCounter), (6 bytes).
    Removing stm32f4xx_tim.o(i.TIM_GetFlagStatus), (18 bytes).
    Removing stm32f4xx_tim.o(i.TIM_GetPrescaler), (6 bytes).
    Removing stm32f4xx_tim.o(i.TIM_ICInit), (110 bytes).
    Removing stm32f4xx_tim.o(i.TIM_ICStructInit), (18 bytes).
    Removing stm32f4xx_tim.o(i.TIM_ITRxExternalClockConfig), (24 bytes).
    Removing stm32f4xx_tim.o(i.TIM_InternalClockConfig), (12 bytes).
    Removing stm32f4xx_tim.o(i.TIM_OC1FastConfig), (18 bytes).
    Removing stm32f4xx_tim.o(i.TIM_OC1Init), (124 bytes).
    Removing stm32f4xx_tim.o(i.TIM_OC1NPolarityConfig), (18 bytes).
    Removing stm32f4xx_tim.o(i.TIM_OC1PolarityConfig), (18 bytes).
    Removing stm32f4xx_tim.o(i.TIM_OC1PreloadConfig), (18 bytes).
    Removing stm32f4xx_tim.o(i.TIM_OC2FastConfig), (26 bytes).
    Removing stm32f4xx_tim.o(i.TIM_OC2Init), (164 bytes).
    Removing stm32f4xx_tim.o(i.TIM_OC2NPolarityConfig), (26 bytes).
    Removing stm32f4xx_tim.o(i.TIM_OC2PolarityConfig), (26 bytes).
    Removing stm32f4xx_tim.o(i.TIM_OC2PreloadConfig), (26 bytes).
    Removing stm32f4xx_tim.o(i.TIM_OC3FastConfig), (18 bytes).
    Removing stm32f4xx_tim.o(i.TIM_OC3Init), (160 bytes).
    Removing stm32f4xx_tim.o(i.TIM_OC3NPolarityConfig), (26 bytes).
    Removing stm32f4xx_tim.o(i.TIM_OC3PolarityConfig), (26 bytes).
    Removing stm32f4xx_tim.o(i.TIM_OC3PreloadConfig), (18 bytes).
    Removing stm32f4xx_tim.o(i.TIM_OC4FastConfig), (26 bytes).
    Removing stm32f4xx_tim.o(i.TIM_OC4Init), (120 bytes).
    Removing stm32f4xx_tim.o(i.TIM_OC4PolarityConfig), (26 bytes).
    Removing stm32f4xx_tim.o(i.TIM_OC4PreloadConfig), (26 bytes).
    Removing stm32f4xx_tim.o(i.TIM_OCStructInit), (20 bytes).
    Removing stm32f4xx_tim.o(i.TIM_PWMIConfig), (124 bytes).
    Removing stm32f4xx_tim.o(i.TIM_PrescalerConfig), (6 bytes).
    Removing stm32f4xx_tim.o(i.TIM_RemapConfig), (6 bytes).
    Removing stm32f4xx_tim.o(i.TIM_SelectCCDMA), (24 bytes).
    Removing stm32f4xx_tim.o(i.TIM_SelectCOM), (24 bytes).
    Removing stm32f4xx_tim.o(i.TIM_SelectHallSensor), (24 bytes).
    Removing stm32f4xx_tim.o(i.TIM_SelectInputTrigger), (18 bytes).
    Removing stm32f4xx_tim.o(i.TIM_SelectMasterSlaveMode), (18 bytes).
    Removing stm32f4xx_tim.o(i.TIM_SelectOCxM), (86 bytes).
    Removing stm32f4xx_tim.o(i.TIM_SelectOnePulseMode), (18 bytes).
    Removing stm32f4xx_tim.o(i.TIM_SelectOutputTrigger), (18 bytes).
    Removing stm32f4xx_tim.o(i.TIM_SelectSlaveMode), (18 bytes).
    Removing stm32f4xx_tim.o(i.TIM_SetAutoreload), (4 bytes).
    Removing stm32f4xx_tim.o(i.TIM_SetClockDivision), (18 bytes).
    Removing stm32f4xx_tim.o(i.TIM_SetCompare1), (4 bytes).
    Removing stm32f4xx_tim.o(i.TIM_SetCompare2), (4 bytes).
    Removing stm32f4xx_tim.o(i.TIM_SetCompare3), (4 bytes).
    Removing stm32f4xx_tim.o(i.TIM_SetCompare4), (4 bytes).
    Removing stm32f4xx_tim.o(i.TIM_SetCounter), (4 bytes).
    Removing stm32f4xx_tim.o(i.TIM_SetIC1Prescaler), (18 bytes).
    Removing stm32f4xx_tim.o(i.TIM_SetIC2Prescaler), (26 bytes).
    Removing stm32f4xx_tim.o(i.TIM_SetIC3Prescaler), (18 bytes).
    Removing stm32f4xx_tim.o(i.TIM_SetIC4Prescaler), (26 bytes).
    Removing stm32f4xx_tim.o(i.TIM_TIxExternalClockConfig), (62 bytes).
    Removing stm32f4xx_tim.o(i.TIM_TimeBaseStructInit), (18 bytes).
    Removing stm32f4xx_tim.o(i.TIM_UpdateDisableConfig), (24 bytes).
    Removing stm32f4xx_tim.o(i.TIM_UpdateRequestConfig), (24 bytes).
    Removing stm32f4xx_exti.o(.rev16_text), (4 bytes).
    Removing stm32f4xx_exti.o(.revsh_text), (4 bytes).
    Removing stm32f4xx_exti.o(i.EXTI_ClearFlag), (12 bytes).
    Removing stm32f4xx_exti.o(i.EXTI_DeInit), (36 bytes).
    Removing stm32f4xx_exti.o(i.EXTI_GenerateSWInterrupt), (16 bytes).
    Removing stm32f4xx_exti.o(i.EXTI_GetFlagStatus), (24 bytes).
    Removing stm32f4xx_exti.o(i.EXTI_StructInit), (16 bytes).

220 unused section(s) (total 6692 bytes) removed from the image.

==============================================================================

Image Symbol Table

    Local Symbols

    Symbol Name                              Value     Ov Type        Size  Object(Section)

    ../clib/angel/boardlib.s                 0x00000000   Number         0  boardinit1.o ABSOLUTE
    ../clib/angel/boardlib.s                 0x00000000   Number         0  boardinit2.o ABSOLUTE
    ../clib/angel/boardlib.s                 0x00000000   Number         0  boardinit3.o ABSOLUTE
    ../clib/angel/boardlib.s                 0x00000000   Number         0  boardshut.o ABSOLUTE
    ../clib/angel/handlers.s                 0x00000000   Number         0  __scatter_copy.o ABSOLUTE
    ../clib/angel/handlers.s                 0x00000000   Number         0  __scatter_zi.o ABSOLUTE
    ../clib/angel/kernel.s                   0x00000000   Number         0  rtexit2.o ABSOLUTE
    ../clib/angel/kernel.s                   0x00000000   Number         0  __rtentry.o ABSOLUTE
    ../clib/angel/kernel.s                   0x00000000   Number         0  __rtentry2.o ABSOLUTE
    ../clib/angel/kernel.s                   0x00000000   Number         0  __rtentry4.o ABSOLUTE
    ../clib/angel/kernel.s                   0x00000000   Number         0  rtexit.o ABSOLUTE
    ../clib/angel/rt.s                       0x00000000   Number         0  rt_raise.o ABSOLUTE
    ../clib/angel/scatter.s                  0x00000000   Number         0  __scatter.o ABSOLUTE
    ../clib/angel/startup.s                  0x00000000   Number         0  __main.o ABSOLUTE
    ../clib/angel/sys.s                      0x00000000   Number         0  sys_stackheap_outer.o ABSOLUTE
    ../clib/angel/sys.s                      0x00000000   Number         0  use_no_semi.o ABSOLUTE
    ../clib/angel/sys.s                      0x00000000   Number         0  libspace.o ABSOLUTE
    ../clib/angel/sys.s                      0x00000000   Number         0  indicate_semi.o ABSOLUTE
    ../clib/angel/sysapp.c                   0x00000000   Number         0  sys_command.o ABSOLUTE
    ../clib/angel/sysapp.c                   0x00000000   Number         0  sys_exit.o ABSOLUTE
    ../clib/angel/sysapp.c                   0x00000000   Number         0  sys_wrch.o ABSOLUTE
    ../clib/armsys.c                         0x00000000   Number         0  _get_argv_nomalloc.o ABSOLUTE
    ../clib/armsys.c                         0x00000000   Number         0  argv_veneer.o ABSOLUTE
    ../clib/armsys.c                         0x00000000   Number         0  argv_veneer.o ABSOLUTE
    ../clib/armsys.c                         0x00000000   Number         0  no_argv.o ABSOLUTE
    ../clib/heapalloc.c                      0x00000000   Number         0  hrguard.o ABSOLUTE
    ../clib/heapaux.c                        0x00000000   Number         0  heapauxi.o ABSOLUTE
    ../clib/libinit.s                        0x00000000   Number         0  libinit.o ABSOLUTE
    ../clib/libinit.s                        0x00000000   Number         0  libshutdown.o ABSOLUTE
    ../clib/libinit.s                        0x00000000   Number         0  libinit2.o ABSOLUTE
    ../clib/libinit.s                        0x00000000   Number         0  libshutdown2.o ABSOLUTE
    ../clib/memcpset.s                       0x00000000   Number         0  rt_memcpy_v6.o ABSOLUTE
    ../clib/memcpset.s                       0x00000000   Number         0  rt_memmove_v6.o ABSOLUTE
    ../clib/memcpset.s                       0x00000000   Number         0  rt_memcpy_w.o ABSOLUTE
    ../clib/memcpset.s                       0x00000000   Number         0  rt_memclr.o ABSOLUTE
    ../clib/memcpset.s                       0x00000000   Number         0  rt_memclr_w.o ABSOLUTE
    ../clib/memcpset.s                       0x00000000   Number         0  strcmpv7m.o ABSOLUTE
    ../clib/memcpset.s                       0x00000000   Number         0  rt_memmove_w.o ABSOLUTE
    ../clib/printf.c                         0x00000000   Number         0  __printf_nopercent.o ABSOLUTE
    ../clib/printf.c                         0x00000000   Number         0  _printf_char_common.o ABSOLUTE
    ../clib/printf.c                         0x00000000   Number         0  _printf_intcommon.o ABSOLUTE
    ../clib/printf.c                         0x00000000   Number         0  __printf_flags_wp.o ABSOLUTE
    ../clib/printf.c                         0x00000000   Number         0  __printf_wp.o ABSOLUTE
    ../clib/printf.c                         0x00000000   Number         0  __printf_flags_ss.o ABSOLUTE
    ../clib/printf.c                         0x00000000   Number         0  __printf_ss.o ABSOLUTE
    ../clib/printf.c                         0x00000000   Number         0  __printf_flags.o ABSOLUTE
    ../clib/printf.c                         0x00000000   Number         0  _printf_dec.o ABSOLUTE
    ../clib/printf.c                         0x00000000   Number         0  __printf.o ABSOLUTE
    ../clib/printf.c                         0x00000000   Number         0  noretval__2sprintf.o ABSOLUTE
    ../clib/printf.c                         0x00000000   Number         0  __2sprintf.o ABSOLUTE
    ../clib/printf.c                         0x00000000   Number         0  __printf_ss_wp.o ABSOLUTE
    ../clib/printf.c                         0x00000000   Number         0  __printf_flags_ss_wp.o ABSOLUTE
    ../clib/printf.c                         0x00000000   Number         0  _sputc.o ABSOLUTE
    ../clib/printf_percent.s                 0x00000000   Number         0  _printf_d.o ABSOLUTE
    ../clib/printf_percent.s                 0x00000000   Number         0  _printf_percent.o ABSOLUTE
    ../clib/printf_percent.s                 0x00000000   Number         0  _printf_percent_end.o ABSOLUTE
    ../clib/signal.c                         0x00000000   Number         0  defsig_rtmem_formal.o ABSOLUTE
    ../clib/signal.c                         0x00000000   Number         0  defsig_rtred_inner.o ABSOLUTE
    ../clib/signal.c                         0x00000000   Number         0  defsig_fpe_inner.o ABSOLUTE
    ../clib/signal.c                         0x00000000   Number         0  defsig_abrt_inner.o ABSOLUTE
    ../clib/signal.c                         0x00000000   Number         0  defsig_general.o ABSOLUTE
    ../clib/signal.c                         0x00000000   Number         0  __raise.o ABSOLUTE
    ../clib/signal.c                         0x00000000   Number         0  defsig_rtmem_inner.o ABSOLUTE
    ../clib/signal.c                         0x00000000   Number         0  defsig_exit.o ABSOLUTE
    ../clib/signal.c                         0x00000000   Number         0  defsig_rtmem_outer.o ABSOLUTE
    ../clib/signal.c                         0x00000000   Number         0  defsig_stak_inner.o ABSOLUTE
    ../clib/signal.c                         0x00000000   Number         0  defsig_other.o ABSOLUTE
    ../clib/signal.c                         0x00000000   Number         0  defsig_segv_inner.o ABSOLUTE
    ../clib/signal.c                         0x00000000   Number         0  defsig_cppl_inner.o ABSOLUTE
    ../clib/signal.c                         0x00000000   Number         0  defsig_pvfn_inner.o ABSOLUTE
    ../clib/signal.s                         0x00000000   Number         0  defsig.o ABSOLUTE
    ../clib/stdlib.c                         0x00000000   Number         0  exit.o ABSOLUTE
    ../clib/string.c                         0x00000000   Number         0  strlen.o ABSOLUTE
    ../fplib/fpinit.s                        0x00000000   Number         0  fpinit.o ABSOLUTE
    ..\CORE\startup_stm32f40_41xxx.s         0x00000000   Number         0  startup_stm32f40_41xxx.o ABSOLUTE
    ..\FWLIB\src\misc.c                      0x00000000   Number         0  misc.o ABSOLUTE
    ..\FWLIB\src\stm32f4xx_exti.c            0x00000000   Number         0  stm32f4xx_exti.o ABSOLUTE
    ..\FWLIB\src\stm32f4xx_gpio.c            0x00000000   Number         0  stm32f4xx_gpio.o ABSOLUTE
    ..\FWLIB\src\stm32f4xx_rcc.c             0x00000000   Number         0  stm32f4xx_rcc.o ABSOLUTE
    ..\FWLIB\src\stm32f4xx_syscfg.c          0x00000000   Number         0  stm32f4xx_syscfg.o ABSOLUTE
    ..\FWLIB\src\stm32f4xx_tim.c             0x00000000   Number         0  stm32f4xx_tim.o ABSOLUTE
    ..\FWLIB\src\stm32f4xx_usart.c           0x00000000   Number         0  stm32f4xx_usart.o ABSOLUTE
    ..\HARDWARE\motor\motor.c                0x00000000   Number         0  motor.o ABSOLUTE
    ..\HARDWARE\switch\switch.c              0x00000000   Number         0  switch.o ABSOLUTE
    ..\HARDWARE\timer\timer.c                0x00000000   Number         0  timer.o ABSOLUTE
    ..\SYSTEM\delay\delay.c                  0x00000000   Number         0  delay.o ABSOLUTE
    ..\SYSTEM\sys\sys.c                      0x00000000   Number         0  sys.o ABSOLUTE
    ..\SYSTEM\usart\usart.c                  0x00000000   Number         0  usart.o ABSOLUTE
    ..\\FWLIB\\src\\misc.c                   0x00000000   Number         0  misc.o ABSOLUTE
    ..\\FWLIB\\src\\stm32f4xx_exti.c         0x00000000   Number         0  stm32f4xx_exti.o ABSOLUTE
    ..\\FWLIB\\src\\stm32f4xx_gpio.c         0x00000000   Number         0  stm32f4xx_gpio.o ABSOLUTE
    ..\\FWLIB\\src\\stm32f4xx_rcc.c          0x00000000   Number         0  stm32f4xx_rcc.o ABSOLUTE
    ..\\FWLIB\\src\\stm32f4xx_syscfg.c       0x00000000   Number         0  stm32f4xx_syscfg.o ABSOLUTE
    ..\\FWLIB\\src\\stm32f4xx_tim.c          0x00000000   Number         0  stm32f4xx_tim.o ABSOLUTE
    ..\\FWLIB\\src\\stm32f4xx_usart.c        0x00000000   Number         0  stm32f4xx_usart.o ABSOLUTE
    ..\\HARDWARE\\motor\\motor.c             0x00000000   Number         0  motor.o ABSOLUTE
    ..\\HARDWARE\\switch\\switch.c           0x00000000   Number         0  switch.o ABSOLUTE
    ..\\HARDWARE\\timer\\timer.c             0x00000000   Number         0  timer.o ABSOLUTE
    ..\\SYSTEM\\delay\\delay.c               0x00000000   Number         0  delay.o ABSOLUTE
    ..\\SYSTEM\\sys\\sys.c                   0x00000000   Number         0  sys.o ABSOLUTE
    ..\\SYSTEM\\usart\\usart.c               0x00000000   Number         0  usart.o ABSOLUTE
    dc.s                                     0x00000000   Number         0  dc.o ABSOLUTE
    main.c                                   0x00000000   Number         0  main.o ABSOLUTE
    main.c                                   0x00000000   Number         0  main.o ABSOLUTE
    stm32f4xx_it.c                           0x00000000   Number         0  stm32f4xx_it.o ABSOLUTE
    stm32f4xx_it.c                           0x00000000   Number         0  stm32f4xx_it.o ABSOLUTE
    system_stm32f4xx.c                       0x00000000   Number         0  system_stm32f4xx.o ABSOLUTE
    system_stm32f4xx.c                       0x00000000   Number         0  system_stm32f4xx.o ABSOLUTE
    RESET                                    0x08000000   Section      392  startup_stm32f40_41xxx.o(RESET)
    !!!main                                  0x08000188   Section        8  __main.o(!!!main)
    !!!scatter                               0x08000190   Section       52  __scatter.o(!!!scatter)
    !!handler_copy                           0x080001c4   Section       26  __scatter_copy.o(!!handler_copy)
    !!handler_zi                             0x080001e0   Section       28  __scatter_zi.o(!!handler_zi)
    .ARM.Collect$$_printf_percent$$00000000  0x080001fc   Section        0  _printf_percent.o(.ARM.Collect$$_printf_percent$$00000000)
    .ARM.Collect$$_printf_percent$$00000009  0x080001fc   Section        6  _printf_d.o(.ARM.Collect$$_printf_percent$$00000009)
    .ARM.Collect$$_printf_percent$$00000017  0x08000202   Section        4  _printf_percent_end.o(.ARM.Collect$$_printf_percent$$00000017)
    .ARM.Collect$$libinit$$00000000          0x08000206   Section        2  libinit.o(.ARM.Collect$$libinit$$00000000)
    .ARM.Collect$$libinit$$00000001          0x08000208   Section        4  libinit2.o(.ARM.Collect$$libinit$$00000001)
    .ARM.Collect$$libinit$$00000004          0x0800020c   Section        0  libinit2.o(.ARM.Collect$$libinit$$00000004)
    .ARM.Collect$$libinit$$0000000A          0x0800020c   Section        0  libinit2.o(.ARM.Collect$$libinit$$0000000A)
    .ARM.Collect$$libinit$$0000000C          0x0800020c   Section        0  libinit2.o(.ARM.Collect$$libinit$$0000000C)
    .ARM.Collect$$libinit$$0000000E          0x0800020c   Section        0  libinit2.o(.ARM.Collect$$libinit$$0000000E)
    .ARM.Collect$$libinit$$00000011          0x0800020c   Section        0  libinit2.o(.ARM.Collect$$libinit$$00000011)
    .ARM.Collect$$libinit$$00000013          0x0800020c   Section        0  libinit2.o(.ARM.Collect$$libinit$$00000013)
    .ARM.Collect$$libinit$$00000015          0x0800020c   Section        0  libinit2.o(.ARM.Collect$$libinit$$00000015)
    .ARM.Collect$$libinit$$00000017          0x0800020c   Section        0  libinit2.o(.ARM.Collect$$libinit$$00000017)
    .ARM.Collect$$libinit$$00000019          0x0800020c   Section        0  libinit2.o(.ARM.Collect$$libinit$$00000019)
    .ARM.Collect$$libinit$$0000001B          0x0800020c   Section        0  libinit2.o(.ARM.Collect$$libinit$$0000001B)
    .ARM.Collect$$libinit$$0000001D          0x0800020c   Section        0  libinit2.o(.ARM.Collect$$libinit$$0000001D)
    .ARM.Collect$$libinit$$0000001F          0x0800020c   Section        0  libinit2.o(.ARM.Collect$$libinit$$0000001F)
    .ARM.Collect$$libinit$$00000021          0x0800020c   Section        0  libinit2.o(.ARM.Collect$$libinit$$00000021)
    .ARM.Collect$$libinit$$00000023          0x0800020c   Section        0  libinit2.o(.ARM.Collect$$libinit$$00000023)
    .ARM.Collect$$libinit$$00000025          0x0800020c   Section        0  libinit2.o(.ARM.Collect$$libinit$$00000025)
    .ARM.Collect$$libinit$$0000002C          0x0800020c   Section        0  libinit2.o(.ARM.Collect$$libinit$$0000002C)
    .ARM.Collect$$libinit$$0000002E          0x0800020c   Section        0  libinit2.o(.ARM.Collect$$libinit$$0000002E)
    .ARM.Collect$$libinit$$00000030          0x0800020c   Section        0  libinit2.o(.ARM.Collect$$libinit$$00000030)
    .ARM.Collect$$libinit$$00000032          0x0800020c   Section        0  libinit2.o(.ARM.Collect$$libinit$$00000032)
    .ARM.Collect$$libinit$$00000033          0x0800020c   Section        2  libinit2.o(.ARM.Collect$$libinit$$00000033)
    .ARM.Collect$$libshutdown$$00000000      0x0800020e   Section        2  libshutdown.o(.ARM.Collect$$libshutdown$$00000000)
    .ARM.Collect$$libshutdown$$00000002      0x08000210   Section        0  libshutdown2.o(.ARM.Collect$$libshutdown$$00000002)
    .ARM.Collect$$libshutdown$$00000004      0x08000210   Section        0  libshutdown2.o(.ARM.Collect$$libshutdown$$00000004)
    .ARM.Collect$$libshutdown$$00000007      0x08000210   Section        0  libshutdown2.o(.ARM.Collect$$libshutdown$$00000007)
    .ARM.Collect$$libshutdown$$0000000A      0x08000210   Section        0  libshutdown2.o(.ARM.Collect$$libshutdown$$0000000A)
    .ARM.Collect$$libshutdown$$0000000C      0x08000210   Section        0  libshutdown2.o(.ARM.Collect$$libshutdown$$0000000C)
    .ARM.Collect$$libshutdown$$0000000F      0x08000210   Section        0  libshutdown2.o(.ARM.Collect$$libshutdown$$0000000F)
    .ARM.Collect$$libshutdown$$00000010      0x08000210   Section        2  libshutdown2.o(.ARM.Collect$$libshutdown$$00000010)
    .ARM.Collect$$rtentry$$00000000          0x08000212   Section        0  __rtentry.o(.ARM.Collect$$rtentry$$00000000)
    .ARM.Collect$$rtentry$$00000002          0x08000212   Section        0  __rtentry2.o(.ARM.Collect$$rtentry$$00000002)
    .ARM.Collect$$rtentry$$00000004          0x08000212   Section        6  __rtentry4.o(.ARM.Collect$$rtentry$$00000004)
    .ARM.Collect$$rtentry$$00000009          0x08000218   Section        0  __rtentry2.o(.ARM.Collect$$rtentry$$00000009)
    .ARM.Collect$$rtentry$$0000000A          0x08000218   Section        4  __rtentry2.o(.ARM.Collect$$rtentry$$0000000A)
    .ARM.Collect$$rtentry$$0000000C          0x0800021c   Section        0  __rtentry2.o(.ARM.Collect$$rtentry$$0000000C)
    .ARM.Collect$$rtentry$$0000000D          0x0800021c   Section        8  __rtentry2.o(.ARM.Collect$$rtentry$$0000000D)
    .ARM.Collect$$rtexit$$00000000           0x08000224   Section        2  rtexit.o(.ARM.Collect$$rtexit$$00000000)
    .ARM.Collect$$rtexit$$00000002           0x08000226   Section        0  rtexit2.o(.ARM.Collect$$rtexit$$00000002)
    .ARM.Collect$$rtexit$$00000003           0x08000226   Section        4  rtexit2.o(.ARM.Collect$$rtexit$$00000003)
    .ARM.Collect$$rtexit$$00000004           0x0800022a   Section        6  rtexit2.o(.ARM.Collect$$rtexit$$00000004)
    .text                                    0x08000230   Section       64  startup_stm32f40_41xxx.o(.text)
    $v0                                      0x08000230   Number         0  startup_stm32f40_41xxx.o(.text)
    .text                                    0x08000270   Section        0  noretval__2sprintf.o(.text)
    .text                                    0x08000298   Section        0  __printf.o(.text)
    .text                                    0x08000300   Section        0  _printf_dec.o(.text)
    .text                                    0x08000378   Section        0  strlen.o(.text)
    .text                                    0x080003b6   Section      138  rt_memcpy_v6.o(.text)
    .text                                    0x08000440   Section      132  rt_memmove_v6.o(.text)
    .text                                    0x080004c4   Section      100  rt_memcpy_w.o(.text)
    .text                                    0x08000528   Section       68  rt_memclr.o(.text)
    .text                                    0x0800056c   Section       78  rt_memclr_w.o(.text)
    .text                                    0x080005bc   Section      128  strcmpv7m.o(.text)
    .text                                    0x0800063c   Section        0  heapauxi.o(.text)
    .text                                    0x08000642   Section        0  _printf_intcommon.o(.text)
    .text                                    0x080006f4   Section        0  _printf_char_common.o(.text)
    _printf_input_char                       0x080006f5   Thumb Code    10  _printf_char_common.o(.text)
    .text                                    0x08000724   Section        0  _sputc.o(.text)
    .text                                    0x0800072e   Section      122  rt_memmove_w.o(.text)
    .text                                    0x080007a8   Section       74  sys_stackheap_outer.o(.text)
    .text                                    0x080007f2   Section        0  exit.o(.text)
    .text                                    0x08000804   Section        8  libspace.o(.text)
    .text                                    0x0800080c   Section        0  sys_exit.o(.text)
    .text                                    0x08000818   Section        2  use_no_semi.o(.text)
    .text                                    0x0800081a   Section        0  indicate_semi.o(.text)
    i.BusFault_Handler                       0x0800081a   Section        0  stm32f4xx_it.o(i.BusFault_Handler)
    i.DRV_Check_T                            0x08000820   Section        0  motor.o(i.DRV_Check_T)
    i.DRV_Check_X                            0x08000870   Section        0  motor.o(i.DRV_Check_X)
    i.DRV_Check_Y                            0x080008c0   Section        0  motor.o(i.DRV_Check_Y)
    i.DRV_Check_Z                            0x08000910   Section        0  motor.o(i.DRV_Check_Z)
    i.DRV_Motor_Control                      0x08000960   Section        0  motor.o(i.DRV_Motor_Control)
    i.DRV_Motor_GPIO_Init                    0x080009c4   Section        0  motor.o(i.DRV_Motor_GPIO_Init)
    i.DRV_Motor_Init                         0x08000acc   Section        0  motor.o(i.DRV_Motor_Init)
    i.DRV_PWM_T                              0x08000bcc   Section        0  motor.o(i.DRV_PWM_T)
    i.DRV_PWM_X                              0x08000bec   Section        0  motor.o(i.DRV_PWM_X)
    i.DRV_PWM_Y                              0x08000c0c   Section        0  motor.o(i.DRV_PWM_Y)
    i.DRV_PWM_Z                              0x08000c2c   Section        0  motor.o(i.DRV_PWM_Z)
    i.DRV_SPEED_LEVEL                        0x08000c4c   Section        0  motor.o(i.DRV_SPEED_LEVEL)
    i.DRV_SWITCH_X_Init                      0x08000cc0   Section        0  switch.o(i.DRV_SWITCH_X_Init)
    i.DRV_SWITCH_Y_Init                      0x08000dec   Section        0  switch.o(i.DRV_SWITCH_Y_Init)
    i.DRV_SWITCH_Z_Init                      0x08000eb8   Section        0  switch.o(i.DRV_SWITCH_Z_Init)
    i.DRV_TimerT_Close                       0x08000f6c   Section        0  timer.o(i.DRV_TimerT_Close)
    i.DRV_TimerT_Init                        0x08000f8c   Section        0  timer.o(i.DRV_TimerT_Init)
    i.DRV_TimerX_Close                       0x08000fe8   Section        0  timer.o(i.DRV_TimerX_Close)
    i.DRV_TimerX_Init                        0x08001004   Section        0  timer.o(i.DRV_TimerX_Init)
    i.DRV_TimerY_Close                       0x08001060   Section        0  timer.o(i.DRV_TimerY_Close)
    i.DRV_TimerY_Init                        0x08001080   Section        0  timer.o(i.DRV_TimerY_Init)
    i.DRV_TimerZ_Close                       0x080010dc   Section        0  timer.o(i.DRV_TimerZ_Close)
    i.DRV_TimerZ_Init                        0x080010fc   Section        0  timer.o(i.DRV_TimerZ_Init)
    i.DRV_cmd_deal                           0x08001158   Section        0  usart.o(i.DRV_cmd_deal)
    i.DRV_motor_deal                         0x0800171c   Section        0  motor.o(i.DRV_motor_deal)
    i.DRV_motor_run                          0x08001774   Section        0  motor.o(i.DRV_motor_run)
    i.DRV_motor_set_switch                   0x0800182c   Section        0  motor.o(i.DRV_motor_set_switch)
    i.DRV_motor_stop                         0x08001924   Section        0  motor.o(i.DRV_motor_stop)
    i.DRV_queue_Init                         0x08001958   Section        0  usart.o(i.DRV_queue_Init)
    i.DRV_queue_check                        0x0800197c   Section        0  usart.o(i.DRV_queue_check)
    i.DRV_queue_delete_frame_count           0x08001988   Section        0  usart.o(i.DRV_queue_delete_frame_count)
    i.DRV_queue_pull                         0x080019a4   Section        0  usart.o(i.DRV_queue_pull)
    i.DRV_queue_push                         0x080019ec   Section        0  usart.o(i.DRV_queue_push)
    i.DRV_read_one_nums                      0x08001a54   Section        0  usart.o(i.DRV_read_one_nums)
    i.DRV_switch_Init                        0x08001aa0   Section        0  switch.o(i.DRV_switch_Init)
    i.DRV_switch_deal                        0x08001ab0   Section        0  switch.o(i.DRV_switch_deal)
    i.DRV_switch_judge                       0x08001c0c   Section        0  switch.o(i.DRV_switch_judge)
    i.DebugMon_Handler                       0x08001ca0   Section        0  stm32f4xx_it.o(i.DebugMon_Handler)
    i.EXTI0_IRQHandler                       0x08001ca4   Section        0  switch.o(i.EXTI0_IRQHandler)
    i.EXTI15_10_IRQHandler                   0x08001cdc   Section        0  switch.o(i.EXTI15_10_IRQHandler)
    i.EXTI1_IRQHandler                       0x08001da0   Section        0  switch.o(i.EXTI1_IRQHandler)
    i.EXTI2_IRQHandler                       0x08001dd8   Section        0  switch.o(i.EXTI2_IRQHandler)
    i.EXTI4_IRQHandler                       0x08001e10   Section        0  switch.o(i.EXTI4_IRQHandler)
    i.EXTI9_5_IRQHandler                     0x08001e48   Section        0  switch.o(i.EXTI9_5_IRQHandler)
    i.EXTI_ClearITPendingBit                 0x08001ee8   Section        0  stm32f4xx_exti.o(i.EXTI_ClearITPendingBit)
    i.EXTI_GetITStatus                       0x08001ef4   Section        0  stm32f4xx_exti.o(i.EXTI_GetITStatus)
    i.EXTI_Init                              0x08001f0c   Section        0  stm32f4xx_exti.o(i.EXTI_Init)
    i.GPIO_Init                              0x08001fa0   Section        0  stm32f4xx_gpio.o(i.GPIO_Init)
    i.GPIO_PinAFConfig                       0x08002030   Section        0  stm32f4xx_gpio.o(i.GPIO_PinAFConfig)
    i.GPIO_ReadInputDataBit                  0x08002076   Section        0  stm32f4xx_gpio.o(i.GPIO_ReadInputDataBit)
    i.GPIO_ResetBits                         0x08002088   Section        0  stm32f4xx_gpio.o(i.GPIO_ResetBits)
    i.GPIO_SetBits                           0x0800208c   Section        0  stm32f4xx_gpio.o(i.GPIO_SetBits)
    i.HardFault_Handler                      0x08002090   Section        0  stm32f4xx_it.o(i.HardFault_Handler)
    i.MemManage_Handler                      0x08002096   Section        0  stm32f4xx_it.o(i.MemManage_Handler)
    i.NMI_Handler                            0x0800209a   Section        0  stm32f4xx_it.o(i.NMI_Handler)
    i.NVIC_Init                              0x0800209c   Section        0  misc.o(i.NVIC_Init)
    i.NVIC_PriorityGroupConfig               0x08002114   Section        0  misc.o(i.NVIC_PriorityGroupConfig)
    i.PendSV_Handler                         0x08002128   Section        0  stm32f4xx_it.o(i.PendSV_Handler)
    i.RCC_AHB1PeriphClockCmd                 0x0800212c   Section        0  stm32f4xx_rcc.o(i.RCC_AHB1PeriphClockCmd)
    i.RCC_APB1PeriphClockCmd                 0x0800214c   Section        0  stm32f4xx_rcc.o(i.RCC_APB1PeriphClockCmd)
    i.RCC_APB2PeriphClockCmd                 0x0800216c   Section        0  stm32f4xx_rcc.o(i.RCC_APB2PeriphClockCmd)
    i.RCC_GetClocksFreq                      0x0800218c   Section        0  stm32f4xx_rcc.o(i.RCC_GetClocksFreq)
    i.SVC_Handler                            0x08002274   Section        0  stm32f4xx_it.o(i.SVC_Handler)
    i.SYSCFG_EXTILineConfig                  0x08002278   Section        0  stm32f4xx_syscfg.o(i.SYSCFG_EXTILineConfig)
    i.SendDataToPC                           0x080022b8   Section        0  usart.o(i.SendDataToPC)
    i.SetSysClock                            0x080022c4   Section        0  system_stm32f4xx.o(i.SetSysClock)
    SetSysClock                              0x080022c5   Thumb Code   220  system_stm32f4xx.o(i.SetSysClock)
    i.SysTick_CLKSourceConfig                0x080023b0   Section        0  misc.o(i.SysTick_CLKSourceConfig)
    i.SysTick_Handler                        0x080023d8   Section        0  stm32f4xx_it.o(i.SysTick_Handler)
    i.SystemInit                             0x080023dc   Section        0  system_stm32f4xx.o(i.SystemInit)
    i.TIM2_IRQHandler                        0x08002444   Section        0  timer.o(i.TIM2_IRQHandler)
    i.TIM3_IRQHandler                        0x08002464   Section        0  timer.o(i.TIM3_IRQHandler)
    i.TIM4_IRQHandler                        0x08002488   Section        0  timer.o(i.TIM4_IRQHandler)
    i.TIM5_IRQHandler                        0x080024ac   Section        0  timer.o(i.TIM5_IRQHandler)
    i.TIM_ClearITPendingBit                  0x080024d0   Section        0  stm32f4xx_tim.o(i.TIM_ClearITPendingBit)
    i.TIM_Cmd                                0x080024d6   Section        0  stm32f4xx_tim.o(i.TIM_Cmd)
    i.TIM_GetITStatus                        0x080024ee   Section        0  stm32f4xx_tim.o(i.TIM_GetITStatus)
    i.TIM_ITConfig                           0x08002510   Section        0  stm32f4xx_tim.o(i.TIM_ITConfig)
    i.TIM_TimeBaseInit                       0x08002524   Section        0  stm32f4xx_tim.o(i.TIM_TimeBaseInit)
    i.USART3_IRQHandler                      0x080025a8   Section        0  usart.o(i.USART3_IRQHandler)
    i.USART3_Send_One_Byte                   0x080025cc   Section        0  usart.o(i.USART3_Send_One_Byte)
    i.USART3_Send_Str                        0x080025ec   Section        0  usart.o(i.USART3_Send_Str)
    i.USART_Cmd                              0x08002602   Section        0  stm32f4xx_usart.o(i.USART_Cmd)
    i.USART_GetFlagStatus                    0x0800261a   Section        0  stm32f4xx_usart.o(i.USART_GetFlagStatus)
    i.USART_GetITStatus                      0x08002634   Section        0  stm32f4xx_usart.o(i.USART_GetITStatus)
    i.USART_ITConfig                         0x08002688   Section        0  stm32f4xx_usart.o(i.USART_ITConfig)
    i.USART_Init                             0x080026d4   Section        0  stm32f4xx_usart.o(i.USART_Init)
    i.USART_ReceiveData                      0x080027a8   Section        0  stm32f4xx_usart.o(i.USART_ReceiveData)
    i.USART_SendData                         0x080027b2   Section        0  stm32f4xx_usart.o(i.USART_SendData)
    i.UsageFault_Handler                     0x080027ba   Section        0  stm32f4xx_it.o(i.UsageFault_Handler)
    i.delay_init                             0x080027c0   Section        0  delay.o(i.delay_init)
    i.main                                   0x080027fc   Section        0  main.o(i.main)
    i.uart_init                              0x0800283c   Section        0  usart.o(i.uart_init)
    x$fpl$fpinit                             0x080028ec   Section       10  fpinit.o(x$fpl$fpinit)
    $v0                                      0x080028ec   Number         0  fpinit.o(x$fpl$fpinit)
    .constdata                               0x080028f8   Section      102  usart.o(.constdata)
    .data                                    0x20000000   Section        4  delay.o(.data)
    fac_us                                   0x20000000   Data           1  delay.o(.data)
    fac_ms                                   0x20000002   Data           2  delay.o(.data)
    .data                                    0x20000004   Section       16  stm32f4xx_rcc.o(.data)
    APBAHBPrescTable                         0x20000004   Data          16  stm32f4xx_rcc.o(.data)
    .bss                                     0x20000014   Section      112  motor.o(.bss)
    control                                  0x20000014   Data          16  motor.o(.bss)
    motor_control_x                          0x20000024   Data          24  motor.o(.bss)
    motor_control_y                          0x2000003c   Data          24  motor.o(.bss)
    motor_control_z                          0x20000054   Data          24  motor.o(.bss)
    motor_control_t                          0x2000006c   Data          24  motor.o(.bss)
    .bss                                     0x20000084   Section       24  switch.o(.bss)
    .bss                                     0x2000009c   Section      108  usart.o(.bss)
    .bss                                     0x20000108   Section       96  libspace.o(.bss)
    HEAP                                     0x20000168   Section      512  startup_stm32f40_41xxx.o(HEAP)
    Heap_Mem                                 0x20000168   Data         512  startup_stm32f40_41xxx.o(HEAP)
    STACK                                    0x20000368   Section     1024  startup_stm32f40_41xxx.o(STACK)
    Stack_Mem                                0x20000368   Data        1024  startup_stm32f40_41xxx.o(STACK)
    __initial_sp                             0x20000768   Data           0  startup_stm32f40_41xxx.o(STACK)

    Global Symbols

    Symbol Name                              Value     Ov Type        Size  Object(Section)

    BuildAttributes$$THM_ISAv4$E$P$D$K$B$S$7EM$VFPi3$EXTD16$VFPS$VFMA$PE$A:L22UL41UL21$X:L11$S22US41US21$IEEE1$IW$USESV6$~STKCKD$USESV7$~SHL$OSPACE$ROPI$EBA8$UX$STANDARDLIB$REQ8$PRES8$EABIv2 0x00000000   Number         0  anon$$obj.o ABSOLUTE
    __ARM_use_no_argv                        0x00000000   Number         0  main.o ABSOLUTE
    __ARM_exceptions_init                     - Undefined Weak Reference
    __alloca_initialize                       - Undefined Weak Reference
    __arm_preinit_                            - Undefined Weak Reference
    __cpp_initialize__aeabi_                  - Undefined Weak Reference
    __cxa_finalize                            - Undefined Weak Reference
    __rt_locale                               - Undefined Weak Reference
    __sigvec_lookup                           - Undefined Weak Reference
    _atexit_init                              - Undefined Weak Reference
    _call_atexit_fns                          - Undefined Weak Reference
    _clock_init                               - Undefined Weak Reference
    _fp_trap_init                             - Undefined Weak Reference
    _fp_trap_shutdown                         - Undefined Weak Reference
    _get_lc_collate                           - Undefined Weak Reference
    _get_lc_ctype                             - Undefined Weak Reference
    _get_lc_monetary                          - Undefined Weak Reference
    _get_lc_numeric                           - Undefined Weak Reference
    _get_lc_time                              - Undefined Weak Reference
    _getenv_init                              - Undefined Weak Reference
    _handle_redirection                       - Undefined Weak Reference
    _init_alloc                               - Undefined Weak Reference
    _init_user_alloc                          - Undefined Weak Reference
    _initio                                   - Undefined Weak Reference
    _printf_post_padding                      - Undefined Weak Reference
    _printf_pre_padding                       - Undefined Weak Reference
    _printf_truncate_signed                   - Undefined Weak Reference
    _printf_truncate_unsigned                 - Undefined Weak Reference
    _rand_init                                - Undefined Weak Reference
    _signal_finish                            - Undefined Weak Reference
    _signal_init                              - Undefined Weak Reference
    _terminate_alloc                          - Undefined Weak Reference
    _terminate_user_alloc                     - Undefined Weak Reference
    _terminateio                              - Undefined Weak Reference
    __Vectors_Size                           0x00000188   Number         0  startup_stm32f40_41xxx.o ABSOLUTE
    __Vectors                                0x08000000   Data           4  startup_stm32f40_41xxx.o(RESET)
    __Vectors_End                            0x08000188   Data           0  startup_stm32f40_41xxx.o(RESET)
    __main                                   0x08000189   Thumb Code     8  __main.o(!!!main)
    __scatterload                            0x08000191   Thumb Code     0  __scatter.o(!!!scatter)
    __scatterload_rt2                        0x08000191   Thumb Code    44  __scatter.o(!!!scatter)
    __scatterload_rt2_thumb_only             0x08000191   Thumb Code     0  __scatter.o(!!!scatter)
    __scatterload_null                       0x0800019f   Thumb Code     0  __scatter.o(!!!scatter)
    __scatterload_copy                       0x080001c5   Thumb Code    26  __scatter_copy.o(!!handler_copy)
    __scatterload_zeroinit                   0x080001e1   Thumb Code    28  __scatter_zi.o(!!handler_zi)
    _printf_d                                0x080001fd   Thumb Code     0  _printf_d.o(.ARM.Collect$$_printf_percent$$00000009)
    _printf_percent                          0x080001fd   Thumb Code     0  _printf_percent.o(.ARM.Collect$$_printf_percent$$00000000)
    _printf_percent_end                      0x08000203   Thumb Code     0  _printf_percent_end.o(.ARM.Collect$$_printf_percent$$00000017)
    __rt_lib_init                            0x08000207   Thumb Code     0  libinit.o(.ARM.Collect$$libinit$$00000000)
    __rt_lib_init_fp_1                       0x08000209   Thumb Code     0  libinit2.o(.ARM.Collect$$libinit$$00000001)
    __rt_lib_init_alloca_1                   0x0800020d   Thumb Code     0  libinit2.o(.ARM.Collect$$libinit$$0000002E)
    __rt_lib_init_argv_1                     0x0800020d   Thumb Code     0  libinit2.o(.ARM.Collect$$libinit$$0000002C)
    __rt_lib_init_atexit_1                   0x0800020d   Thumb Code     0  libinit2.o(.ARM.Collect$$libinit$$0000001B)
    __rt_lib_init_clock_1                    0x0800020d   Thumb Code     0  libinit2.o(.ARM.Collect$$libinit$$00000021)
    __rt_lib_init_cpp_1                      0x0800020d   Thumb Code     0  libinit2.o(.ARM.Collect$$libinit$$00000032)
    __rt_lib_init_exceptions_1               0x0800020d   Thumb Code     0  libinit2.o(.ARM.Collect$$libinit$$00000030)
    __rt_lib_init_fp_trap_1                  0x0800020d   Thumb Code     0  libinit2.o(.ARM.Collect$$libinit$$0000001F)
    __rt_lib_init_getenv_1                   0x0800020d   Thumb Code     0  libinit2.o(.ARM.Collect$$libinit$$00000023)
    __rt_lib_init_heap_1                     0x0800020d   Thumb Code     0  libinit2.o(.ARM.Collect$$libinit$$0000000A)
    __rt_lib_init_lc_collate_1               0x0800020d   Thumb Code     0  libinit2.o(.ARM.Collect$$libinit$$00000011)
    __rt_lib_init_lc_ctype_1                 0x0800020d   Thumb Code     0  libinit2.o(.ARM.Collect$$libinit$$00000013)
    __rt_lib_init_lc_monetary_1              0x0800020d   Thumb Code     0  libinit2.o(.ARM.Collect$$libinit$$00000015)
    __rt_lib_init_lc_numeric_1               0x0800020d   Thumb Code     0  libinit2.o(.ARM.Collect$$libinit$$00000017)
    __rt_lib_init_lc_time_1                  0x0800020d   Thumb Code     0  libinit2.o(.ARM.Collect$$libinit$$00000019)
    __rt_lib_init_preinit_1                  0x0800020d   Thumb Code     0  libinit2.o(.ARM.Collect$$libinit$$00000004)
    __rt_lib_init_rand_1                     0x0800020d   Thumb Code     0  libinit2.o(.ARM.Collect$$libinit$$0000000E)
    __rt_lib_init_return                     0x0800020d   Thumb Code     0  libinit2.o(.ARM.Collect$$libinit$$00000033)
    __rt_lib_init_signal_1                   0x0800020d   Thumb Code     0  libinit2.o(.ARM.Collect$$libinit$$0000001D)
    __rt_lib_init_stdio_1                    0x0800020d   Thumb Code     0  libinit2.o(.ARM.Collect$$libinit$$00000025)
    __rt_lib_init_user_alloc_1               0x0800020d   Thumb Code     0  libinit2.o(.ARM.Collect$$libinit$$0000000C)
    __rt_lib_shutdown                        0x0800020f   Thumb Code     0  libshutdown.o(.ARM.Collect$$libshutdown$$00000000)
    __rt_lib_shutdown_cpp_1                  0x08000211   Thumb Code     0  libshutdown2.o(.ARM.Collect$$libshutdown$$00000002)
    __rt_lib_shutdown_fp_trap_1              0x08000211   Thumb Code     0  libshutdown2.o(.ARM.Collect$$libshutdown$$00000007)
    __rt_lib_shutdown_heap_1                 0x08000211   Thumb Code     0  libshutdown2.o(.ARM.Collect$$libshutdown$$0000000F)
    __rt_lib_shutdown_return                 0x08000211   Thumb Code     0  libshutdown2.o(.ARM.Collect$$libshutdown$$00000010)
    __rt_lib_shutdown_signal_1               0x08000211   Thumb Code     0  libshutdown2.o(.ARM.Collect$$libshutdown$$0000000A)
    __rt_lib_shutdown_stdio_1                0x08000211   Thumb Code     0  libshutdown2.o(.ARM.Collect$$libshutdown$$00000004)
    __rt_lib_shutdown_user_alloc_1           0x08000211   Thumb Code     0  libshutdown2.o(.ARM.Collect$$libshutdown$$0000000C)
    __rt_entry                               0x08000213   Thumb Code     0  __rtentry.o(.ARM.Collect$$rtentry$$00000000)
    __rt_entry_presh_1                       0x08000213   Thumb Code     0  __rtentry2.o(.ARM.Collect$$rtentry$$00000002)
    __rt_entry_sh                            0x08000213   Thumb Code     0  __rtentry4.o(.ARM.Collect$$rtentry$$00000004)
    __rt_entry_li                            0x08000219   Thumb Code     0  __rtentry2.o(.ARM.Collect$$rtentry$$0000000A)
    __rt_entry_postsh_1                      0x08000219   Thumb Code     0  __rtentry2.o(.ARM.Collect$$rtentry$$00000009)
    __rt_entry_main                          0x0800021d   Thumb Code     0  __rtentry2.o(.ARM.Collect$$rtentry$$0000000D)
    __rt_entry_postli_1                      0x0800021d   Thumb Code     0  __rtentry2.o(.ARM.Collect$$rtentry$$0000000C)
    __rt_exit                                0x08000225   Thumb Code     0  rtexit.o(.ARM.Collect$$rtexit$$00000000)
    __rt_exit_ls                             0x08000227   Thumb Code     0  rtexit2.o(.ARM.Collect$$rtexit$$00000003)
    __rt_exit_prels_1                        0x08000227   Thumb Code     0  rtexit2.o(.ARM.Collect$$rtexit$$00000002)
    __rt_exit_exit                           0x0800022b   Thumb Code     0  rtexit2.o(.ARM.Collect$$rtexit$$00000004)
    Reset_Handler                            0x08000231   Thumb Code     8  startup_stm32f40_41xxx.o(.text)
    ADC_IRQHandler                           0x0800024b   Thumb Code     0  startup_stm32f40_41xxx.o(.text)
    CAN1_RX0_IRQHandler                      0x0800024b   Thumb Code     0  startup_stm32f40_41xxx.o(.text)
    CAN1_RX1_IRQHandler                      0x0800024b   Thumb Code     0  startup_stm32f40_41xxx.o(.text)
    CAN1_SCE_IRQHandler                      0x0800024b   Thumb Code     0  startup_stm32f40_41xxx.o(.text)
    CAN1_TX_IRQHandler                       0x0800024b   Thumb Code     0  startup_stm32f40_41xxx.o(.text)
    CAN2_RX0_IRQHandler                      0x0800024b   Thumb Code     0  startup_stm32f40_41xxx.o(.text)
    CAN2_RX1_IRQHandler                      0x0800024b   Thumb Code     0  startup_stm32f40_41xxx.o(.text)
    CAN2_SCE_IRQHandler                      0x0800024b   Thumb Code     0  startup_stm32f40_41xxx.o(.text)
    CAN2_TX_IRQHandler                       0x0800024b   Thumb Code     0  startup_stm32f40_41xxx.o(.text)
    CRYP_IRQHandler                          0x0800024b   Thumb Code     0  startup_stm32f40_41xxx.o(.text)
    DCMI_IRQHandler                          0x0800024b   Thumb Code     0  startup_stm32f40_41xxx.o(.text)
    DMA1_Stream0_IRQHandler                  0x0800024b   Thumb Code     0  startup_stm32f40_41xxx.o(.text)
    DMA1_Stream1_IRQHandler                  0x0800024b   Thumb Code     0  startup_stm32f40_41xxx.o(.text)
    DMA1_Stream2_IRQHandler                  0x0800024b   Thumb Code     0  startup_stm32f40_41xxx.o(.text)
    DMA1_Stream3_IRQHandler                  0x0800024b   Thumb Code     0  startup_stm32f40_41xxx.o(.text)
    DMA1_Stream4_IRQHandler                  0x0800024b   Thumb Code     0  startup_stm32f40_41xxx.o(.text)
    DMA1_Stream5_IRQHandler                  0x0800024b   Thumb Code     0  startup_stm32f40_41xxx.o(.text)
    DMA1_Stream6_IRQHandler                  0x0800024b   Thumb Code     0  startup_stm32f40_41xxx.o(.text)
    DMA1_Stream7_IRQHandler                  0x0800024b   Thumb Code     0  startup_stm32f40_41xxx.o(.text)
    DMA2_Stream0_IRQHandler                  0x0800024b   Thumb Code     0  startup_stm32f40_41xxx.o(.text)
    DMA2_Stream1_IRQHandler                  0x0800024b   Thumb Code     0  startup_stm32f40_41xxx.o(.text)
    DMA2_Stream2_IRQHandler                  0x0800024b   Thumb Code     0  startup_stm32f40_41xxx.o(.text)
    DMA2_Stream3_IRQHandler                  0x0800024b   Thumb Code     0  startup_stm32f40_41xxx.o(.text)
    DMA2_Stream4_IRQHandler                  0x0800024b   Thumb Code     0  startup_stm32f40_41xxx.o(.text)
    DMA2_Stream5_IRQHandler                  0x0800024b   Thumb Code     0  startup_stm32f40_41xxx.o(.text)
    DMA2_Stream6_IRQHandler                  0x0800024b   Thumb Code     0  startup_stm32f40_41xxx.o(.text)
    DMA2_Stream7_IRQHandler                  0x0800024b   Thumb Code     0  startup_stm32f40_41xxx.o(.text)
    ETH_IRQHandler                           0x0800024b   Thumb Code     0  startup_stm32f40_41xxx.o(.text)
    ETH_WKUP_IRQHandler                      0x0800024b   Thumb Code     0  startup_stm32f40_41xxx.o(.text)
    EXTI3_IRQHandler                         0x0800024b   Thumb Code     0  startup_stm32f40_41xxx.o(.text)
    FLASH_IRQHandler                         0x0800024b   Thumb Code     0  startup_stm32f40_41xxx.o(.text)
    FPU_IRQHandler                           0x0800024b   Thumb Code     0  startup_stm32f40_41xxx.o(.text)
    FSMC_IRQHandler                          0x0800024b   Thumb Code     0  startup_stm32f40_41xxx.o(.text)
    HASH_RNG_IRQHandler                      0x0800024b   Thumb Code     0  startup_stm32f40_41xxx.o(.text)
    I2C1_ER_IRQHandler                       0x0800024b   Thumb Code     0  startup_stm32f40_41xxx.o(.text)
    I2C1_EV_IRQHandler                       0x0800024b   Thumb Code     0  startup_stm32f40_41xxx.o(.text)
    I2C2_ER_IRQHandler                       0x0800024b   Thumb Code     0  startup_stm32f40_41xxx.o(.text)
    I2C2_EV_IRQHandler                       0x0800024b   Thumb Code     0  startup_stm32f40_41xxx.o(.text)
    I2C3_ER_IRQHandler                       0x0800024b   Thumb Code     0  startup_stm32f40_41xxx.o(.text)
    I2C3_EV_IRQHandler                       0x0800024b   Thumb Code     0  startup_stm32f40_41xxx.o(.text)
    OTG_FS_IRQHandler                        0x0800024b   Thumb Code     0  startup_stm32f40_41xxx.o(.text)
    OTG_FS_WKUP_IRQHandler                   0x0800024b   Thumb Code     0  startup_stm32f40_41xxx.o(.text)
    OTG_HS_EP1_IN_IRQHandler                 0x0800024b   Thumb Code     0  startup_stm32f40_41xxx.o(.text)
    OTG_HS_EP1_OUT_IRQHandler                0x0800024b   Thumb Code     0  startup_stm32f40_41xxx.o(.text)
    OTG_HS_IRQHandler                        0x0800024b   Thumb Code     0  startup_stm32f40_41xxx.o(.text)
    OTG_HS_WKUP_IRQHandler                   0x0800024b   Thumb Code     0  startup_stm32f40_41xxx.o(.text)
    PVD_IRQHandler                           0x0800024b   Thumb Code     0  startup_stm32f40_41xxx.o(.text)
    RCC_IRQHandler                           0x0800024b   Thumb Code     0  startup_stm32f40_41xxx.o(.text)
    RTC_Alarm_IRQHandler                     0x0800024b   Thumb Code     0  startup_stm32f40_41xxx.o(.text)
    RTC_WKUP_IRQHandler                      0x0800024b   Thumb Code     0  startup_stm32f40_41xxx.o(.text)
    SDIO_IRQHandler                          0x0800024b   Thumb Code     0  startup_stm32f40_41xxx.o(.text)
    SPI1_IRQHandler                          0x0800024b   Thumb Code     0  startup_stm32f40_41xxx.o(.text)
    SPI2_IRQHandler                          0x0800024b   Thumb Code     0  startup_stm32f40_41xxx.o(.text)
    SPI3_IRQHandler                          0x0800024b   Thumb Code     0  startup_stm32f40_41xxx.o(.text)
    TAMP_STAMP_IRQHandler                    0x0800024b   Thumb Code     0  startup_stm32f40_41xxx.o(.text)
    TIM1_BRK_TIM9_IRQHandler                 0x0800024b   Thumb Code     0  startup_stm32f40_41xxx.o(.text)
    TIM1_CC_IRQHandler                       0x0800024b   Thumb Code     0  startup_stm32f40_41xxx.o(.text)
    TIM1_TRG_COM_TIM11_IRQHandler            0x0800024b   Thumb Code     0  startup_stm32f40_41xxx.o(.text)
    TIM1_UP_TIM10_IRQHandler                 0x0800024b   Thumb Code     0  startup_stm32f40_41xxx.o(.text)
    TIM6_DAC_IRQHandler                      0x0800024b   Thumb Code     0  startup_stm32f40_41xxx.o(.text)
    TIM7_IRQHandler                          0x0800024b   Thumb Code     0  startup_stm32f40_41xxx.o(.text)
    TIM8_BRK_TIM12_IRQHandler                0x0800024b   Thumb Code     0  startup_stm32f40_41xxx.o(.text)
    TIM8_CC_IRQHandler                       0x0800024b   Thumb Code     0  startup_stm32f40_41xxx.o(.text)
    TIM8_TRG_COM_TIM14_IRQHandler            0x0800024b   Thumb Code     0  startup_stm32f40_41xxx.o(.text)
    TIM8_UP_TIM13_IRQHandler                 0x0800024b   Thumb Code     0  startup_stm32f40_41xxx.o(.text)
    UART4_IRQHandler                         0x0800024b   Thumb Code     0  startup_stm32f40_41xxx.o(.text)
    UART5_IRQHandler                         0x0800024b   Thumb Code     0  startup_stm32f40_41xxx.o(.text)
    USART1_IRQHandler                        0x0800024b   Thumb Code     0  startup_stm32f40_41xxx.o(.text)
    USART2_IRQHandler                        0x0800024b   Thumb Code     0  startup_stm32f40_41xxx.o(.text)
    USART6_IRQHandler                        0x0800024b   Thumb Code     0  startup_stm32f40_41xxx.o(.text)
    WWDG_IRQHandler                          0x0800024b   Thumb Code     0  startup_stm32f40_41xxx.o(.text)
    __user_initial_stackheap                 0x0800024d   Thumb Code     0  startup_stm32f40_41xxx.o(.text)
    __2sprintf                               0x08000271   Thumb Code    34  noretval__2sprintf.o(.text)
    __printf                                 0x08000299   Thumb Code   104  __printf.o(.text)
    _printf_int_dec                          0x08000301   Thumb Code   104  _printf_dec.o(.text)
    strlen                                   0x08000379   Thumb Code    62  strlen.o(.text)
    __aeabi_memcpy                           0x080003b7   Thumb Code     0  rt_memcpy_v6.o(.text)
    __rt_memcpy                              0x080003b7   Thumb Code   138  rt_memcpy_v6.o(.text)
    _memcpy_lastbytes                        0x0800041d   Thumb Code     0  rt_memcpy_v6.o(.text)
    __aeabi_memmove                          0x08000441   Thumb Code     0  rt_memmove_v6.o(.text)
    __rt_memmove                             0x08000441   Thumb Code   132  rt_memmove_v6.o(.text)
    __memmove_lastfew                        0x080004a1   Thumb Code     0  rt_memmove_v6.o(.text)
    __aeabi_memcpy4                          0x080004c5   Thumb Code     0  rt_memcpy_w.o(.text)
    __aeabi_memcpy8                          0x080004c5   Thumb Code     0  rt_memcpy_w.o(.text)
    __rt_memcpy_w                            0x080004c5   Thumb Code   100  rt_memcpy_w.o(.text)
    _memcpy_lastbytes_aligned                0x0800050d   Thumb Code     0  rt_memcpy_w.o(.text)
    __aeabi_memclr                           0x08000529   Thumb Code     0  rt_memclr.o(.text)
    __rt_memclr                              0x08000529   Thumb Code    68  rt_memclr.o(.text)
    _memset                                  0x0800052d   Thumb Code     0  rt_memclr.o(.text)
    __aeabi_memclr4                          0x0800056d   Thumb Code     0  rt_memclr_w.o(.text)
    __aeabi_memclr8                          0x0800056d   Thumb Code     0  rt_memclr_w.o(.text)
    __rt_memclr_w                            0x0800056d   Thumb Code    78  rt_memclr_w.o(.text)
    _memset_w                                0x08000571   Thumb Code     0  rt_memclr_w.o(.text)
    strcmp                                   0x080005bd   Thumb Code   128  strcmpv7m.o(.text)
    __use_two_region_memory                  0x0800063d   Thumb Code     2  heapauxi.o(.text)
    __rt_heap_escrow$2region                 0x0800063f   Thumb Code     2  heapauxi.o(.text)
    __rt_heap_expand$2region                 0x08000641   Thumb Code     2  heapauxi.o(.text)
    _printf_int_common                       0x08000643   Thumb Code   178  _printf_intcommon.o(.text)
    _printf_char_common                      0x080006ff   Thumb Code    32  _printf_char_common.o(.text)
    _sputc                                   0x08000725   Thumb Code    10  _sputc.o(.text)
    __aeabi_memmove4                         0x0800072f   Thumb Code     0  rt_memmove_w.o(.text)
    __aeabi_memmove8                         0x0800072f   Thumb Code     0  rt_memmove_w.o(.text)
    __rt_memmove_w                           0x0800072f   Thumb Code   122  rt_memmove_w.o(.text)
    __memmove_aligned                        0x08000755   Thumb Code     0  rt_memmove_w.o(.text)
    __memmove_lastfew_aligned                0x0800078d   Thumb Code     0  rt_memmove_w.o(.text)
    __user_setup_stackheap                   0x080007a9   Thumb Code    74  sys_stackheap_outer.o(.text)
    exit                                     0x080007f3   Thumb Code    18  exit.o(.text)
    __user_libspace                          0x08000805   Thumb Code     8  libspace.o(.text)
    __user_perproc_libspace                  0x08000805   Thumb Code     0  libspace.o(.text)
    __user_perthread_libspace                0x08000805   Thumb Code     0  libspace.o(.text)
    _sys_exit                                0x0800080d   Thumb Code     8  sys_exit.o(.text)
    __I$use$semihosting                      0x08000819   Thumb Code     0  use_no_semi.o(.text)
    __use_no_semihosting_swi                 0x08000819   Thumb Code     2  use_no_semi.o(.text)
    BusFault_Handler                         0x0800081b   Thumb Code     4  stm32f4xx_it.o(i.BusFault_Handler)
    __semihosting_library_function           0x0800081b   Thumb Code     0  indicate_semi.o(.text)
    DRV_Check_T                              0x08000821   Thumb Code    70  motor.o(i.DRV_Check_T)
    DRV_Check_X                              0x08000871   Thumb Code    70  motor.o(i.DRV_Check_X)
    DRV_Check_Y                              0x080008c1   Thumb Code    70  motor.o(i.DRV_Check_Y)
    DRV_Check_Z                              0x08000911   Thumb Code    70  motor.o(i.DRV_Check_Z)
    DRV_Motor_Control                        0x08000961   Thumb Code   100  motor.o(i.DRV_Motor_Control)
    DRV_Motor_GPIO_Init                      0x080009c5   Thumb Code   242  motor.o(i.DRV_Motor_GPIO_Init)
    DRV_Motor_Init                           0x08000acd   Thumb Code   232  motor.o(i.DRV_Motor_Init)
    DRV_PWM_T                                0x08000bcd   Thumb Code    26  motor.o(i.DRV_PWM_T)
    DRV_PWM_X                                0x08000bed   Thumb Code    26  motor.o(i.DRV_PWM_X)
    DRV_PWM_Y                                0x08000c0d   Thumb Code    26  motor.o(i.DRV_PWM_Y)
    DRV_PWM_Z                                0x08000c2d   Thumb Code    26  motor.o(i.DRV_PWM_Z)
    DRV_SPEED_LEVEL                          0x08000c4d   Thumb Code    88  motor.o(i.DRV_SPEED_LEVEL)
    DRV_SWITCH_X_Init                        0x08000cc1   Thumb Code   292  switch.o(i.DRV_SWITCH_X_Init)
    DRV_SWITCH_Y_Init                        0x08000ded   Thumb Code   198  switch.o(i.DRV_SWITCH_Y_Init)
    DRV_SWITCH_Z_Init                        0x08000eb9   Thumb Code   176  switch.o(i.DRV_SWITCH_Z_Init)
    DRV_TimerT_Close                         0x08000f6d   Thumb Code    18  timer.o(i.DRV_TimerT_Close)
    DRV_TimerT_Init                          0x08000f8d   Thumb Code    88  timer.o(i.DRV_TimerT_Init)
    DRV_TimerX_Close                         0x08000fe9   Thumb Code    20  timer.o(i.DRV_TimerX_Close)
    DRV_TimerX_Init                          0x08001005   Thumb Code    90  timer.o(i.DRV_TimerX_Init)
    DRV_TimerY_Close                         0x08001061   Thumb Code    18  timer.o(i.DRV_TimerY_Close)
    DRV_TimerY_Init                          0x08001081   Thumb Code    88  timer.o(i.DRV_TimerY_Init)
    DRV_TimerZ_Close                         0x080010dd   Thumb Code    18  timer.o(i.DRV_TimerZ_Close)
    DRV_TimerZ_Init                          0x080010fd   Thumb Code    88  timer.o(i.DRV_TimerZ_Init)
    DRV_cmd_deal                             0x08001159   Thumb Code  1394  usart.o(i.DRV_cmd_deal)
    DRV_motor_deal                           0x0800171d   Thumb Code    86  motor.o(i.DRV_motor_deal)
    DRV_motor_run                            0x08001775   Thumb Code   170  motor.o(i.DRV_motor_run)
    DRV_motor_set_switch                     0x0800182d   Thumb Code   230  motor.o(i.DRV_motor_set_switch)
    DRV_motor_stop                           0x08001925   Thumb Code    50  motor.o(i.DRV_motor_stop)
    DRV_queue_Init                           0x08001959   Thumb Code    32  usart.o(i.DRV_queue_Init)
    DRV_queue_check                          0x0800197d   Thumb Code     8  usart.o(i.DRV_queue_check)
    DRV_queue_delete_frame_count             0x08001989   Thumb Code    24  usart.o(i.DRV_queue_delete_frame_count)
    DRV_queue_pull                           0x080019a5   Thumb Code    68  usart.o(i.DRV_queue_pull)
    DRV_queue_push                           0x080019ed   Thumb Code    98  usart.o(i.DRV_queue_push)
    DRV_read_one_nums                        0x08001a55   Thumb Code    76  usart.o(i.DRV_read_one_nums)
    DRV_switch_Init                          0x08001aa1   Thumb Code    16  switch.o(i.DRV_switch_Init)
    DRV_switch_deal                          0x08001ab1   Thumb Code   348  switch.o(i.DRV_switch_deal)
    DRV_switch_judge                         0x08001c0d   Thumb Code   138  switch.o(i.DRV_switch_judge)
    DebugMon_Handler                         0x08001ca1   Thumb Code     2  stm32f4xx_it.o(i.DebugMon_Handler)
    EXTI0_IRQHandler                         0x08001ca5   Thumb Code    50  switch.o(i.EXTI0_IRQHandler)
    EXTI15_10_IRQHandler                     0x08001cdd   Thumb Code   192  switch.o(i.EXTI15_10_IRQHandler)
    EXTI1_IRQHandler                         0x08001da1   Thumb Code    50  switch.o(i.EXTI1_IRQHandler)
    EXTI2_IRQHandler                         0x08001dd9   Thumb Code    50  switch.o(i.EXTI2_IRQHandler)
    EXTI4_IRQHandler                         0x08001e11   Thumb Code    50  switch.o(i.EXTI4_IRQHandler)
    EXTI9_5_IRQHandler                       0x08001e49   Thumb Code   154  switch.o(i.EXTI9_5_IRQHandler)
    EXTI_ClearITPendingBit                   0x08001ee9   Thumb Code     6  stm32f4xx_exti.o(i.EXTI_ClearITPendingBit)
    EXTI_GetITStatus                         0x08001ef5   Thumb Code    20  stm32f4xx_exti.o(i.EXTI_GetITStatus)
    EXTI_Init                                0x08001f0d   Thumb Code   142  stm32f4xx_exti.o(i.EXTI_Init)
    GPIO_Init                                0x08001fa1   Thumb Code   144  stm32f4xx_gpio.o(i.GPIO_Init)
    GPIO_PinAFConfig                         0x08002031   Thumb Code    70  stm32f4xx_gpio.o(i.GPIO_PinAFConfig)
    GPIO_ReadInputDataBit                    0x08002077   Thumb Code    18  stm32f4xx_gpio.o(i.GPIO_ReadInputDataBit)
    GPIO_ResetBits                           0x08002089   Thumb Code     4  stm32f4xx_gpio.o(i.GPIO_ResetBits)
    GPIO_SetBits                             0x0800208d   Thumb Code     4  stm32f4xx_gpio.o(i.GPIO_SetBits)
    HardFault_Handler                        0x08002091   Thumb Code     6  stm32f4xx_it.o(i.HardFault_Handler)
    MemManage_Handler                        0x08002097   Thumb Code     4  stm32f4xx_it.o(i.MemManage_Handler)
    NMI_Handler                              0x0800209b   Thumb Code     2  stm32f4xx_it.o(i.NMI_Handler)
    NVIC_Init                                0x0800209d   Thumb Code   106  misc.o(i.NVIC_Init)
    NVIC_PriorityGroupConfig                 0x08002115   Thumb Code    10  misc.o(i.NVIC_PriorityGroupConfig)
    PendSV_Handler                           0x08002129   Thumb Code     2  stm32f4xx_it.o(i.PendSV_Handler)
    RCC_AHB1PeriphClockCmd                   0x0800212d   Thumb Code    26  stm32f4xx_rcc.o(i.RCC_AHB1PeriphClockCmd)
    RCC_APB1PeriphClockCmd                   0x0800214d   Thumb Code    26  stm32f4xx_rcc.o(i.RCC_APB1PeriphClockCmd)
    RCC_APB2PeriphClockCmd                   0x0800216d   Thumb Code    26  stm32f4xx_rcc.o(i.RCC_APB2PeriphClockCmd)
    RCC_GetClocksFreq                        0x0800218d   Thumb Code   214  stm32f4xx_rcc.o(i.RCC_GetClocksFreq)
    SVC_Handler                              0x08002275   Thumb Code     2  stm32f4xx_it.o(i.SVC_Handler)
    SYSCFG_EXTILineConfig                    0x08002279   Thumb Code    60  stm32f4xx_syscfg.o(i.SYSCFG_EXTILineConfig)
    SendDataToPC                             0x080022b9   Thumb Code    12  usart.o(i.SendDataToPC)
    SysTick_CLKSourceConfig                  0x080023b1   Thumb Code    40  misc.o(i.SysTick_CLKSourceConfig)
    SysTick_Handler                          0x080023d9   Thumb Code     2  stm32f4xx_it.o(i.SysTick_Handler)
    SystemInit                               0x080023dd   Thumb Code    88  system_stm32f4xx.o(i.SystemInit)
    TIM2_IRQHandler                          0x08002445   Thumb Code    32  timer.o(i.TIM2_IRQHandler)
    TIM3_IRQHandler                          0x08002465   Thumb Code    32  timer.o(i.TIM3_IRQHandler)
    TIM4_IRQHandler                          0x08002489   Thumb Code    32  timer.o(i.TIM4_IRQHandler)
    TIM5_IRQHandler                          0x080024ad   Thumb Code    32  timer.o(i.TIM5_IRQHandler)
    TIM_ClearITPendingBit                    0x080024d1   Thumb Code     6  stm32f4xx_tim.o(i.TIM_ClearITPendingBit)
    TIM_Cmd                                  0x080024d7   Thumb Code    24  stm32f4xx_tim.o(i.TIM_Cmd)
    TIM_GetITStatus                          0x080024ef   Thumb Code    34  stm32f4xx_tim.o(i.TIM_GetITStatus)
    TIM_ITConfig                             0x08002511   Thumb Code    18  stm32f4xx_tim.o(i.TIM_ITConfig)
    TIM_TimeBaseInit                         0x08002525   Thumb Code   104  stm32f4xx_tim.o(i.TIM_TimeBaseInit)
    USART3_IRQHandler                        0x080025a9   Thumb Code    30  usart.o(i.USART3_IRQHandler)
    USART3_Send_One_Byte                     0x080025cd   Thumb Code    28  usart.o(i.USART3_Send_One_Byte)
    USART3_Send_Str                          0x080025ed   Thumb Code    22  usart.o(i.USART3_Send_Str)
    USART_Cmd                                0x08002603   Thumb Code    24  stm32f4xx_usart.o(i.USART_Cmd)
    USART_GetFlagStatus                      0x0800261b   Thumb Code    26  stm32f4xx_usart.o(i.USART_GetFlagStatus)
    USART_GetITStatus                        0x08002635   Thumb Code    84  stm32f4xx_usart.o(i.USART_GetITStatus)
    USART_ITConfig                           0x08002689   Thumb Code    74  stm32f4xx_usart.o(i.USART_ITConfig)
    USART_Init                               0x080026d5   Thumb Code   204  stm32f4xx_usart.o(i.USART_Init)
    USART_ReceiveData                        0x080027a9   Thumb Code    10  stm32f4xx_usart.o(i.USART_ReceiveData)
    USART_SendData                           0x080027b3   Thumb Code     8  stm32f4xx_usart.o(i.USART_SendData)
    UsageFault_Handler                       0x080027bb   Thumb Code     4  stm32f4xx_it.o(i.UsageFault_Handler)
    delay_init                               0x080027c1   Thumb Code    52  delay.o(i.delay_init)
    main                                     0x080027fd   Thumb Code    64  main.o(i.main)
    uart_init                                0x0800283d   Thumb Code   168  usart.o(i.uart_init)
    _fp_init                                 0x080028ed   Thumb Code    10  fpinit.o(x$fpl$fpinit)
    __fplib_config_fpu_vfp                   0x080028f5   Thumb Code     0  fpinit.o(x$fpl$fpinit)
    __fplib_config_pureend_doubles           0x080028f5   Thumb Code     0  fpinit.o(x$fpl$fpinit)
    Region$$Table$$Base                      0x08002960   Number         0  anon$$obj.o(Region$$Table)
    Region$$Table$$Limit                     0x08002980   Number         0  anon$$obj.o(Region$$Table)
    motor_temp                               0x20000084   Data          24  switch.o(.bss)
    Global_Queue_usart                       0x2000009c   Data         108  usart.o(.bss)
    __libspace_start                         0x20000108   Data          96  libspace.o(.bss)
    __temporary_stack_top$libspace           0x20000168   Data           0  libspace.o(.bss)



==============================================================================

Memory Map of the image

  Image Entry point : 0x08000189

  Load Region LR_IROM1 (Base: 0x08000000, Size: 0x00002994, Max: 0x00100000, ABSOLUTE)

    Execution Region ER_IROM1 (Base: 0x08000000, Size: 0x00002980, Max: 0x00100000, ABSOLUTE)

    Base Addr    Size         Type   Attr      Idx    E Section Name        Object

    0x08000000   0x00000188   Data   RO          844    RESET               startup_stm32f40_41xxx.o
    0x08000188   0x00000008   Code   RO         2241  * !!!main             c_w.l(__main.o)
    0x08000190   0x00000034   Code   RO         2409    !!!scatter          c_w.l(__scatter.o)
    0x080001c4   0x0000001a   Code   RO         2411    !!handler_copy      c_w.l(__scatter_copy.o)
    0x080001de   0x00000002   PAD
    0x080001e0   0x0000001c   Code   RO         2413    !!handler_zi        c_w.l(__scatter_zi.o)
    0x080001fc   0x00000000   Code   RO         2224    .ARM.Collect$$_printf_percent$$00000000  c_w.l(_printf_percent.o)
    0x080001fc   0x00000006   Code   RO         2223    .ARM.Collect$$_printf_percent$$00000009  c_w.l(_printf_d.o)
    0x08000202   0x00000004   Code   RO         2250    .ARM.Collect$$_printf_percent$$00000017  c_w.l(_printf_percent_end.o)
    0x08000206   0x00000002   Code   RO         2279    .ARM.Collect$$libinit$$00000000  c_w.l(libinit.o)
    0x08000208   0x00000004   Code   RO         2285    .ARM.Collect$$libinit$$00000001  c_w.l(libinit2.o)
    0x0800020c   0x00000000   Code   RO         2288    .ARM.Collect$$libinit$$00000004  c_w.l(libinit2.o)
    0x0800020c   0x00000000   Code   RO         2291    .ARM.Collect$$libinit$$0000000A  c_w.l(libinit2.o)
    0x0800020c   0x00000000   Code   RO         2293    .ARM.Collect$$libinit$$0000000C  c_w.l(libinit2.o)
    0x0800020c   0x00000000   Code   RO         2295    .ARM.Collect$$libinit$$0000000E  c_w.l(libinit2.o)
    0x0800020c   0x00000000   Code   RO         2298    .ARM.Collect$$libinit$$00000011  c_w.l(libinit2.o)
    0x0800020c   0x00000000   Code   RO         2300    .ARM.Collect$$libinit$$00000013  c_w.l(libinit2.o)
    0x0800020c   0x00000000   Code   RO         2302    .ARM.Collect$$libinit$$00000015  c_w.l(libinit2.o)
    0x0800020c   0x00000000   Code   RO         2304    .ARM.Collect$$libinit$$00000017  c_w.l(libinit2.o)
    0x0800020c   0x00000000   Code   RO         2306    .ARM.Collect$$libinit$$00000019  c_w.l(libinit2.o)
    0x0800020c   0x00000000   Code   RO         2308    .ARM.Collect$$libinit$$0000001B  c_w.l(libinit2.o)
    0x0800020c   0x00000000   Code   RO         2310    .ARM.Collect$$libinit$$0000001D  c_w.l(libinit2.o)
    0x0800020c   0x00000000   Code   RO         2312    .ARM.Collect$$libinit$$0000001F  c_w.l(libinit2.o)
    0x0800020c   0x00000000   Code   RO         2314    .ARM.Collect$$libinit$$00000021  c_w.l(libinit2.o)
    0x0800020c   0x00000000   Code   RO         2316    .ARM.Collect$$libinit$$00000023  c_w.l(libinit2.o)
    0x0800020c   0x00000000   Code   RO         2318    .ARM.Collect$$libinit$$00000025  c_w.l(libinit2.o)
    0x0800020c   0x00000000   Code   RO         2322    .ARM.Collect$$libinit$$0000002C  c_w.l(libinit2.o)
    0x0800020c   0x00000000   Code   RO         2324    .ARM.Collect$$libinit$$0000002E  c_w.l(libinit2.o)
    0x0800020c   0x00000000   Code   RO         2326    .ARM.Collect$$libinit$$00000030  c_w.l(libinit2.o)
    0x0800020c   0x00000000   Code   RO         2328    .ARM.Collect$$libinit$$00000032  c_w.l(libinit2.o)
    0x0800020c   0x00000002   Code   RO         2329    .ARM.Collect$$libinit$$00000033  c_w.l(libinit2.o)
    0x0800020e   0x00000002   Code   RO         2349    .ARM.Collect$$libshutdown$$00000000  c_w.l(libshutdown.o)
    0x08000210   0x00000000   Code   RO         2362    .ARM.Collect$$libshutdown$$00000002  c_w.l(libshutdown2.o)
    0x08000210   0x00000000   Code   RO         2364    .ARM.Collect$$libshutdown$$00000004  c_w.l(libshutdown2.o)
    0x08000210   0x00000000   Code   RO         2367    .ARM.Collect$$libshutdown$$00000007  c_w.l(libshutdown2.o)
    0x08000210   0x00000000   Code   RO         2370    .ARM.Collect$$libshutdown$$0000000A  c_w.l(libshutdown2.o)
    0x08000210   0x00000000   Code   RO         2372    .ARM.Collect$$libshutdown$$0000000C  c_w.l(libshutdown2.o)
    0x08000210   0x00000000   Code   RO         2375    .ARM.Collect$$libshutdown$$0000000F  c_w.l(libshutdown2.o)
    0x08000210   0x00000002   Code   RO         2376    .ARM.Collect$$libshutdown$$00000010  c_w.l(libshutdown2.o)
    0x08000212   0x00000000   Code   RO         2243    .ARM.Collect$$rtentry$$00000000  c_w.l(__rtentry.o)
    0x08000212   0x00000000   Code   RO         2254    .ARM.Collect$$rtentry$$00000002  c_w.l(__rtentry2.o)
    0x08000212   0x00000006   Code   RO         2266    .ARM.Collect$$rtentry$$00000004  c_w.l(__rtentry4.o)
    0x08000218   0x00000000   Code   RO         2256    .ARM.Collect$$rtentry$$00000009  c_w.l(__rtentry2.o)
    0x08000218   0x00000004   Code   RO         2257    .ARM.Collect$$rtentry$$0000000A  c_w.l(__rtentry2.o)
    0x0800021c   0x00000000   Code   RO         2259    .ARM.Collect$$rtentry$$0000000C  c_w.l(__rtentry2.o)
    0x0800021c   0x00000008   Code   RO         2260    .ARM.Collect$$rtentry$$0000000D  c_w.l(__rtentry2.o)
    0x08000224   0x00000002   Code   RO         2283    .ARM.Collect$$rtexit$$00000000  c_w.l(rtexit.o)
    0x08000226   0x00000000   Code   RO         2331    .ARM.Collect$$rtexit$$00000002  c_w.l(rtexit2.o)
    0x08000226   0x00000004   Code   RO         2332    .ARM.Collect$$rtexit$$00000003  c_w.l(rtexit2.o)
    0x0800022a   0x00000006   Code   RO         2333    .ARM.Collect$$rtexit$$00000004  c_w.l(rtexit2.o)
    0x08000230   0x00000040   Code   RO          845    .text               startup_stm32f40_41xxx.o
    0x08000270   0x00000028   Code   RO         2197    .text               c_w.l(noretval__2sprintf.o)
    0x08000298   0x00000068   Code   RO         2199    .text               c_w.l(__printf.o)
    0x08000300   0x00000078   Code   RO         2201    .text               c_w.l(_printf_dec.o)
    0x08000378   0x0000003e   Code   RO         2225    .text               c_w.l(strlen.o)
    0x080003b6   0x0000008a   Code   RO         2227    .text               c_w.l(rt_memcpy_v6.o)
    0x08000440   0x00000084   Code   RO         2229    .text               c_w.l(rt_memmove_v6.o)
    0x080004c4   0x00000064   Code   RO         2231    .text               c_w.l(rt_memcpy_w.o)
    0x08000528   0x00000044   Code   RO         2233    .text               c_w.l(rt_memclr.o)
    0x0800056c   0x0000004e   Code   RO         2235    .text               c_w.l(rt_memclr_w.o)
    0x080005ba   0x00000002   PAD
    0x080005bc   0x00000080   Code   RO         2237    .text               c_w.l(strcmpv7m.o)
    0x0800063c   0x00000006   Code   RO         2239    .text               c_w.l(heapauxi.o)
    0x08000642   0x000000b2   Code   RO         2244    .text               c_w.l(_printf_intcommon.o)
    0x080006f4   0x00000030   Code   RO         2246    .text               c_w.l(_printf_char_common.o)
    0x08000724   0x0000000a   Code   RO         2248    .text               c_w.l(_sputc.o)
    0x0800072e   0x0000007a   Code   RO         2251    .text               c_w.l(rt_memmove_w.o)
    0x080007a8   0x0000004a   Code   RO         2270    .text               c_w.l(sys_stackheap_outer.o)
    0x080007f2   0x00000012   Code   RO         2272    .text               c_w.l(exit.o)
    0x08000804   0x00000008   Code   RO         2280    .text               c_w.l(libspace.o)
    0x0800080c   0x0000000c   Code   RO         2341    .text               c_w.l(sys_exit.o)
    0x08000818   0x00000002   Code   RO         2352    .text               c_w.l(use_no_semi.o)
    0x0800081a   0x00000000   Code   RO         2354    .text               c_w.l(indicate_semi.o)
    0x0800081a   0x00000004   Code   RO          159    i.BusFault_Handler  stm32f4xx_it.o
    0x0800081e   0x00000002   PAD
    0x08000820   0x00000050   Code   RO          368    i.DRV_Check_T       motor.o
    0x08000870   0x00000050   Code   RO          369    i.DRV_Check_X       motor.o
    0x080008c0   0x00000050   Code   RO          370    i.DRV_Check_Y       motor.o
    0x08000910   0x00000050   Code   RO          371    i.DRV_Check_Z       motor.o
    0x08000960   0x00000064   Code   RO          372    i.DRV_Motor_Control  motor.o
    0x080009c4   0x00000108   Code   RO          373    i.DRV_Motor_GPIO_Init  motor.o
    0x08000acc   0x00000100   Code   RO          374    i.DRV_Motor_Init    motor.o
    0x08000bcc   0x00000020   Code   RO          375    i.DRV_PWM_T         motor.o
    0x08000bec   0x00000020   Code   RO          376    i.DRV_PWM_X         motor.o
    0x08000c0c   0x00000020   Code   RO          377    i.DRV_PWM_Y         motor.o
    0x08000c2c   0x00000020   Code   RO          378    i.DRV_PWM_Z         motor.o
    0x08000c4c   0x00000074   Code   RO          379    i.DRV_SPEED_LEVEL   motor.o
    0x08000cc0   0x0000012c   Code   RO          566    i.DRV_SWITCH_X_Init  switch.o
    0x08000dec   0x000000cc   Code   RO          567    i.DRV_SWITCH_Y_Init  switch.o
    0x08000eb8   0x000000b4   Code   RO          568    i.DRV_SWITCH_Z_Init  switch.o
    0x08000f6c   0x00000020   Code   RO          480    i.DRV_TimerT_Close  timer.o
    0x08000f8c   0x0000005c   Code   RO          481    i.DRV_TimerT_Init   timer.o
    0x08000fe8   0x0000001c   Code   RO          482    i.DRV_TimerX_Close  timer.o
    0x08001004   0x0000005a   Code   RO          483    i.DRV_TimerX_Init   timer.o
    0x0800105e   0x00000002   PAD
    0x08001060   0x00000020   Code   RO          484    i.DRV_TimerY_Close  timer.o
    0x08001080   0x0000005c   Code   RO          485    i.DRV_TimerY_Init   timer.o
    0x080010dc   0x00000020   Code   RO          486    i.DRV_TimerZ_Close  timer.o
    0x080010fc   0x0000005c   Code   RO          487    i.DRV_TimerZ_Init   timer.o
    0x08001158   0x000005c4   Code   RO          745    i.DRV_cmd_deal      usart.o
    0x0800171c   0x00000056   Code   RO          380    i.DRV_motor_deal    motor.o
    0x08001772   0x00000002   PAD
    0x08001774   0x000000b8   Code   RO          381    i.DRV_motor_run     motor.o
    0x0800182c   0x000000f8   Code   RO          382    i.DRV_motor_set_switch  motor.o
    0x08001924   0x00000032   Code   RO          383    i.DRV_motor_stop    motor.o
    0x08001956   0x00000002   PAD
    0x08001958   0x00000024   Code   RO          746    i.DRV_queue_Init    usart.o
    0x0800197c   0x0000000c   Code   RO          747    i.DRV_queue_check   usart.o
    0x08001988   0x0000001c   Code   RO          748    i.DRV_queue_delete_frame_count  usart.o
    0x080019a4   0x00000048   Code   RO          749    i.DRV_queue_pull    usart.o
    0x080019ec   0x00000068   Code   RO          750    i.DRV_queue_push    usart.o
    0x08001a54   0x0000004c   Code   RO          751    i.DRV_read_one_nums  usart.o
    0x08001aa0   0x00000010   Code   RO          569    i.DRV_switch_Init   switch.o
    0x08001ab0   0x0000015c   Code   RO          570    i.DRV_switch_deal   switch.o
    0x08001c0c   0x00000094   Code   RO          571    i.DRV_switch_judge  switch.o
    0x08001ca0   0x00000002   Code   RO          160    i.DebugMon_Handler  stm32f4xx_it.o
    0x08001ca2   0x00000002   PAD
    0x08001ca4   0x00000038   Code   RO          572    i.EXTI0_IRQHandler  switch.o
    0x08001cdc   0x000000c4   Code   RO          573    i.EXTI15_10_IRQHandler  switch.o
    0x08001da0   0x00000038   Code   RO          574    i.EXTI1_IRQHandler  switch.o
    0x08001dd8   0x00000038   Code   RO          575    i.EXTI2_IRQHandler  switch.o
    0x08001e10   0x00000038   Code   RO          576    i.EXTI4_IRQHandler  switch.o
    0x08001e48   0x000000a0   Code   RO          577    i.EXTI9_5_IRQHandler  switch.o
    0x08001ee8   0x0000000c   Code   RO         2134    i.EXTI_ClearITPendingBit  stm32f4xx_exti.o
    0x08001ef4   0x00000018   Code   RO         2138    i.EXTI_GetITStatus  stm32f4xx_exti.o
    0x08001f0c   0x00000094   Code   RO         2139    i.EXTI_Init         stm32f4xx_exti.o
    0x08001fa0   0x00000090   Code   RO          896    i.GPIO_Init         stm32f4xx_gpio.o
    0x08002030   0x00000046   Code   RO          897    i.GPIO_PinAFConfig  stm32f4xx_gpio.o
    0x08002076   0x00000012   Code   RO          900    i.GPIO_ReadInputDataBit  stm32f4xx_gpio.o
    0x08002088   0x00000004   Code   RO          903    i.GPIO_ResetBits    stm32f4xx_gpio.o
    0x0800208c   0x00000004   Code   RO          904    i.GPIO_SetBits      stm32f4xx_gpio.o
    0x08002090   0x00000006   Code   RO          161    i.HardFault_Handler  stm32f4xx_it.o
    0x08002096   0x00000004   Code   RO          162    i.MemManage_Handler  stm32f4xx_it.o
    0x0800209a   0x00000002   Code   RO          163    i.NMI_Handler       stm32f4xx_it.o
    0x0800209c   0x00000078   Code   RO          851    i.NVIC_Init         misc.o
    0x08002114   0x00000014   Code   RO          852    i.NVIC_PriorityGroupConfig  misc.o
    0x08002128   0x00000002   Code   RO          164    i.PendSV_Handler    stm32f4xx_it.o
    0x0800212a   0x00000002   PAD
    0x0800212c   0x00000020   Code   RO          993    i.RCC_AHB1PeriphClockCmd  stm32f4xx_rcc.o
    0x0800214c   0x00000020   Code   RO         1002    i.RCC_APB1PeriphClockCmd  stm32f4xx_rcc.o
    0x0800216c   0x00000020   Code   RO         1005    i.RCC_APB2PeriphClockCmd  stm32f4xx_rcc.o
    0x0800218c   0x000000e8   Code   RO         1014    i.RCC_GetClocksFreq  stm32f4xx_rcc.o
    0x08002274   0x00000002   Code   RO          165    i.SVC_Handler       stm32f4xx_it.o
    0x08002276   0x00000002   PAD
    0x08002278   0x00000040   Code   RO         1330    i.SYSCFG_EXTILineConfig  stm32f4xx_syscfg.o
    0x080022b8   0x0000000c   Code   RO          753    i.SendDataToPC      usart.o
    0x080022c4   0x000000ec   Code   RO          331    i.SetSysClock       system_stm32f4xx.o
    0x080023b0   0x00000028   Code   RO          855    i.SysTick_CLKSourceConfig  misc.o
    0x080023d8   0x00000002   Code   RO          166    i.SysTick_Handler   stm32f4xx_it.o
    0x080023da   0x00000002   PAD
    0x080023dc   0x00000068   Code   RO          333    i.SystemInit        system_stm32f4xx.o
    0x08002444   0x00000020   Code   RO          488    i.TIM2_IRQHandler   timer.o
    0x08002464   0x00000024   Code   RO          489    i.TIM3_IRQHandler   timer.o
    0x08002488   0x00000024   Code   RO          490    i.TIM4_IRQHandler   timer.o
    0x080024ac   0x00000024   Code   RO          491    i.TIM5_IRQHandler   timer.o
    0x080024d0   0x00000006   Code   RO         1582    i.TIM_ClearITPendingBit  stm32f4xx_tim.o
    0x080024d6   0x00000018   Code   RO         1587    i.TIM_Cmd           stm32f4xx_tim.o
    0x080024ee   0x00000022   Code   RO         1608    i.TIM_GetITStatus   stm32f4xx_tim.o
    0x08002510   0x00000012   Code   RO         1612    i.TIM_ITConfig      stm32f4xx_tim.o
    0x08002522   0x00000002   PAD
    0x08002524   0x00000084   Code   RO         1659    i.TIM_TimeBaseInit  stm32f4xx_tim.o
    0x080025a8   0x00000024   Code   RO          754    i.USART3_IRQHandler  usart.o
    0x080025cc   0x00000020   Code   RO          755    i.USART3_Send_One_Byte  usart.o
    0x080025ec   0x00000016   Code   RO          756    i.USART3_Send_Str   usart.o
    0x08002602   0x00000018   Code   RO         1387    i.USART_Cmd         stm32f4xx_usart.o
    0x0800261a   0x0000001a   Code   RO         1390    i.USART_GetFlagStatus  stm32f4xx_usart.o
    0x08002634   0x00000054   Code   RO         1391    i.USART_GetITStatus  stm32f4xx_usart.o
    0x08002688   0x0000004a   Code   RO         1393    i.USART_ITConfig    stm32f4xx_usart.o
    0x080026d2   0x00000002   PAD
    0x080026d4   0x000000d4   Code   RO         1394    i.USART_Init        stm32f4xx_usart.o
    0x080027a8   0x0000000a   Code   RO         1401    i.USART_ReceiveData  stm32f4xx_usart.o
    0x080027b2   0x00000008   Code   RO         1404    i.USART_SendData    stm32f4xx_usart.o
    0x080027ba   0x00000004   Code   RO          167    i.UsageFault_Handler  stm32f4xx_it.o
    0x080027be   0x00000002   PAD
    0x080027c0   0x0000003c   Code   RO          655    i.delay_init        delay.o
    0x080027fc   0x00000040   Code   RO            4    i.main              main.o
    0x0800283c   0x000000b0   Code   RO          757    i.uart_init         usart.o
    0x080028ec   0x0000000a   Code   RO         2339    x$fpl$fpinit        fz_wm.l(fpinit.o)
    0x080028f6   0x00000002   PAD
    0x080028f8   0x00000066   Data   RO          759    .constdata          usart.o
    0x0800295e   0x00000002   PAD
    0x08002960   0x00000020   Data   RO         2407    Region$$Table       anon$$obj.o


    Execution Region RW_IRAM1 (Base: 0x20000000, Size: 0x00000768, Max: 0x00020000, ABSOLUTE)

    Base Addr    Size         Type   Attr      Idx    E Section Name        Object

    0x20000000   0x00000004   Data   RW          659    .data               delay.o
    0x20000004   0x00000010   Data   RW         1046    .data               stm32f4xx_rcc.o
    0x20000014   0x00000070   Zero   RW          384    .bss                motor.o
    0x20000084   0x00000018   Zero   RW          578    .bss                switch.o
    0x2000009c   0x0000006c   Zero   RW          758    .bss                usart.o
    0x20000108   0x00000060   Zero   RW         2281    .bss                c_w.l(libspace.o)
    0x20000168   0x00000200   Zero   RW          843    HEAP                startup_stm32f40_41xxx.o
    0x20000368   0x00000400   Zero   RW          842    STACK               startup_stm32f40_41xxx.o


==============================================================================

Image component sizes


      Code (inc. data)   RO Data    RW Data    ZI Data      Debug   Object Name

        60          8          0          4          0     232121   delay.o
        64          0          0          0          0     270847   main.o
       180         24          0          0          0       1961   misc.o
      1752        178          0          0        112       9706   motor.o
        64         26        392          0       1536        816   startup_stm32f40_41xxx.o
       184         16          0          0          0       1976   stm32f4xx_exti.o
       240          0          0          0          0       3343   stm32f4xx_gpio.o
        28          0          0          0          0      51610   stm32f4xx_it.o
       328         36          0         16          0       4443   stm32f4xx_rcc.o
        64          4          0          0          0        624   stm32f4xx_syscfg.o
       214         28          0          0          0       3498   stm32f4xx_tim.o
       438          8          0          0          0       5241   stm32f4xx_usart.o
      1776         62          0          0         24       7900   switch.o
       340         32          0          0          0       1389   system_stm32f4xx.o
       630         74          0          0          0       6640   timer.o
      2082        134        102          0        108       8208   usart.o

    ----------------------------------------------------------------------
      8466        630        528         20       1780     610323   Object Totals
         0          0         32          0          0          0   (incl. Generated)
        22          0          2          0          0          0   (incl. Padding)

    ----------------------------------------------------------------------

      Code (inc. data)   RO Data    RW Data    ZI Data      Debug   Library Member Name

         8          0          0          0          0         68   __main.o
       104          0          0          0          0         84   __printf.o
         0          0          0          0          0          0   __rtentry.o
        12          0          0          0          0          0   __rtentry2.o
         6          0          0          0          0          0   __rtentry4.o
        52          8          0          0          0          0   __scatter.o
        26          0          0          0          0          0   __scatter_copy.o
        28          0          0          0          0          0   __scatter_zi.o
        48          6          0          0          0         96   _printf_char_common.o
         6          0          0          0          0          0   _printf_d.o
       120         16          0          0          0         92   _printf_dec.o
       178          0          0          0          0         88   _printf_intcommon.o
         0          0          0          0          0          0   _printf_percent.o
         4          0          0          0          0          0   _printf_percent_end.o
        10          0          0          0          0         68   _sputc.o
        18          0          0          0          0         80   exit.o
         6          0          0          0          0        152   heapauxi.o
         0          0          0          0          0          0   indicate_semi.o
         2          0          0          0          0          0   libinit.o
         6          0          0          0          0          0   libinit2.o
         2          0          0          0          0          0   libshutdown.o
         2          0          0          0          0          0   libshutdown2.o
         8          4          0          0         96         68   libspace.o
        40          6          0          0          0         84   noretval__2sprintf.o
        68          0          0          0          0         68   rt_memclr.o
        78          0          0          0          0         80   rt_memclr_w.o
       138          0          0          0          0         68   rt_memcpy_v6.o
       100          0          0          0          0         80   rt_memcpy_w.o
       132          0          0          0          0         68   rt_memmove_v6.o
       122          0          0          0          0         80   rt_memmove_w.o
         2          0          0          0          0          0   rtexit.o
        10          0          0          0          0          0   rtexit2.o
       128          0          0          0          0         68   strcmpv7m.o
        62          0          0          0          0         76   strlen.o
        12          4          0          0          0         68   sys_exit.o
        74          0          0          0          0         80   sys_stackheap_outer.o
         2          0          0          0          0         68   use_no_semi.o
        10          0          0          0          0        116   fpinit.o

    ----------------------------------------------------------------------
      1630         44          0          0         96       1800   Library Totals
         6          0          0          0          0          0   (incl. Padding)

    ----------------------------------------------------------------------

      Code (inc. data)   RO Data    RW Data    ZI Data      Debug   Library Name

      1614         44          0          0         96       1684   c_w.l
        10          0          0          0          0        116   fz_wm.l

    ----------------------------------------------------------------------
      1630         44          0          0         96       1800   Library Totals

    ----------------------------------------------------------------------

==============================================================================


      Code (inc. data)   RO Data    RW Data    ZI Data      Debug   

     10096        674        528         20       1876     602739   Grand Totals
     10096        674        528         20       1876     602739   ELF Image Totals
     10096        674        528         20          0          0   ROM Totals

==============================================================================

    Total RO  Size (Code + RO Data)                10624 (  10.38kB)
    Total RW  Size (RW Data + ZI Data)              1896 (   1.85kB)
    Total ROM Size (Code + RO Data + RW Data)      10644 (  10.39kB)

==============================================================================

